Product: MDK-ARM Standard 5.10
Component: ARM Compiler 5.04 update 1 (build 49)
Tool: armlink [5040049]

==============================================================================

Section Cross References

    peripherals_main.o(i.advertising_init) refers to memseta.o(.text) for __aeabi_memclr4
    peripherals_main.o(i.advertising_init) refers to ble_advertising.o(i.ble_advertising_init) for ble_advertising_init
    peripherals_main.o(i.advertising_init) refers to app_error.o(i.app_error_handler) for app_error_handler
    peripherals_main.o(i.advertising_init) refers to peripherals_main.o(.data) for m_adv_uuids
    peripherals_main.o(i.advertising_init) refers to peripherals_main.o(i.on_adv_evt) for on_adv_evt
    peripherals_main.o(i.application_timers_start) refers to app_timer.o(i.app_timer_start) for app_timer_start
    peripherals_main.o(i.application_timers_start) refers to app_error.o(i.app_error_handler) for app_error_handler
    peripherals_main.o(i.application_timers_start) refers to peripherals_main.o(.data) for m_battery_timer_id
    peripherals_main.o(i.assert_nrf_callback) refers to app_error.o(i.app_error_handler) for app_error_handler
    peripherals_main.o(i.battery_level_meas_timeout_handler) refers to peripherals_main.o(i.battery_level_update) for battery_level_update
    peripherals_main.o(i.battery_level_update) refers to sensorsim.o(i.sensorsim_measure) for sensorsim_measure
    peripherals_main.o(i.battery_level_update) refers to ble_bas.o(i.ble_bas_battery_level_update) for ble_bas_battery_level_update
    peripherals_main.o(i.battery_level_update) refers to app_error.o(i.app_error_handler) for app_error_handler
    peripherals_main.o(i.battery_level_update) refers to peripherals_main.o(.bss) for m_battery_sim_cfg
    peripherals_main.o(i.battery_level_update) refers to peripherals_main.o(.data) for m_battery_sim_state
    peripherals_main.o(i.ble_evt_dispatch) refers to device_manager_peripheral.o(i.dm_ble_evt_handler) for dm_ble_evt_handler
    peripherals_main.o(i.ble_evt_dispatch) refers to ble_hrs.o(i.ble_hrs_on_ble_evt) for ble_hrs_on_ble_evt
    peripherals_main.o(i.ble_evt_dispatch) refers to ble_bas.o(i.ble_bas_on_ble_evt) for ble_bas_on_ble_evt
    peripherals_main.o(i.ble_evt_dispatch) refers to ble_conn_params.o(i.ble_conn_params_on_ble_evt) for ble_conn_params_on_ble_evt
    peripherals_main.o(i.ble_evt_dispatch) refers to bsp_btn_ble.o(i.bsp_btn_ble_on_ble_evt) for bsp_btn_ble_on_ble_evt
    peripherals_main.o(i.ble_evt_dispatch) refers to peripherals_main.o(i.on_ble_evt) for on_ble_evt
    peripherals_main.o(i.ble_evt_dispatch) refers to ble_advertising.o(i.ble_advertising_on_ble_evt) for ble_advertising_on_ble_evt
    peripherals_main.o(i.ble_evt_dispatch) refers to peripherals_main.o(.bss) for m_hrs
    peripherals_main.o(i.ble_stack_init) refers to softdevice_handler.o(i.softdevice_handler_init) for softdevice_handler_init
    peripherals_main.o(i.ble_stack_init) refers to app_error.o(i.app_error_handler) for app_error_handler
    peripherals_main.o(i.ble_stack_init) refers to softdevice_handler.o(i.softdevice_ble_evt_handler_set) for softdevice_ble_evt_handler_set
    peripherals_main.o(i.ble_stack_init) refers to softdevice_handler.o(i.softdevice_sys_evt_handler_set) for softdevice_sys_evt_handler_set
    peripherals_main.o(i.ble_stack_init) refers to peripherals_main.o(.bss) for BLE_EVT_BUFFER
    peripherals_main.o(i.ble_stack_init) refers to peripherals_main.o(i.ble_evt_dispatch) for ble_evt_dispatch
    peripherals_main.o(i.ble_stack_init) refers to peripherals_main.o(i.sys_evt_dispatch) for sys_evt_dispatch
    peripherals_main.o(i.bsp_event_handler) refers to peripherals_main.o(i.sleep_mode_enter) for sleep_mode_enter
    peripherals_main.o(i.bsp_event_handler) refers to app_error.o(i.app_error_handler) for app_error_handler
    peripherals_main.o(i.bsp_event_handler) refers to ble_advertising.o(i.ble_advertising_restart_without_whitelist) for ble_advertising_restart_without_whitelist
    peripherals_main.o(i.bsp_event_handler) refers to peripherals_main.o(.data) for m_conn_handle
    peripherals_main.o(i.buttons_leds_init) refers to bsp.o(i.bsp_init) for bsp_init
    peripherals_main.o(i.buttons_leds_init) refers to app_error.o(i.app_error_handler) for app_error_handler
    peripherals_main.o(i.buttons_leds_init) refers to bsp_btn_ble.o(i.bsp_btn_ble_init) for bsp_btn_ble_init
    peripherals_main.o(i.buttons_leds_init) refers to peripherals_main.o(i.bsp_event_handler) for bsp_event_handler
    peripherals_main.o(i.conn_params_error_handler) refers to app_error.o(i.app_error_handler) for app_error_handler
    peripherals_main.o(i.conn_params_init) refers to memseta.o(.text) for __aeabi_memclr4
    peripherals_main.o(i.conn_params_init) refers to ble_conn_params.o(i.ble_conn_params_init) for ble_conn_params_init
    peripherals_main.o(i.conn_params_init) refers to app_error.o(i.app_error_handler) for app_error_handler
[...]
    device_context_store                     0x0001b0ed   Thumb Code   172  device_manager_peripheral.o(i.device_context_store)
    i.device_instance_allocate               0x0001b1bc   Section        0  device_manager_peripheral.o(i.device_instance_allocate)
    device_instance_allocate                 0x0001b1bd   Thumb Code   116  device_manager_peripheral.o(i.device_instance_allocate)
    i.device_instance_find                   0x0001b238   Section        0  device_manager_peripheral.o(i.device_instance_find)
    device_instance_find                     0x0001b239   Thumb Code    82  device_manager_peripheral.o(i.device_instance_find)
    i.device_instance_free                   0x0001b290   Section        0  device_manager_peripheral.o(i.device_instance_free)
    device_instance_free                     0x0001b291   Thumb Code    44  device_manager_peripheral.o(i.device_instance_free)
    i.device_manager_evt_handler             0x0001b2c0   Section        0  peripherals_main.o(i.device_manager_evt_handler)
    device_manager_evt_handler               0x0001b2c1   Thumb Code    38  peripherals_main.o(i.device_manager_evt_handler)
    i.device_manager_init                    0x0001b304   Section        0  peripherals_main.o(i.device_manager_init)
    device_manager_init                      0x0001b305   Thumb Code   188  peripherals_main.o(i.device_manager_init)
    i.dm_ble_evt_handler                     0x0001b3e8   Section        0  device_manager_peripheral.o(i.dm_ble_evt_handler)
    i.dm_handle_initialize                   0x0001ba28   Section        0  device_manager_peripheral.o(i.dm_handle_initialize)
    i.dm_init                                0x0001ba44   Section        0  device_manager_peripheral.o(i.dm_init)
    i.dm_pstorage_cb_handler                 0x0001bb4c   Section        0  device_manager_peripheral.o(i.dm_pstorage_cb_handler)
    dm_pstorage_cb_handler                   0x0001bb4d   Thumb Code   474  device_manager_peripheral.o(i.dm_pstorage_cb_handler)
    i.dm_register                            0x0001bd50   Section        0  device_manager_peripheral.o(i.dm_register)
    i.elapsed_ticks_acquire                  0x0001be0c   Section        0  app_timer.o(i.elapsed_ticks_acquire)
    elapsed_ticks_acquire                    0x0001be0d   Thumb Code    82  app_timer.o(i.elapsed_ticks_acquire)
    i.expired_timers_handler                 0x0001be70   Section        0  app_timer.o(i.expired_timers_handler)
    expired_timers_handler                   0x0001be71   Thumb Code   100  app_timer.o(i.expired_timers_handler)
    i.fifo_length                            0x0001bedc   Section        0  app_uart_fifo.o(i.fifo_length)
    fifo_length                              0x0001bedd   Thumb Code    10  app_uart_fifo.o(i.fifo_length)
    i.fifo_length                            0x0001bee6   Section        0  app_fifo.o(i.fifo_length)
    fifo_length                              0x0001bee7   Thumb Code    10  app_fifo.o(i.fifo_length)
    i.gap_params_init                        0x0001bef0   Section        0  peripherals_main.o(i.gap_params_init)
    gap_params_init                          0x0001bef1   Thumb Code   162  peripherals_main.o(i.gap_params_init)
    i.gattc_context_apply                    0x0001bfc0   Section        0  device_manager_peripheral.o(i.gattc_context_apply)
    gattc_context_apply                      0x0001bfc1   Thumb Code     6  device_manager_peripheral.o(i.gattc_context_apply)
    i.gattc_context_load                     0x0001bfc6   Section        0  device_manager_peripheral.o(i.gattc_context_load)
    gattc_context_load                       0x0001bfc7   Thumb Code     6  device_manager_peripheral.o(i.gattc_context_load)
    i.gattc_context_store                    0x0001bfcc   Section        0  device_manager_peripheral.o(i.gattc_context_store)
    gattc_context_store                      0x0001bfcd   Thumb Code     6  device_manager_peripheral.o(i.gattc_context_store)
    i.gatts_context_apply                    0x0001bfd4   Section        0  device_manager_peripheral.o(i.gatts_context_apply)
    gatts_context_apply                      0x0001bfd5   Thumb Code   222  device_manager_peripheral.o(i.gatts_context_apply)
    i.gatts_context_load                     0x0001c0c8   Section        0  device_manager_peripheral.o(i.gatts_context_load)
    gatts_context_load                       0x0001c0c9   Thumb Code    68  device_manager_peripheral.o(i.gatts_context_load)
    i.gatts_context_store                    0x0001c110   Section        0  device_manager_peripheral.o(i.gatts_context_store)
    gatts_context_store                      0x0001c111   Thumb Code   200  device_manager_peripheral.o(i.gatts_context_store)
    i.gattsc_context_apply                   0x0001c1e8   Section        0  device_manager_peripheral.o(i.gattsc_context_apply)
    gattsc_context_apply                     0x0001c1e9   Thumb Code    26  device_manager_peripheral.o(i.gattsc_context_apply)
    i.gattsc_context_load                    0x0001c202   Section        0  device_manager_peripheral.o(i.gattsc_context_load)
    gattsc_context_load                      0x0001c203   Thumb Code    30  device_manager_peripheral.o(i.gattsc_context_load)
    i.gattsc_context_store                   0x0001c220   Section        0  device_manager_peripheral.o(i.gattsc_context_store)
    gattsc_context_store                     0x0001c221   Thumb Code    30  device_manager_peripheral.o(i.gattsc_context_store)
    i.gpiote_event_handler                   0x0001c240   Section        0  app_button.o(i.gpiote_event_handler)
    gpiote_event_handler                     0x0001c241   Thumb Code   112  app_button.o(i.gpiote_event_handler)
    i.heart_rate_meas_timeout_handler        0x0001c2c0   Section        0  peripherals_main.o(i.heart_rate_meas_timeout_handler)
    heart_rate_meas_timeout_handler          0x0001c2c1   Thumb Code    94  peripherals_main.o(i.heart_rate_meas_timeout_handler)
    i.heart_rate_measurement_char_add        0x0001c358   Section        0  ble_hrs.o(i.heart_rate_measurement_char_add)
    heart_rate_measurement_char_add          0x0001c359   Thumb Code   234  ble_hrs.o(i.heart_rate_measurement_char_add)
    i.hrm_encode                             0x0001c448   Section        0  ble_hrs.o(i.hrm_encode)
    hrm_encode                               0x0001c449   Thumb Code   186  ble_hrs.o(i.hrm_encode)
    i.intern_softdevice_events_execute       0x0001c504   Section        0  softdevice_handler.o(i.intern_softdevice_events_execute)
    i.is_conn_params_ok                      0x0001c5f8   Section        0  ble_conn_params.o(i.is_conn_params_ok)
    is_conn_params_ok                        0x0001c5f9   Thumb Code    30  ble_conn_params.o(i.is_conn_params_ok)
    i.is_disabled_in_debug_needed            0x0001c61c   Section        0  system_nrf51.o(i.is_disabled_in_debug_needed)
    is_disabled_in_debug_needed              0x0001c61d   Thumb Code    52  system_nrf51.o(i.is_disabled_in_debug_needed)
    i.is_manual_peripheral_setup_needed      0x0001c654   Section        0  system_nrf51.o(i.is_manual_peripheral_setup_needed)
    is_manual_peripheral_setup_needed        0x0001c655   Thumb Code   104  system_nrf51.o(i.is_manual_peripheral_setup_needed)
    i.is_word_aligned                        0x0001c6c0   Section        0  pstorage.o(i.is_word_aligned)
    is_word_aligned                          0x0001c6c1   Thumb Code    18  pstorage.o(i.is_word_aligned)
    i.leds_timer_handler                     0x0001c6d4   Section        0  bsp.o(i.leds_timer_handler)
    leds_timer_handler                       0x0001c6d5   Thumb Code    26  bsp.o(i.leds_timer_handler)
    i.list_deletions_handler                 0x0001c6f8   Section        0  app_timer.o(i.list_deletions_handler)
    list_deletions_handler                   0x0001c6f9   Thumb Code   176  app_timer.o(i.list_deletions_handler)
    i.list_insertions_handler                0x0001c7b8   Section        0  app_timer.o(i.list_insertions_handler)
    list_insertions_handler                  0x0001c7b9   Thumb Code   276  app_timer.o(i.list_insertions_handler)
    i.main                                   0x0001c8e8   Section        0  peripherals_main.o(i.main)
    i.manuf_specific_data_encode             0x0001c960   Section        0  ble_advdata.o(i.manuf_specific_data_encode)
    manuf_specific_data_encode               0x0001c961   Thumb Code   106  ble_advdata.o(i.manuf_specific_data_encode)
    i.name_encode                            0x0001c9ca   Section        0  ble_advdata.o(i.name_encode)
    name_encode                              0x0001c9cb   Thumb Code   150  ble_advdata.o(i.name_encode)
    i.no_service_context_apply               0x0001ca60   Section        0  device_manager_peripheral.o(i.no_service_context_apply)
    no_service_context_apply                 0x0001ca61   Thumb Code     6  device_manager_peripheral.o(i.no_service_context_apply)
    i.no_service_context_load                0x0001ca66   Section        0  device_manager_peripheral.o(i.no_service_context_load)
    no_service_context_load                  0x0001ca67   Thumb Code     6  device_manager_peripheral.o(i.no_service_context_load)
    i.no_service_context_store               0x0001ca6c   Section        0  device_manager_peripheral.o(i.no_service_context_store)
    no_service_context_store                 0x0001ca6d   Thumb Code     6  device_manager_peripheral.o(i.no_service_context_store)
    i.nrf_drv_common_irq_enable              0x0001ca74   Section        0  nrf_drv_common.o(i.nrf_drv_common_irq_enable)
    i.nrf_drv_gpiote_in_event_enable         0x0001caac   Section        0  nrf_drv_gpiote.o(i.nrf_drv_gpiote_in_event_enable)
    i.nrf_drv_gpiote_in_init                 0x0001cb5c   Section        0  nrf_drv_gpiote.o(i.nrf_drv_gpiote_in_init)
    i.nrf_drv_gpiote_in_is_set               0x0001cc50   Section        0  nrf_drv_gpiote.o(i.nrf_drv_gpiote_in_is_set)
    i.nrf_drv_gpiote_init                    0x0001cc70   Section        0  nrf_drv_gpiote.o(i.nrf_drv_gpiote_init)
    i.nrf_drv_gpiote_is_init                 0x0001ccc0   Section        0  nrf_drv_gpiote.o(i.nrf_drv_gpiote_is_init)
    i.nrf_gpio_cfg_sense_set                 0x0001ccd4   Section        0  nrf_drv_gpiote.o(i.nrf_gpio_cfg_sense_set)
    nrf_gpio_cfg_sense_set                   0x0001ccd5   Thumb Code    70  nrf_drv_gpiote.o(i.nrf_gpio_cfg_sense_set)
    i.nrf_gpiote_event_addr_get              0x0001cd1c   Section        0  nrf_drv_gpiote.o(i.nrf_gpiote_event_addr_get)
    nrf_gpiote_event_addr_get                0x0001cd1d   Thumb Code     8  nrf_drv_gpiote.o(i.nrf_gpiote_event_addr_get)
    i.nrf_gpiote_event_clear                 0x0001cd28   Section        0  nrf_drv_gpiote.o(i.nrf_gpiote_event_clear)
    nrf_gpiote_event_clear                   0x0001cd29   Thumb Code    16  nrf_drv_gpiote.o(i.nrf_gpiote_event_clear)
    i.nrf_gpiote_event_is_set                0x0001cd38   Section        0  nrf_drv_gpiote.o(i.nrf_gpiote_event_is_set)
    nrf_gpiote_event_is_set                  0x0001cd39   Thumb Code    22  nrf_drv_gpiote.o(i.nrf_gpiote_event_is_set)
    i.nrf_gpiote_int_enable                  0x0001cd50   Section        0  nrf_drv_gpiote.o(i.nrf_gpiote_int_enable)
    nrf_gpiote_int_enable                    0x0001cd51   Thumb Code     6  nrf_drv_gpiote.o(i.nrf_gpiote_int_enable)
    i.on_adv_evt                             0x0001cd5c   Section        0  peripherals_main.o(i.on_adv_evt)
    on_adv_evt                               0x0001cd5d   Thumb Code    58  peripherals_main.o(i.on_adv_evt)
    i.on_ble_evt                             0x0001cdb4   Section        0  peripherals_main.o(i.on_ble_evt)
    on_ble_evt                               0x0001cdb5   Thumb Code    72  peripherals_main.o(i.on_ble_evt)
    i.on_conn_params_evt                     0x0001ce20   Section        0  peripherals_main.o(i.on_conn_params_evt)
    on_conn_params_evt                       0x0001ce21   Thumb Code    46  peripherals_main.o(i.on_conn_params_evt)
    i.on_conn_params_update                  0x0001ce74   Section        0  ble_conn_params.o(i.on_conn_params_update)
    on_conn_params_update                    0x0001ce75   Thumb Code    20  ble_conn_params.o(i.on_conn_params_update)
    i.on_connect                             0x0001ce8c   Section        0  ble_conn_params.o(i.on_connect)
    on_connect                               0x0001ce8d   Thumb Code    42  ble_conn_params.o(i.on_connect)
    i.on_connect                             0x0001cec8   Section        0  ble_bas.o(i.on_connect)
    on_connect                               0x0001cec9   Thumb Code     6  ble_bas.o(i.on_connect)
    i.on_connect                             0x0001cece   Section        0  ble_hrs.o(i.on_connect)
    on_connect                               0x0001cecf   Thumb Code     6  ble_hrs.o(i.on_connect)
    i.on_cts_high                            0x0001ced4   Section        0  app_uart_fifo.o(i.on_cts_high)
    on_cts_high                              0x0001ced5   Thumb Code    36  app_uart_fifo.o(i.on_cts_high)
    i.on_cts_low                             0x0001cefc   Section        0  app_uart_fifo.o(i.on_cts_low)
    on_cts_low                               0x0001cefd   Thumb Code    66  app_uart_fifo.o(i.on_cts_low)
    i.on_disconnect                          0x0001cf50   Section        0  ble_conn_params.o(i.on_disconnect)
    on_disconnect                            0x0001cf51   Thumb Code    50  ble_conn_params.o(i.on_disconnect)
    i.on_disconnect                          0x0001cf94   Section        0  ble_bas.o(i.on_disconnect)
    on_disconnect                            0x0001cf95   Thumb Code     8  ble_bas.o(i.on_disconnect)
    i.on_disconnect                          0x0001cf9c   Section        0  ble_hrs.o(i.on_disconnect)
    on_disconnect                            0x0001cf9d   Thumb Code     8  ble_hrs.o(i.on_disconnect)
    i.on_hrm_cccd_write                      0x0001cfa4   Section        0  ble_hrs.o(i.on_hrm_cccd_write)
    on_hrm_cccd_write                        0x0001cfa5   Thumb Code    62  ble_hrs.o(i.on_hrm_cccd_write)
    i.on_tx_ready                            0x0001cfe4   Section        0  app_uart_fifo.o(i.on_tx_ready)
    on_tx_ready                              0x0001cfe5   Thumb Code    38  app_uart_fifo.o(i.on_tx_ready)
    i.on_uart_close                          0x0001d010   Section        0  app_uart_fifo.o(i.on_uart_close)
    on_uart_close                            0x0001d011   Thumb Code     8  app_uart_fifo.o(i.on_uart_close)
    i.on_uart_event                          0x0001d018   Section        0  app_uart_fifo.o(i.on_uart_event)
    on_uart_event                            0x0001d019   Thumb Code    54  app_uart_fifo.o(i.on_uart_event)
    i.on_uart_put                            0x0001d050   Section        0  app_uart_fifo.o(i.on_uart_put)
    on_uart_put                              0x0001d051   Thumb Code    16  app_uart_fifo.o(i.on_uart_put)
    i.on_write                               0x0001d064   Section        0  ble_conn_params.o(i.on_write)
    on_write                                 0x0001d065   Thumb Code    84  ble_conn_params.o(i.on_write)
    i.on_write                               0x0001d0c0   Section        0  ble_bas.o(i.on_write)
    on_write                                 0x0001d0c1   Thumb Code    80  ble_bas.o(i.on_write)
    i.on_write                               0x0001d110   Section        0  ble_hrs.o(i.on_write)
    on_write                                 0x0001d111   Thumb Code    26  ble_hrs.o(i.on_write)
    i.peer_address_exists                    0x0001d12a   Section        0  ble_advertising.o(i.peer_address_exists)
    peer_address_exists                      0x0001d12b   Thumb Code    26  ble_advertising.o(i.peer_address_exists)
    i.peer_instance_init                     0x0001d144   Section        0  device_manager_peripheral.o(i.peer_instance_init)
    peer_instance_init                       0x0001d145   Thumb Code    76  device_manager_peripheral.o(i.peer_instance_init)
    i.pin_from_port_get                      0x0001d194   Section        0  nrf_drv_gpiote.o(i.pin_from_port_get)
    pin_from_port_get                        0x0001d195   Thumb Code     8  nrf_drv_gpiote.o(i.pin_from_port_get)
    i.pin_in_use_by_gpiote                   0x0001d1a0   Section        0  nrf_drv_gpiote.o(i.pin_in_use_by_gpiote)
    pin_in_use_by_gpiote                     0x0001d1a1   Thumb Code    22  nrf_drv_gpiote.o(i.pin_in_use_by_gpiote)
    i.pin_in_use_by_port                     0x0001d1bc   Section        0  nrf_drv_gpiote.o(i.pin_in_use_by_port)
    pin_in_use_by_port                       0x0001d1bd   Thumb Code    18  nrf_drv_gpiote.o(i.pin_in_use_by_port)
    i.pin_in_use_by_te                       0x0001d1d4   Section        0  nrf_drv_gpiote.o(i.pin_in_use_by_te)
    pin_in_use_by_te                         0x0001d1d5   Thumb Code    26  nrf_drv_gpiote.o(i.pin_in_use_by_te)
    i.pin_in_use_clear                       0x0001d1f4   Section        0  nrf_drv_gpiote.o(i.pin_in_use_clear)
    pin_in_use_clear                         0x0001d1f5   Thumb Code    10  nrf_drv_gpiote.o(i.pin_in_use_clear)
    i.pnp_id_encode                          0x0001d204   Section        0  ble_dis.o(i.pnp_id_encode)
    pnp_id_encode                            0x0001d205   Thumb Code   152  ble_dis.o(i.pnp_id_encode)
    i.power_manage                           0x0001d2a0   Section        0  peripherals_main.o(i.power_manage)
    power_manage                             0x0001d2a1   Thumb Code    32  peripherals_main.o(i.power_manage)
    i.pstorage_access_status_get             0x0001d2e0   Section        0  pstorage.o(i.pstorage_access_status_get)
    i.pstorage_block_identifier_get          0x0001d30c   Section        0  pstorage.o(i.pstorage_block_identifier_get)
    i.pstorage_clear                         0x0001d39c   Section        0  pstorage.o(i.pstorage_clear)
    i.pstorage_flash_page_end                0x0001d44c   Section        0  pstorage.o(i.pstorage_flash_page_end)
    pstorage_flash_page_end                  0x0001d44d   Thumb Code    36  pstorage.o(i.pstorage_flash_page_end)
    i.pstorage_flash_page_size               0x0001d474   Section        0  pstorage.o(i.pstorage_flash_page_size)
    pstorage_flash_page_size                 0x0001d475   Thumb Code    10  pstorage.o(i.pstorage_flash_page_size)
    i.pstorage_init                          0x0001d480   Section        0  pstorage.o(i.pstorage_init)
    i.pstorage_load                          0x0001d51c   Section        0  pstorage.o(i.pstorage_load)
    i.pstorage_register                      0x0001d608   Section        0  pstorage.o(i.pstorage_register)
    i.pstorage_store                         0x0001d74c   Section        0  pstorage.o(i.pstorage_store)
    i.pstorage_sys_event_handler             0x0001d820   Section        0  pstorage.o(i.pstorage_sys_event_handler)
    i.pstorage_update                        0x0001d9e4   Section        0  pstorage.o(i.pstorage_update)
    i.rr_interval_timeout_handler            0x0001dab8   Section        0  peripherals_main.o(i.rr_interval_timeout_handler)
    rr_interval_timeout_handler              0x0001dab9   Thumb Code    34  peripherals_main.o(i.rr_interval_timeout_handler)
    i.rtc1_counter_get                       0x0001daec   Section        0  app_timer.o(i.rtc1_counter_get)
    rtc1_counter_get                         0x0001daed   Thumb Code     6  app_timer.o(i.rtc1_counter_get)
    i.rtc1_init                              0x0001daf8   Section        0  app_timer.o(i.rtc1_init)
    rtc1_init                                0x0001daf9   Thumb Code    18  app_timer.o(i.rtc1_init)
    i.rtc1_start                             0x0001db10   Section        0  app_timer.o(i.rtc1_start)
    rtc1_start                               0x0001db11   Thumb Code    48  app_timer.o(i.rtc1_start)
    i.rtc1_stop                              0x0001db4c   Section        0  app_timer.o(i.rtc1_stop)
    rtc1_stop                                0x0001db4d   Thumb Code    66  app_timer.o(i.rtc1_stop)
    i.sensor_contact_detected_timeout_handler 0x0001dba4   Section        0  peripherals_main.o(i.sensor_contact_detected_timeout_handler)
    sensor_contact_detected_timeout_handler  0x0001dba5   Thumb Code    28  peripherals_main.o(i.sensor_contact_detected_timeout_handler)
    i.sensor_simulator_init                  0x0001dbc8   Section        0  peripherals_main.o(i.sensor_simulator_init)
    sensor_simulator_init                    0x0001dbc9   Thumb Code    78  peripherals_main.o(i.sensor_simulator_init)
    i.sensorsim_init                         0x0001dc30   Section        0  sensorsim.o(i.sensorsim_init)
    i.sensorsim_measure                      0x0001dc4a   Section        0  sensorsim.o(i.sensorsim_measure)
    i.service_data_encode                    0x0001dc94   Section        0  ble_advdata.o(i.service_data_encode)
    service_data_encode                      0x0001dc95   Thumb Code   140  ble_advdata.o(i.service_data_encode)
    i.services_init                          0x0001dd20   Section        0  peripherals_main.o(i.services_init)
    services_init                            0x0001dd21   Thumb Code   498  peripherals_main.o(i.services_init)
    i.sleep_mode_enter                       0x0001df4c   Section        0  peripherals_main.o(i.sleep_mode_enter)
    sleep_mode_enter                         0x0001df4d   Thumb Code    98  peripherals_main.o(i.sleep_mode_enter)
    i.softdevice_assertion_handler           0x0001dfd0   Section        0  softdevice_handler.o(i.softdevice_assertion_handler)
    i.softdevice_ble_evt_handler_set         0x0001dfe4   Section        0  softdevice_handler.o(i.softdevice_ble_evt_handler_set)
    i.softdevice_handler_init                0x0001dffc   Section        0  softdevice_handler.o(i.softdevice_handler_init)
    i.softdevice_sys_evt_handler_set         0x0001e064   Section        0  softdevice_handler.o(i.softdevice_sys_evt_handler_set)
    i.srdata_check                           0x0001e07c   Section        0  ble_advdata.o(i.srdata_check)
    srdata_check                             0x0001e07d   Thumb Code    16  ble_advdata.o(i.srdata_check)
    i.startup_event_extract                  0x0001e08c   Section        0  bsp_btn_ble.o(i.startup_event_extract)
    startup_event_extract                    0x0001e08d   Thumb Code    84  bsp_btn_ble.o(i.startup_event_extract)
    i.storage_operation_dummy_handler        0x0001e0e0   Section        0  device_manager_peripheral.o(i.storage_operation_dummy_handler)
    storage_operation_dummy_handler          0x0001e0e1   Thumb Code     8  device_manager_peripheral.o(i.storage_operation_dummy_handler)
    i.swap_state_process                     0x0001e0e8   Section        0  pstorage.o(i.swap_state_process)
    swap_state_process                       0x0001e0e9   Thumb Code   430  pstorage.o(i.swap_state_process)
    i.sys_evt_dispatch                       0x0001e29c   Section        0  peripherals_main.o(i.sys_evt_dispatch)
    sys_evt_dispatch                         0x0001e29d   Thumb Code    18  peripherals_main.o(i.sys_evt_dispatch)
    i.sys_id_encode                          0x0001e2b0   Section        0  ble_dis.o(i.sys_id_encode)
    sys_id_encode                            0x0001e2b1   Thumb Code   160  ble_dis.o(i.sys_id_encode)
    i.ticks_diff_get                         0x0001e354   Section        0  app_timer.o(i.ticks_diff_get)
    ticks_diff_get                           0x0001e355   Thumb Code    10  app_timer.o(i.ticks_diff_get)
    i.timeout_handler_exec                   0x0001e360   Section        0  app_timer.o(i.timeout_handler_exec)
    timeout_handler_exec                     0x0001e361   Thumb Code    60  app_timer.o(i.timeout_handler_exec)
    i.timer_list_handler                     0x0001e3cc   Section        0  app_timer.o(i.timer_list_handler)
    timer_list_handler                       0x0001e3cd   Thumb Code    76  app_timer.o(i.timer_list_handler)
    i.timer_list_handler_sched               0x0001e424   Section        0  app_timer.o(i.timer_list_handler_sched)
    timer_list_handler_sched                 0x0001e425   Thumb Code    10  app_timer.o(i.timer_list_handler_sched)
    i.timer_list_insert                      0x0001e430   Section        0  app_timer.o(i.timer_list_insert)
    timer_list_insert                        0x0001e431   Thumb Code   212  app_timer.o(i.timer_list_insert)
    i.timer_list_remove                      0x0001e50c   Section        0  app_timer.o(i.timer_list_remove)
    timer_list_remove                        0x0001e50d   Thumb Code   184  app_timer.o(i.timer_list_remove)
    i.timer_start_op_schedule                0x0001e5d8   Section        0  app_timer.o(i.timer_start_op_schedule)
    timer_start_op_schedule                  0x0001e5d9   Thumb Code    80  app_timer.o(i.timer_start_op_schedule)
    i.timer_stop_op_schedule                 0x0001e62c   Section        0  app_timer.o(i.timer_stop_op_schedule)
    timer_stop_op_schedule                   0x0001e62d   Thumb Code    58  app_timer.o(i.timer_stop_op_schedule)
    i.timer_timeouts_check                   0x0001e66c   Section        0  app_timer.o(i.timer_timeouts_check)
    timer_timeouts_check                     0x0001e66d   Thumb Code   132  app_timer.o(i.timer_timeouts_check)
    i.timer_timeouts_check_sched             0x0001e708   Section        0  app_timer.o(i.timer_timeouts_check_sched)
    timer_timeouts_check_sched               0x0001e709   Thumb Code    10  app_timer.o(i.timer_timeouts_check_sched)
    i.timers_init                            0x0001e714   Section        0  peripherals_main.o(i.timers_init)
    timers_init                              0x0001e715   Thumb Code   202  peripherals_main.o(i.timers_init)
    i.tx_power_level_encode                  0x0001e820   Section        0  ble_advdata.o(i.tx_power_level_encode)
    tx_power_level_encode                    0x0001e821   Thumb Code    48  ble_advdata.o(i.tx_power_level_encode)
    i.uint16_encode                          0x0001e850   Section        0  ble_advdata.o(i.uint16_encode)
    uint16_encode                            0x0001e851   Thumb Code    18  ble_advdata.o(i.uint16_encode)
    i.uint16_encode                          0x0001e862   Section        0  ble_hrs.o(i.uint16_encode)
    uint16_encode                            0x0001e863   Thumb Code    18  ble_hrs.o(i.uint16_encode)
    i.uint16_encode                          0x0001e874   Section        0  ble_dis.o(i.uint16_encode)
    uint16_encode                            0x0001e875   Thumb Code    18  ble_dis.o(i.uint16_encode)
    i.update_status_bit_reset                0x0001e888   Section        0  device_manager_peripheral.o(i.update_status_bit_reset)
    update_status_bit_reset                  0x0001e889   Thumb Code    16  device_manager_peripheral.o(i.update_status_bit_reset)
    i.update_timeout_handler                 0x0001e89c   Section        0  ble_conn_params.o(i.update_timeout_handler)
    update_timeout_handler                   0x0001e89d   Thumb Code   136  ble_conn_params.o(i.update_timeout_handler)
    i.user_id_get                            0x0001e938   Section        0  app_timer.o(i.user_id_get)
    user_id_get                              0x0001e939   Thumb Code    34  app_timer.o(i.user_id_get)
    i.user_op_alloc                          0x0001e95a   Section        0  app_timer.o(i.user_op_alloc)
    user_op_alloc                            0x0001e95b   Thumb Code    44  app_timer.o(i.user_op_alloc)
    i.user_op_enque                          0x0001e986   Section        0  app_timer.o(i.user_op_enque)
    user_op_enque                            0x0001e987   Thumb Code     4  app_timer.o(i.user_op_enque)
    i.uuid_list_encode                       0x0001e98a   Section        0  ble_advdata.o(i.uuid_list_encode)
    uuid_list_encode                         0x0001e98b   Thumb Code    64  ble_advdata.o(i.uuid_list_encode)
    i.uuid_list_sized_encode                 0x0001e9ca   Section        0  ble_advdata.o(i.uuid_list_sized_encode)
    uuid_list_sized_encode                   0x0001e9cb   Thumb Code   196  ble_advdata.o(i.uuid_list_sized_encode)
    i.whitelist_has_entries                  0x0001ea8e   Section        0  ble_advertising.o(i.whitelist_has_entries)
    whitelist_has_entries                    0x0001ea8f   Thumb Code    22  ble_advertising.o(i.whitelist_has_entries)
    .constdata                               0x0001eaa4   Section       12  bsp.o(.constdata)
    m_buttons_list                           0x0001eaa4   Data           4  bsp.o(.constdata)
    app_buttons                              0x0001eaa8   Data           8  bsp.o(.constdata)
    .constdata                               0x0001eab0   Section       52  device_manager_peripheral.o(.constdata)
    .constdata                               0x0001eae4   Section        4  app_button.o(.constdata)
    .conststring                             0x0001eae8   Section       78  ble_srv_common.o(.conststring)
    .conststring                             0x0001eb38   Section       85  ble_dis.o(.conststring)
    .conststring                             0x0001eb90   Section       97  device_manager_peripheral.o(.conststring)
    .data                                    0x20002000   Section       65  peripherals_main.o(.data)
    m_conn_handle                            0x20002000   Data           2  peripherals_main.o(.data)
    m_rr_interval_enabled                    0x20002002   Data           1  peripherals_main.o(.data)
    m_battery_sim_state                      0x20002004   Data           8  peripherals_main.o(.data)
    m_heart_rate_sim_state                   0x2000200c   Data           8  peripherals_main.o(.data)
    m_rr_interval_sim_state                  0x20002014   Data           8  peripherals_main.o(.data)
    m_battery_timer_id                       0x2000201c   Data           4  peripherals_main.o(.data)
    m_heart_rate_timer_id                    0x20002020   Data           4  peripherals_main.o(.data)
    m_rr_interval_timer_id                   0x20002024   Data           4  peripherals_main.o(.data)
    m_sensor_contact_timer_id                0x20002028   Data           4  peripherals_main.o(.data)
    m_app_handle                             0x2000202c   Data           1  peripherals_main.o(.data)
    m_adv_uuids                              0x2000202e   Data          12  peripherals_main.o(.data)
    cnt                                      0x2000203c   Data           4  peripherals_main.o(.data)
    sensor_contact_detected                  0x20002040   Data           1  peripherals_main.o(.data)
    .data                                    0x20002044   Section       34  bsp.o(.data)
    m_stable_state                           0x20002044   Data           1  bsp.o(.data)
    m_app_ticks_per_100ms                    0x20002048   Data           4  bsp.o(.data)
    m_indication_type                        0x2000204c   Data           4  bsp.o(.data)
    m_leds_timer_id                          0x20002050   Data           4  bsp.o(.data)
    m_alert_timer_id                         0x20002054   Data           4  bsp.o(.data)
    m_registered_callback                    0x20002058   Data           4  bsp.o(.data)
    m_events_list                            0x2000205c   Data           3  bsp.o(.data)
    m_button_timer_id                        0x20002060   Data           4  bsp.o(.data)
    current_long_push_pin_no                 0x20002064   Data           1  bsp.o(.data)
    release_event_at_push                    0x20002065   Data           1  bsp.o(.data)
    .data                                    0x20002068   Section        8  bsp_btn_ble.o(.data)
    m_error_handler                          0x20002068   Data           4  bsp_btn_ble.o(.data)
    m_num_connections                        0x2000206c   Data           4  bsp_btn_ble.o(.data)
    .data                                    0x20002070   Section        4  system_nrf51.o(.data)
    __tagsym$$used                           0x20002070   Number         0  system_nrf51.o(.data)
    .data                                    0x20002074   Section       25  ble_conn_params.o(.data)
    m_preferred_conn_params                  0x20002074   Data           8  ble_conn_params.o(.data)
    m_update_count                           0x2000207c   Data           1  ble_conn_params.o(.data)
    m_conn_handle                            0x2000207e   Data           2  ble_conn_params.o(.data)
    m_current_conn_params                    0x20002080   Data           8  ble_conn_params.o(.data)
    m_conn_params_timer_id                   0x20002088   Data           4  ble_conn_params.o(.data)
    m_change_param                           0x2000208c   Data           1  ble_conn_params.o(.data)
    .data                                    0x20002090   Section       34  ble_advertising.o(.data)
    m_advertising_start_pending              0x20002090   Data           1  ble_advertising.o(.data)
    m_peer_address                           0x20002091   Data           7  ble_advertising.o(.data)
    m_adv_evt                                0x20002098   Data           1  ble_advertising.o(.data)
    m_evt_handler                            0x2000209c   Data           4  ble_advertising.o(.data)
    m_error_handler                          0x200020a0   Data           4  ble_advertising.o(.data)
    m_adv_mode_current                       0x200020a4   Data           1  ble_advertising.o(.data)
    m_direct_adv_cnt                         0x200020a5   Data           1  ble_advertising.o(.data)
    m_whitelist_temporarily_disabled         0x200020a6   Data           1  ble_advertising.o(.data)
    m_whitelist_reply_expected               0x200020a7   Data           1  ble_advertising.o(.data)
    m_peer_addr_reply_expected               0x200020a8   Data           1  ble_advertising.o(.data)
    m_slave_conn_int                         0x200020aa   Data           4  ble_advertising.o(.data)
    m_tx_power_level                         0x200020ae   Data           1  ble_advertising.o(.data)
    current_slave_link_conn_handle           0x200020b0   Data           2  ble_advertising.o(.data)
    .data                                    0x200020b2   Section       74  ble_dis.o(.data)
    service_handle                           0x200020b2   Data           2  ble_dis.o(.data)
    manufact_name_handles                    0x200020b4   Data           8  ble_dis.o(.data)
    model_num_handles                        0x200020bc   Data           8  ble_dis.o(.data)
    serial_num_handles                       0x200020c4   Data           8  ble_dis.o(.data)
    hw_rev_handles                           0x200020cc   Data           8  ble_dis.o(.data)
    fw_rev_handles                           0x200020d4   Data           8  ble_dis.o(.data)
    sw_rev_handles                           0x200020dc   Data           8  ble_dis.o(.data)
    sys_id_handles                           0x200020e4   Data           8  ble_dis.o(.data)
    reg_cert_data_list_handles               0x200020ec   Data           8  ble_dis.o(.data)
    pnp_id_handles                           0x200020f4   Data           8  ble_dis.o(.data)
    .data                                    0x200020fc   Section       20  device_manager_peripheral.o(.data)
    m_storage_handle                         0x200020fc   Data           8  device_manager_peripheral.o(.data)
    m_peer_addr_update                       0x20002104   Data           4  device_manager_peripheral.o(.data)
    m_module_initialized                     0x20002108   Data           1  device_manager_peripheral.o(.data)
    m_irk_index_table                        0x20002109   Data           7  device_manager_peripheral.o(.data)
    .data                                    0x20002110   Section       12  pstorage.o(.data)
    m_next_app_instance                      0x20002110   Data           2  pstorage.o(.data)
    m_next_page_addr                         0x20002114   Data           4  pstorage.o(.data)
    m_round_val                              0x20002118   Data           2  pstorage.o(.data)
    m_module_initialized                     0x2000211a   Data           1  pstorage.o(.data)
    m_swap_state                             0x2000211b   Data           1  pstorage.o(.data)
    .data                                    0x2000211c   Section        9  app_uart_fifo.o(.data)
    m_instance_counter                       0x2000211c   Data           1  app_uart_fifo.o(.data)
    m_event_handler                          0x20002120   Data           4  app_uart_fifo.o(.data)
    m_current_state                          0x20002124   Data           1  app_uart_fifo.o(.data)
    .data                                    0x20002128   Section       12  app_error.o(.data)
    .data                                    0x20002134   Section       42  app_timer.o(.data)
    m_node_array_size                        0x20002134   Data           1  app_timer.o(.data)
    mp_nodes                                 0x20002138   Data           4  app_timer.o(.data)
    m_user_array_size                        0x2000213c   Data           1  app_timer.o(.data)
    mp_users                                 0x20002140   Data           4  app_timer.o(.data)
    m_timer_id_head                          0x20002144   Data           4  app_timer.o(.data)
    m_ticks_latest                           0x20002148   Data           4  app_timer.o(.data)
    m_ticks_elapsed                          0x2000214c   Data           8  app_timer.o(.data)
    m_ticks_elapsed_q_read_ind               0x20002154   Data           1  app_timer.o(.data)
    m_ticks_elapsed_q_write_ind              0x20002155   Data           1  app_timer.o(.data)
    m_evt_schedule_func                      0x20002158   Data           4  app_timer.o(.data)
    m_rtc1_running                           0x2000215c   Data           1  app_timer.o(.data)
    m_rtc1_reset                             0x2000215d   Data           1  app_timer.o(.data)
    .data                                    0x20002160   Section       24  app_button.o(.data)
    mp_buttons                               0x20002160   Data           4  app_button.o(.data)
    m_button_count                           0x20002164   Data           1  app_button.o(.data)
    m_detection_delay                        0x20002168   Data           4  app_button.o(.data)
    m_detection_delay_timer_id               0x2000216c   Data           4  app_button.o(.data)
    m_pin_state                              0x20002170   Data           4  app_button.o(.data)
    m_pin_transition                         0x20002174   Data           4  app_button.o(.data)
    .data                                    0x20002178   Section       24  softdevice_handler.o(.data)
    m_evt_schedule_func                      0x20002178   Data           4  softdevice_handler.o(.data)
    m_softdevice_enabled                     0x2000217c   Data           1  softdevice_handler.o(.data)
    mp_ble_evt_buffer                        0x20002180   Data           4  softdevice_handler.o(.data)
    m_ble_evt_buffer_size                    0x20002184   Data           2  softdevice_handler.o(.data)
    m_ble_evt_handler                        0x20002188   Data           4  softdevice_handler.o(.data)
    m_sys_evt_handler                        0x2000218c   Data           4  softdevice_handler.o(.data)
    .bss                                     0x20002190   Section     1040  peripherals_main.o(.bss)
    m_bas                                    0x20002190   Data          24  peripherals_main.o(.bss)
    m_hrs                                    0x200021a8   Data          80  peripherals_main.o(.bss)
    m_battery_sim_cfg                        0x200021f8   Data          16  peripherals_main.o(.bss)
    m_heart_rate_sim_cfg                     0x20002208   Data          16  peripherals_main.o(.bss)
    m_rr_interval_sim_cfg                    0x20002218   Data          16  peripherals_main.o(.bss)
    APP_TIMER_BUF                            0x20002228   Data         816  peripherals_main.o(.bss)
    BLE_EVT_BUFFER                           0x20002558   Data          72  peripherals_main.o(.bss)
    .bss                                     0x200025a0   Section       28  ble_conn_params.o(.bss)
    m_conn_params_config                     0x200025a0   Data          28  ble_conn_params.o(.bss)
    .bss                                     0x200025bc   Section      247  ble_advertising.o(.bss)
    m_advdata                                0x200025bc   Data          48  ble_advertising.o(.bss)
    m_adv_modes_config                       0x200025ec   Data          32  ble_advertising.o(.bss)
    m_whitelist                              0x2000260c   Data          16  ble_advertising.o(.bss)
    mp_whitelist_addr                        0x2000261c   Data          32  ble_advertising.o(.bss)
    mp_whitelist_irk                         0x2000263c   Data          32  ble_advertising.o(.bss)
    m_manuf_specific_data                    0x2000265c   Data          12  ble_advertising.o(.bss)
    m_manuf_data_array                       0x20002668   Data          31  ble_advertising.o(.bss)
    m_service_data                           0x20002688   Data          12  ble_advertising.o(.bss)
    m_service_data_array                     0x20002694   Data          31  ble_advertising.o(.bss)
    .bss                                     0x200026b4   Section      295  device_manager_peripheral.o(.bss)
    m_peer_table                             0x200026b4   Data         196  device_manager_peripheral.o(.bss)
    m_bond_table                             0x20002778   Data          28  device_manager_peripheral.o(.bss)
    m_gatts_table                            0x20002794   Data          24  device_manager_peripheral.o(.bss)
    m_connection_table                       0x200027ac   Data          12  device_manager_peripheral.o(.bss)
    m_application_table                      0x200027b8   Data          12  device_manager_peripheral.o(.bss)
    m_local_id_info                          0x200027c4   Data          23  device_manager_peripheral.o(.bss)
    .bss                                     0x200027dc   Section       60  nrf_drv_gpiote.o(.bss)
    m_cb                                     0x200027dc   Data          60  nrf_drv_gpiote.o(.bss)
    .bss                                     0x20002818   Section      220  pstorage.o(.bss)
    m_cmd_queue                              0x20002818   Data         204  pstorage.o(.bss)
    m_app_table                              0x200028e4   Data          16  pstorage.o(.bss)
    .bss                                     0x200028f4   Section       32  app_uart_fifo.o(.bss)
    m_rx_fifo                                0x200028f4   Data          16  app_uart_fifo.o(.bss)
    m_tx_fifo                                0x20002904   Data          16  app_uart_fifo.o(.bss)
    STACK                                    0x20002918   Section     2048  arm_startup_nrf51.o(STACK)

    Global Symbols

    Symbol Name                              Value     Ov Type        Size  Object(Section)

    BuildAttributes$$THM_ISAv3M$S$PE$A:L22$X:L11$S22$IEEE1$IW$USESV6$~STKCKD$USESV7$~SHL$OSPACE$EBA8$MICROLIB$REQ8$PRES8$EABIv2 0x00000000   Number         0  anon$$obj.o ABSOLUTE
    __ARM_use_no_argv                        0x00000000   Number         0  peripherals_main.o ABSOLUTE
    __cpp_initialize__aeabi_                  - Undefined Weak Reference
    __cxa_finalize                            - Undefined Weak Reference
    _clock_init                               - Undefined Weak Reference
    _microlib_exit                            - Undefined Weak Reference
    __Vectors_Size                           0x000000c0   Number         0  arm_startup_nrf51.o ABSOLUTE
    __Vectors                                0x00018000   Data           4  arm_startup_nrf51.o(RESET)
    __Vectors_End                            0x000180c0   Data           0  arm_startup_nrf51.o(RESET)
    __main                                   0x000180c1   Thumb Code     0  entry.o(.ARM.Collect$$$$00000000)
    _main_stk                                0x000180c1   Thumb Code     0  entry2.o(.ARM.Collect$$$$00000001)
    _main_scatterload                        0x000180c5   Thumb Code     0  entry5.o(.ARM.Collect$$$$00000004)
    __main_after_scatterload                 0x000180c9   Thumb Code     0  entry5.o(.ARM.Collect$$$$00000004)
    _main_clock                              0x000180c9   Thumb Code     0  entry7b.o(.ARM.Collect$$$$00000008)
    _main_cpp_init                           0x000180c9   Thumb Code     0  entry8b.o(.ARM.Collect$$$$0000000A)
    _main_init                               0x000180c9   Thumb Code     0  entry9a.o(.ARM.Collect$$$$0000000B)
    __rt_final_cpp                           0x000180d1   Thumb Code     0  entry10a.o(.ARM.Collect$$$$0000000D)
    __rt_final_exit                          0x000180d1   Thumb Code     0  entry11a.o(.ARM.Collect$$$$0000000F)
    __asm___11_app_timer_c_cd27f9c3__nrf_delay_us 0x000180d5   Thumb Code    30  app_timer.o(.emb_text)
    Reset_Handler                            0x000180f5   Thumb Code    26  arm_startup_nrf51.o(.text)
    NMI_Handler                              0x0001810f   Thumb Code     2  arm_startup_nrf51.o(.text)
    HardFault_Handler                        0x00018111   Thumb Code     2  arm_startup_nrf51.o(.text)
    SVC_Handler                              0x00018113   Thumb Code     2  arm_startup_nrf51.o(.text)
    PendSV_Handler                           0x00018115   Thumb Code     2  arm_startup_nrf51.o(.text)
    SysTick_Handler                          0x00018117   Thumb Code     2  arm_startup_nrf51.o(.text)
    ADC_IRQHandler                           0x00018119   Thumb Code     0  arm_startup_nrf51.o(.text)
    CCM_AAR_IRQHandler                       0x00018119   Thumb Code     0  arm_startup_nrf51.o(.text)
    ECB_IRQHandler                           0x00018119   Thumb Code     0  arm_startup_nrf51.o(.text)
    LPCOMP_IRQHandler                        0x00018119   Thumb Code     0  arm_startup_nrf51.o(.text)
    POWER_CLOCK_IRQHandler                   0x00018119   Thumb Code     0  arm_startup_nrf51.o(.text)
    QDEC_IRQHandler                          0x00018119   Thumb Code     0  arm_startup_nrf51.o(.text)
    RADIO_IRQHandler                         0x00018119   Thumb Code     0  arm_startup_nrf51.o(.text)
    RNG_IRQHandler                           0x00018119   Thumb Code     0  arm_startup_nrf51.o(.text)
    RTC0_IRQHandler                          0x00018119   Thumb Code     0  arm_startup_nrf51.o(.text)
    SPI0_TWI0_IRQHandler                     0x00018119   Thumb Code     0  arm_startup_nrf51.o(.text)
    SPI1_TWI1_IRQHandler                     0x00018119   Thumb Code     0  arm_startup_nrf51.o(.text)
    SWI1_IRQHandler                          0x00018119   Thumb Code     0  arm_startup_nrf51.o(.text)
    SWI3_IRQHandler                          0x00018119   Thumb Code     0  arm_startup_nrf51.o(.text)
    SWI4_IRQHandler                          0x00018119   Thumb Code     0  arm_startup_nrf51.o(.text)
    SWI5_IRQHandler                          0x00018119   Thumb Code     0  arm_startup_nrf51.o(.text)
    TEMP_IRQHandler                          0x00018119   Thumb Code     0  arm_startup_nrf51.o(.text)
    TIMER0_IRQHandler                        0x00018119   Thumb Code     0  arm_startup_nrf51.o(.text)
    TIMER1_IRQHandler                        0x00018119   Thumb Code     0  arm_startup_nrf51.o(.text)
    TIMER2_IRQHandler                        0x00018119   Thumb Code     0  arm_startup_nrf51.o(.text)
    WDT_IRQHandler                           0x00018119   Thumb Code     0  arm_startup_nrf51.o(.text)
    __aeabi_uidiv                            0x0001812d   Thumb Code     0  uidiv.o(.text)
    __aeabi_uidivmod                         0x0001812d   Thumb Code    44  uidiv.o(.text)
    __aeabi_idiv                             0x00018159   Thumb Code     0  idiv.o(.text)
    __aeabi_idivmod                          0x00018159   Thumb Code    40  idiv.o(.text)
    ___aeabi_memcpy8$move                    0x00018181   Thumb Code     0  memmovea.o(.text)
    __aeabi_memcpy                           0x00018181   Thumb Code    64  memmovea.o(.text)
    __aeabi_memcpy4                          0x00018181   Thumb Code     0  memmovea.o(.text)
    __aeabi_memmove                          0x00018181   Thumb Code     0  memmovea.o(.text)
    __aeabi_memmove4                         0x00018181   Thumb Code     0  memmovea.o(.text)
    __aeabi_memmove8                         0x00018181   Thumb Code     0  memmovea.o(.text)
    __aeabi_memset                           0x000181c1   Thumb Code    14  memseta.o(.text)
    __aeabi_memset4                          0x000181c1   Thumb Code     0  memseta.o(.text)
    __aeabi_memset8                          0x000181c1   Thumb Code     0  memseta.o(.text)
    __aeabi_memclr                           0x000181cf   Thumb Code     4  memseta.o(.text)
    __aeabi_memclr4                          0x000181cf   Thumb Code     0  memseta.o(.text)
    __aeabi_memclr8                          0x000181cf   Thumb Code     0  memseta.o(.text)
    _memset$wrapper                          0x000181d3   Thumb Code    18  memseta.o(.text)
    strlen                                   0x000181e5   Thumb Code    14  strlen.o(.text)
    memcmp                                   0x000181f3   Thumb Code    26  memcmp.o(.text)
    __scatterload                            0x0001820d   Thumb Code    28  init.o(.text)
    __scatterload_rt2                        0x0001820d   Thumb Code     0  init.o(.text)
    __decompress                             0x00018231   Thumb Code     0  __dczerorl.o(.text)
    __decompress0                            0x00018231   Thumb Code    58  __dczerorl.o(.text)
    GPIOTE_IRQHandler                        0x0001826d   Thumb Code   380  nrf_drv_gpiote.o(i.GPIOTE_IRQHandler)
    RTC1_IRQHandler                          0x00018521   Thumb Code    34  app_timer.o(i.RTC1_IRQHandler)
    SWI0_IRQHandler                          0x00018549   Thumb Code     8  app_timer.o(i.SWI0_IRQHandler)
    SWI2_IRQHandler                          0x00018551   Thumb Code    52  softdevice_handler.o(i.SWI2_IRQHandler)
    SystemInit                               0x000185c1   Thumb Code    38  system_nrf51.o(i.SystemInit)
    UART0_IRQHandler                         0x000185f9   Thumb Code   142  app_uart_fifo.o(i.UART0_IRQHandler)
    __ARM_common_switch8                     0x00018699   Thumb Code    28  bsp.o(i.__ARM_common_switch8)
    __scatterload_copy                       0x000186b5   Thumb Code    14  handlers.o(i.__scatterload_copy)
    __scatterload_null                       0x000186c3   Thumb Code     2  handlers.o(i.__scatterload_null)
    __scatterload_zeroinit                   0x000186c5   Thumb Code    14  handlers.o(i.__scatterload_zeroinit)
    action_tx_stop                           0x00018745   Thumb Code    28  app_uart_fifo.o(i.action_tx_stop)
    app_button_enable                        0x000189ed   Thumb Code    34  app_button.o(i.app_button_enable)
    app_button_init                          0x00018a19   Thumb Code   128  app_button.o(i.app_button_init)
    app_error_handler                        0x00018abd   Thumb Code    48  app_error.o(i.app_error_handler)
    app_fifo_get                             0x00018b15   Thumb Code    42  app_fifo.o(i.app_fifo_get)
    app_fifo_put                             0x00018b3f   Thumb Code    42  app_fifo.o(i.app_fifo_put)
    app_timer_create                         0x00018b91   Thumb Code   108  app_timer.o(i.app_timer_create)
    app_timer_init                           0x00018c05   Thumb Code   204  app_timer.o(i.app_timer_init)
    app_timer_start                          0x00018cf5   Thumb Code    98  app_timer.o(i.app_timer_start)
    app_timer_stop                           0x00018d61   Thumb Code    60  app_timer.o(i.app_timer_stop)
    ble_advdata_set                          0x0001910d   Thumb Code   122  ble_advdata.o(i.ble_advdata_set)
    ble_advertising_init                     0x00019189   Thumb Code   364  ble_advertising.o(i.ble_advertising_init)
    ble_advertising_on_ble_evt               0x0001932d   Thumb Code   272  ble_advertising.o(i.ble_advertising_on_ble_evt)
    ble_advertising_on_sys_evt               0x00019461   Thumb Code    70  ble_advertising.o(i.ble_advertising_on_sys_evt)
    ble_advertising_restart_without_whitelist 0x000194c5   Thumb Code    78  ble_advertising.o(i.ble_advertising_restart_without_whitelist)
    ble_advertising_start                    0x00019525   Thumb Code   560  ble_advertising.o(i.ble_advertising_start)
    ble_bas_battery_level_update             0x00019781   Thumb Code   124  ble_bas.o(i.ble_bas_battery_level_update)
    ble_bas_init                             0x00019801   Thumb Code    66  ble_bas.o(i.ble_bas_init)
    ble_bas_on_ble_evt                       0x00019849   Thumb Code    58  ble_bas.o(i.ble_bas_on_ble_evt)
    ble_conn_params_init                     0x00019885   Thumb Code    90  ble_conn_params.o(i.ble_conn_params_init)
    ble_conn_params_on_ble_evt               0x000198fd   Thumb Code    62  ble_conn_params.o(i.ble_conn_params_on_ble_evt)
    ble_dis_init                             0x0001993d   Thumb Code   386  ble_dis.o(i.ble_dis_init)
    ble_hrs_heart_rate_measurement_send      0x00019b2d   Thumb Code    94  ble_hrs.o(i.ble_hrs_heart_rate_measurement_send)
    ble_hrs_init                             0x00019b91   Thumb Code   108  ble_hrs.o(i.ble_hrs_init)
    ble_hrs_on_ble_evt                       0x00019c01   Thumb Code    58  ble_hrs.o(i.ble_hrs_on_ble_evt)
    ble_hrs_rr_interval_add                  0x00019c3b   Thumb Code    60  ble_hrs.o(i.ble_hrs_rr_interval_add)
    ble_hrs_sensor_contact_detected_update   0x00019c77   Thumb Code     6  ble_hrs.o(i.ble_hrs_sensor_contact_detected_update)
    ble_srv_ascii_to_utf8                    0x00019c7d   Thumb Code    18  ble_srv_common.o(i.ble_srv_ascii_to_utf8)
    ble_srv_report_ref_encode                0x00019c91   Thumb Code    60  ble_srv_common.o(i.ble_srv_report_ref_encode)
    bond_data_load                           0x00019e49   Thumb Code    62  device_manager_peripheral.o(i.bond_data_load)
    bsp_btn_ble_init                         0x00019e99   Thumb Code    54  bsp_btn_ble.o(i.bsp_btn_ble_init)
    bsp_btn_ble_on_ble_evt                   0x00019ed9   Thumb Code   122  bsp_btn_ble.o(i.bsp_btn_ble_on_ble_evt)
    bsp_btn_ble_sleep_mode_prepare           0x00019f5d   Thumb Code    30  bsp_btn_ble.o(i.bsp_btn_ble_sleep_mode_prepare)
    bsp_button_is_pressed                    0x0001a055   Thumb Code    48  bsp.o(i.bsp_button_is_pressed)
    bsp_event_handler                        0x0001a08d   Thumb Code   106  peripherals_main.o(i.bsp_event_handler)
    bsp_event_to_button_action_assign        0x0001a11d   Thumb Code    88  bsp.o(i.bsp_event_to_button_action_assign)
    bsp_indication_set                       0x0001a179   Thumb Code    30  bsp.o(i.bsp_indication_set)
    bsp_init                                 0x0001a19d   Thumb Code   166  bsp.o(i.bsp_init)
    bsp_wakeup_buttons_set                   0x0001a75d   Thumb Code    84  bsp.o(i.bsp_wakeup_buttons_set)
    dm_ble_evt_handler                       0x0001b3e9   Thumb Code  1570  device_manager_peripheral.o(i.dm_ble_evt_handler)
    dm_handle_initialize                     0x0001ba29   Thumb Code    24  device_manager_peripheral.o(i.dm_handle_initialize)
    dm_init                                  0x0001ba45   Thumb Code   230  device_manager_peripheral.o(i.dm_init)
    dm_register                              0x0001bd51   Thumb Code   176  device_manager_peripheral.o(i.dm_register)
    intern_softdevice_events_execute         0x0001c505   Thumb Code   168  softdevice_handler.o(i.intern_softdevice_events_execute)
    main                                     0x0001c8e9   Thumb Code    88  peripherals_main.o(i.main)
    nrf_drv_common_irq_enable                0x0001ca75   Thumb Code    48  nrf_drv_common.o(i.nrf_drv_common_irq_enable)
    nrf_drv_gpiote_in_event_enable           0x0001caad   Thumb Code   168  nrf_drv_gpiote.o(i.nrf_drv_gpiote_in_event_enable)
    nrf_drv_gpiote_in_init                   0x0001cb5d   Thumb Code   226  nrf_drv_gpiote.o(i.nrf_drv_gpiote_in_init)
    nrf_drv_gpiote_in_is_set                 0x0001cc51   Thumb Code    26  nrf_drv_gpiote.o(i.nrf_drv_gpiote_in_is_set)
    nrf_drv_gpiote_init                      0x0001cc71   Thumb Code    76  nrf_drv_gpiote.o(i.nrf_drv_gpiote_init)
    nrf_drv_gpiote_is_init                   0x0001ccc1   Thumb Code    16  nrf_drv_gpiote.o(i.nrf_drv_gpiote_is_init)
    pstorage_access_status_get               0x0001d2e1   Thumb Code    36  pstorage.o(i.pstorage_access_status_get)
    pstorage_block_identifier_get            0x0001d30d   Thumb Code   136  pstorage.o(i.pstorage_block_identifier_get)
    pstorage_clear                           0x0001d39d   Thumb Code   166  pstorage.o(i.pstorage_clear)
    pstorage_init                            0x0001d481   Thumb Code   128  pstorage.o(i.pstorage_init)
    pstorage_load                            0x0001d51d   Thumb Code   226  pstorage.o(i.pstorage_load)
    pstorage_register                        0x0001d609   Thumb Code   306  pstorage.o(i.pstorage_register)
    pstorage_store                           0x0001d74d   Thumb Code   202  pstorage.o(i.pstorage_store)
    pstorage_sys_event_handler               0x0001d821   Thumb Code   436  pstorage.o(i.pstorage_sys_event_handler)
    pstorage_update                          0x0001d9e5   Thumb Code   202  pstorage.o(i.pstorage_update)
    sensorsim_init                           0x0001dc31   Thumb Code    26  sensorsim.o(i.sensorsim_init)
    sensorsim_measure                        0x0001dc4b   Thumb Code    74  sensorsim.o(i.sensorsim_measure)
    softdevice_assertion_handler             0x0001dfd1   Thumb Code    18  softdevice_handler.o(i.softdevice_assertion_handler)
    softdevice_ble_evt_handler_set           0x0001dfe5   Thumb Code    18  softdevice_handler.o(i.softdevice_ble_evt_handler_set)
    softdevice_handler_init                  0x0001dffd   Thumb Code    84  softdevice_handler.o(i.softdevice_handler_init)
    softdevice_sys_evt_handler_set           0x0001e065   Thumb Code    18  softdevice_handler.o(i.softdevice_sys_evt_handler_set)
    m_service_context_store                  0x0001eab0   Data          16  device_manager_peripheral.o(.constdata)
    m_service_context_load                   0x0001eac0   Data          16  device_manager_peripheral.o(.constdata)
    m_service_context_apply                  0x0001ead0   Data          16  device_manager_peripheral.o(.constdata)
    m_context_init_len                       0x0001eae0   Data           4  device_manager_peripheral.o(.constdata)
    Region$$Table$$Base                      0x0001ebf4   Number         0  anon$$obj.o(Region$$Table)
    Region$$Table$$Limit                     0x0001ec14   Number         0  anon$$obj.o(Region$$Table)
    SystemCoreClock                          0x20002070   Data           4  system_nrf51.o(.data)
    m_error_code                             0x20002128   Data           4  app_error.o(.data)
    m_line_num                               0x2000212c   Data           4  app_error.o(.data)
    m_p_file_name                            0x20002130   Data           4  app_error.o(.data)
    __initial_sp                             0x20003118   Data           0  arm_startup_nrf51.o(STACK)



==============================================================================

Memory Map of the image

  Image Entry point : 0x000180c1

  Load Region LR_IROM1 (Base: 0x00018000, Size: 0x00006da4, Max: 0x00028000, ABSOLUTE, COMPRESSED[0x00006c34])

    Execution Region ER_IROM1 (Base: 0x00018000, Size: 0x00006c14, Max: 0x00028000, ABSOLUTE)

    Base Addr    Size         Type   Attr      Idx    E Section Name        Object

    0x00018000   0x000000c0   Data   RO          501    RESET               arm_startup_nrf51.o
    0x000180c0   0x00000000   Code   RO         2344  * .ARM.Collect$$$$00000000  mc_p.l(entry.o)
    0x000180c0   0x00000004   Code   RO         2365    .ARM.Collect$$$$00000001  mc_p.l(entry2.o)
    0x000180c4   0x00000004   Code   RO         2368    .ARM.Collect$$$$00000004  mc_p.l(entry5.o)
    0x000180c8   0x00000000   Code   RO         2370    .ARM.Collect$$$$00000008  mc_p.l(entry7b.o)
    0x000180c8   0x00000000   Code   RO         2372    .ARM.Collect$$$$0000000A  mc_p.l(entry8b.o)
    0x000180c8   0x00000008   Code   RO         2373    .ARM.Collect$$$$0000000B  mc_p.l(entry9a.o)
    0x000180d0   0x00000000   Code   RO         2375    .ARM.Collect$$$$0000000D  mc_p.l(entry10a.o)
    0x000180d0   0x00000000   Code   RO         2377    .ARM.Collect$$$$0000000F  mc_p.l(entry11a.o)
    0x000180d0   0x00000004   Code   RO         2366    .ARM.Collect$$$$00002712  mc_p.l(entry2.o)
    0x000180d4   0x0000001e   Code   RO         1882    .emb_text           app_timer.o
    0x000180f2   0x00000002   PAD
    0x000180f4   0x00000038   Code   RO          502    .text               arm_startup_nrf51.o
    0x0001812c   0x0000002c   Code   RO         2347    .text               mc_p.l(uidiv.o)
    0x00018158   0x00000028   Code   RO         2349    .text               mc_p.l(idiv.o)
    0x00018180   0x00000040   Code   RO         2353    .text               mc_p.l(memmovea.o)
    0x000181c0   0x00000024   Code   RO         2355    .text               mc_p.l(memseta.o)
    0x000181e4   0x0000000e   Code   RO         2357    .text               mc_p.l(strlen.o)
    0x000181f2   0x0000001a   Code   RO         2359    .text               mc_p.l(memcmp.o)
    0x0001820c   0x00000024   Code   RO         2379    .text               mc_p.l(init.o)
    0x00018230   0x0000003a   Code   RO         2389    .text               mc_p.l(__dczerorl.o)
    0x0001826a   0x00000002   PAD
    0x0001826c   0x00000188   Code   RO         1333    i.GPIOTE_IRQHandler  nrf_drv_gpiote.o
    0x000183f4   0x00000014   Code   RO         1883    i.NVIC_ClearPendingIRQ  app_timer.o
    0x00018408   0x00000014   Code   RO         1884    i.NVIC_EnableIRQ    app_timer.o
    0x0001841c   0x00000014   Code   RO         1885    i.NVIC_SetPendingIRQ  app_timer.o
    0x00018430   0x00000078   Code   RO         1299    i.NVIC_SetPriority  nrf_drv_common.o
    0x000184a8   0x00000078   Code   RO         1886    i.NVIC_SetPriority  app_timer.o
    0x00018520   0x00000028   Code   RO         1887    i.RTC1_IRQHandler   app_timer.o
    0x00018548   0x00000008   Code   RO         1888    i.SWI0_IRQHandler   app_timer.o
    0x00018550   0x00000070   Code   RO         2288    i.SWI2_IRQHandler   softdevice_handler.o
    0x000185c0   0x00000038   Code   RO          509    i.SystemInit        system_nrf51.o
    0x000185f8   0x000000a0   Code   RO         1703    i.UART0_IRQHandler  app_uart_fifo.o
    0x00018698   0x0000001c   Code   RO          438    i.__ARM_common_switch8  bsp.o
    0x000186b4   0x0000000e   Code   RO         2383    i.__scatterload_copy  mc_p.l(handlers.o)
    0x000186c2   0x00000002   Code   RO         2384    i.__scatterload_null  mc_p.l(handlers.o)
    0x000186c4   0x0000000e   Code   RO         2385    i.__scatterload_zeroinit  mc_p.l(handlers.o)
    0x000186d2   0x00000002   PAD
    0x000186d4   0x0000001c   Code   RO         1704    i.action_tx_ready   app_uart_fifo.o
    0x000186f0   0x00000054   Code   RO         1705    i.action_tx_send    app_uart_fifo.o
    0x00018744   0x00000028   Code   RO         1706    i.action_tx_stop    app_uart_fifo.o
    0x0001876c   0x00000024   Code   RO         1707    i.action_uart_deactivate  app_uart_fifo.o
    0x00018790   0x00000136   Code   RO          570    i.adv_data_encode   ble_advdata.o
    0x000188c6   0x00000014   Code   RO          571    i.advdata_check     ble_advdata.o
    0x000188da   0x0000005a   Code   RO          452    i.advertising_buttons_configure  bsp_btn_ble.o
    0x00018934   0x00000094   Code   RO            4    i.advertising_init  peripherals_main.o
    0x000189c8   0x00000024   Code   RO          347    i.alert_timer_handler  bsp.o
    0x000189ec   0x0000002c   Code   RO         2208    i.app_button_enable  app_button.o
    0x00018a18   0x000000a4   Code   RO         2209    i.app_button_init   app_button.o
    0x00018abc   0x0000003c   Code   RO         1856    i.app_error_handler  app_error.o
    0x00018af8   0x0000001c   Code   RO         1004    i.app_evt_notify    device_manager_peripheral.o
    0x00018b14   0x0000002a   Code   RO         2168    i.app_fifo_get      app_fifo.o
    0x00018b3e   0x0000002a   Code   RO         2170    i.app_fifo_put      app_fifo.o
    0x00018b68   0x00000028   Code   RO         1572    i.app_notify        pstorage.o
    0x00018b90   0x00000074   Code   RO         1891    i.app_timer_create  app_timer.o
    0x00018c04   0x000000f0   Code   RO         1892    i.app_timer_init    app_timer.o
    0x00018cf4   0x0000006c   Code   RO         1893    i.app_timer_start   app_timer.o
    0x00018d60   0x00000044   Code   RO         1894    i.app_timer_stop    app_timer.o
    0x00018da4   0x0000004a   Code   RO          572    i.appearance_encode  ble_advdata.o
    0x00018dee   0x00000002   PAD
    0x00018df0   0x000000dc   Code   RO            5    i.application_timers_start  peripherals_main.o
    0x00018ecc   0x000001c8   Code   RO          817    i.battery_level_char_add  ble_bas.o
    0x00019094   0x0000000a   Code   RO            7    i.battery_level_meas_timeout_handler  peripherals_main.o
    0x0001909e   0x00000002   PAD
    0x000190a0   0x0000006c   Code   RO            8    i.battery_level_update  peripherals_main.o
    0x0001910c   0x0000007a   Code   RO          573    i.ble_advdata_set   ble_advdata.o
    0x00019186   0x00000002   PAD
    0x00019188   0x000001a4   Code   RO          739    i.ble_advertising_init  ble_advertising.o
    0x0001932c   0x00000134   Code   RO          740    i.ble_advertising_on_ble_evt  ble_advertising.o
    0x00019460   0x00000054   Code   RO          741    i.ble_advertising_on_sys_evt  ble_advertising.o
    0x000194b4   0x00000010   Code   RO          743    i.ble_advertising_peer_address_clear  ble_advertising.o
    0x000194c4   0x00000060   Code   RO          744    i.ble_advertising_restart_without_whitelist  ble_advertising.o
    0x00019524   0x0000025c   Code   RO          745    i.ble_advertising_start  ble_advertising.o
    0x00019780   0x00000080   Code   RO          818    i.ble_bas_battery_level_update  ble_bas.o
    0x00019800   0x00000048   Code   RO          819    i.ble_bas_init      ble_bas.o
    0x00019848   0x0000003a   Code   RO          820    i.ble_bas_on_ble_evt  ble_bas.o
    0x00019882   0x00000002   PAD
    0x00019884   0x00000078   Code   RO          654    i.ble_conn_params_init  ble_conn_params.o
    0x000198fc   0x0000003e   Code   RO          655    i.ble_conn_params_on_ble_evt  ble_conn_params.o
    0x0001993a   0x00000002   PAD
    0x0001993c   0x000001b4   Code   RO          964    i.ble_dis_init      ble_dis.o
    0x00019af0   0x0000003c   Code   RO            9    i.ble_evt_dispatch  peripherals_main.o
    0x00019b2c   0x00000064   Code   RO          865    i.ble_hrs_heart_rate_measurement_send  ble_hrs.o
    0x00019b90   0x00000070   Code   RO          866    i.ble_hrs_init      ble_hrs.o
    0x00019c00   0x0000003a   Code   RO          867    i.ble_hrs_on_ble_evt  ble_hrs.o
    0x00019c3a   0x0000003c   Code   RO          868    i.ble_hrs_rr_interval_add  ble_hrs.o
    0x00019c76   0x00000006   Code   RO          870    i.ble_hrs_sensor_contact_detected_update  ble_hrs.o
    0x00019c7c   0x00000012   Code   RO          548    i.ble_srv_ascii_to_utf8  ble_srv_common.o
    0x00019c8e   0x00000002   PAD
    0x00019c90   0x00000040   Code   RO          549    i.ble_srv_report_ref_encode  ble_srv_common.o
    0x00019cd0   0x000000cc   Code   RO           10    i.ble_stack_init    peripherals_main.o
    0x00019d9c   0x000000ac   Code   RO          872    i.body_sensor_location_char_add  ble_hrs.o
    0x00019e48   0x00000050   Code   RO         1005    i.bond_data_load    device_manager_peripheral.o
    0x00019e98   0x00000040   Code   RO          453    i.bsp_btn_ble_init  bsp_btn_ble.o
    0x00019ed8   0x00000084   Code   RO          454    i.bsp_btn_ble_on_ble_evt  bsp_btn_ble.o
    0x00019f5c   0x0000001e   Code   RO          455    i.bsp_btn_ble_sleep_mode_prepare  bsp_btn_ble.o
    0x00019f7a   0x00000002   PAD
    0x00019f7c   0x000000d8   Code   RO          348    i.bsp_button_event_handler  bsp.o
    0x0001a054   0x00000038   Code   RO          349    i.bsp_button_is_pressed  bsp.o
    0x0001a08c   0x00000090   Code   RO           11    i.bsp_event_handler  peripherals_main.o
    0x0001a11c   0x0000005c   Code   RO          353    i.bsp_event_to_button_action_assign  bsp.o
    0x0001a178   0x00000024   Code   RO          354    i.bsp_indication_set  bsp.o
    0x0001a19c   0x000000d4   Code   RO          356    i.bsp_init          bsp.o
    0x0001a270   0x000004ec   Code   RO          357    i.bsp_led_indication  bsp.o
    0x0001a75c   0x0000005c   Code   RO          358    i.bsp_wakeup_buttons_set  bsp.o
    0x0001a7b8   0x0000000e   Code   RO          359    i.button_timer_handler  bsp.o
    0x0001a7c6   0x00000002   PAD
    0x0001a7c8   0x00000088   Code   RO           12    i.buttons_leds_init  peripherals_main.o
    0x0001a850   0x00000020   Code   RO         1334    i.channel_free      nrf_drv_gpiote.o
    0x0001a870   0x00000010   Code   RO         1335    i.channel_handler_get  nrf_drv_gpiote.o
    0x0001a880   0x00000078   Code   RO         1336    i.channel_port_alloc  nrf_drv_gpiote.o
    0x0001a8f8   0x0000000c   Code   RO         1337    i.channel_port_get  nrf_drv_gpiote.o
    0x0001a904   0x000000f0   Code   RO          965    i.char_add          ble_dis.o
    0x0001a9f4   0x00000168   Code   RO         1573    i.cmd_process       pstorage.o
    0x0001ab5c   0x0000002c   Code   RO         1574    i.cmd_queue_dequeue  pstorage.o
    0x0001ab88   0x0000003c   Code   RO         1575    i.cmd_queue_element_init  pstorage.o
    0x0001abc4   0x00000098   Code   RO         1576    i.cmd_queue_enqueue  pstorage.o
    0x0001ac5c   0x00000034   Code   RO         1577    i.cmd_queue_init    pstorage.o
    0x0001ac90   0x00000090   Code   RO         1896    i.compare_reg_update  app_timer.o
    0x0001ad20   0x0000005c   Code   RO          574    i.conn_int_check    ble_advdata.o
    0x0001ad7c   0x0000005c   Code   RO          575    i.conn_int_encode   ble_advdata.o
    0x0001add8   0x00000034   Code   RO           13    i.conn_params_error_handler  peripherals_main.o
    0x0001ae0c   0x00000088   Code   RO           14    i.conn_params_init  peripherals_main.o
    0x0001ae94   0x00000094   Code   RO          657    i.conn_params_negotiation  ble_conn_params.o
    0x0001af28   0x0000005a   Code   RO          456    i.connection_buttons_configure  bsp_btn_ble.o
    0x0001af82   0x00000002   PAD
    0x0001af84   0x00000048   Code   RO         1006    i.connection_instance_find  device_manager_peripheral.o
    0x0001afcc   0x00000038   Code   RO         1007    i.connection_instance_init  device_manager_peripheral.o
    0x0001b004   0x0000005c   Code   RO         1897    i.current_int_priority_get  app_timer.o
    0x0001b060   0x0000008c   Code   RO         2211    i.detection_delay_timeout_handler  app_button.o
    0x0001b0ec   0x000000d0   Code   RO         1008    i.device_context_store  device_manager_peripheral.o
    0x0001b1bc   0x0000007c   Code   RO         1009    i.device_instance_allocate  device_manager_peripheral.o
    0x0001b238   0x00000058   Code   RO         1010    i.device_instance_find  device_manager_peripheral.o
    0x0001b290   0x00000030   Code   RO         1011    i.device_instance_free  device_manager_peripheral.o
    0x0001b2c0   0x00000044   Code   RO           15    i.device_manager_evt_handler  peripherals_main.o
    0x0001b304   0x000000e4   Code   RO           16    i.device_manager_init  peripherals_main.o
    0x0001b3e8   0x00000640   Code   RO         1016    i.dm_ble_evt_handler  device_manager_peripheral.o
    0x0001ba28   0x0000001c   Code   RO         1022    i.dm_handle_initialize  device_manager_peripheral.o
    0x0001ba44   0x00000108   Code   RO         1023    i.dm_init           device_manager_peripheral.o
    0x0001bb4c   0x00000204   Code   RO         1026    i.dm_pstorage_cb_handler  device_manager_peripheral.o
    0x0001bd50   0x000000bc   Code   RO         1027    i.dm_register       device_manager_peripheral.o
    0x0001be0c   0x00000064   Code   RO         1898    i.elapsed_ticks_acquire  app_timer.o
    0x0001be70   0x0000006c   Code   RO         1899    i.expired_timers_handler  app_timer.o
    0x0001bedc   0x0000000a   Code   RO         1714    i.fifo_length       app_uart_fifo.o
    0x0001bee6   0x0000000a   Code   RO         2171    i.fifo_length       app_fifo.o
    0x0001bef0   0x000000d0   Code   RO           17    i.gap_params_init   peripherals_main.o
    0x0001bfc0   0x00000006   Code   RO         1034    i.gattc_context_apply  device_manager_peripheral.o
    0x0001bfc6   0x00000006   Code   RO         1035    i.gattc_context_load  device_manager_peripheral.o
    0x0001bfcc   0x00000006   Code   RO         1036    i.gattc_context_store  device_manager_peripheral.o
    0x0001bfd2   0x00000002   PAD
    0x0001bfd4   0x000000f4   Code   RO         1037    i.gatts_context_apply  device_manager_peripheral.o
    0x0001c0c8   0x00000048   Code   RO         1038    i.gatts_context_load  device_manager_peripheral.o
    0x0001c110   0x000000d8   Code   RO         1039    i.gatts_context_store  device_manager_peripheral.o
    0x0001c1e8   0x0000001a   Code   RO         1040    i.gattsc_context_apply  device_manager_peripheral.o
    0x0001c202   0x0000001e   Code   RO         1041    i.gattsc_context_load  device_manager_peripheral.o
    0x0001c220   0x0000001e   Code   RO         1042    i.gattsc_context_store  device_manager_peripheral.o
    0x0001c23e   0x00000002   PAD
    0x0001c240   0x00000080   Code   RO         2212    i.gpiote_event_handler  app_button.o
    0x0001c2c0   0x00000098   Code   RO           18    i.heart_rate_meas_timeout_handler  peripherals_main.o
    0x0001c358   0x000000f0   Code   RO          873    i.heart_rate_measurement_char_add  ble_hrs.o
    0x0001c448   0x000000ba   Code   RO          874    i.hrm_encode        ble_hrs.o
    0x0001c502   0x00000002   PAD
    0x0001c504   0x000000f4   Code   RO         2289    i.intern_softdevice_events_execute  softdevice_handler.o
    0x0001c5f8   0x00000024   Code   RO          658    i.is_conn_params_ok  ble_conn_params.o
    0x0001c61c   0x00000038   Code   RO          510    i.is_disabled_in_debug_needed  system_nrf51.o
    0x0001c654   0x0000006c   Code   RO          511    i.is_manual_peripheral_setup_needed  system_nrf51.o
    0x0001c6c0   0x00000012   Code   RO         1578    i.is_word_aligned   pstorage.o
    0x0001c6d2   0x00000002   PAD
    0x0001c6d4   0x00000024   Code   RO          360    i.leds_timer_handler  bsp.o
    0x0001c6f8   0x000000c0   Code   RO         1900    i.list_deletions_handler  app_timer.o
    0x0001c7b8   0x00000130   Code   RO         1901    i.list_insertions_handler  app_timer.o
    0x0001c8e8   0x00000078   Code   RO           19    i.main              peripherals_main.o
    0x0001c960   0x0000006a   Code   RO          576    i.manuf_specific_data_encode  ble_advdata.o
    0x0001c9ca   0x00000096   Code   RO          577    i.name_encode       ble_advdata.o
    0x0001ca60   0x00000006   Code   RO         1043    i.no_service_context_apply  device_manager_peripheral.o
    0x0001ca66   0x00000006   Code   RO         1044    i.no_service_context_load  device_manager_peripheral.o
    0x0001ca6c   0x00000006   Code   RO         1045    i.no_service_context_store  device_manager_peripheral.o
    0x0001ca72   0x00000002   PAD
    0x0001ca74   0x00000038   Code   RO         1300    i.nrf_drv_common_irq_enable  nrf_drv_common.o
    0x0001caac   0x000000b0   Code   RO         1340    i.nrf_drv_gpiote_in_event_enable  nrf_drv_gpiote.o
    0x0001cb5c   0x000000f4   Code   RO         1341    i.nrf_drv_gpiote_in_init  nrf_drv_gpiote.o
    0x0001cc50   0x00000020   Code   RO         1342    i.nrf_drv_gpiote_in_is_set  nrf_drv_gpiote.o
    0x0001cc70   0x00000050   Code   RO         1344    i.nrf_drv_gpiote_init  nrf_drv_gpiote.o
    0x0001ccc0   0x00000014   Code   RO         1345    i.nrf_drv_gpiote_is_init  nrf_drv_gpiote.o
    0x0001ccd4   0x00000046   Code   RO         1358    i.nrf_gpio_cfg_sense_set  nrf_drv_gpiote.o
    0x0001cd1a   0x00000002   PAD
    0x0001cd1c   0x0000000c   Code   RO         1361    i.nrf_gpiote_event_addr_get  nrf_drv_gpiote.o
    0x0001cd28   0x00000010   Code   RO         1362    i.nrf_gpiote_event_clear  nrf_drv_gpiote.o
    0x0001cd38   0x00000016   Code   RO         1363    i.nrf_gpiote_event_is_set  nrf_drv_gpiote.o
    0x0001cd4e   0x00000002   PAD
    0x0001cd50   0x0000000c   Code   RO         1364    i.nrf_gpiote_int_enable  nrf_drv_gpiote.o
    0x0001cd5c   0x00000058   Code   RO           20    i.on_adv_evt        peripherals_main.o
    0x0001cdb4   0x0000006c   Code   RO           21    i.on_ble_evt        peripherals_main.o
    0x0001ce20   0x00000054   Code   RO           22    i.on_conn_params_evt  peripherals_main.o
    0x0001ce74   0x00000018   Code   RO          659    i.on_conn_params_update  ble_conn_params.o
    0x0001ce8c   0x0000003c   Code   RO          660    i.on_connect        ble_conn_params.o
    0x0001cec8   0x00000006   Code   RO          821    i.on_connect        ble_bas.o
    0x0001cece   0x00000006   Code   RO          875    i.on_connect        ble_hrs.o
    0x0001ced4   0x00000028   Code   RO         1716    i.on_cts_high       app_uart_fifo.o
    0x0001cefc   0x00000054   Code   RO         1717    i.on_cts_low        app_uart_fifo.o
    0x0001cf50   0x00000044   Code   RO          661    i.on_disconnect     ble_conn_params.o
    0x0001cf94   0x00000008   Code   RO          822    i.on_disconnect     ble_bas.o
    0x0001cf9c   0x00000008   Code   RO          876    i.on_disconnect     ble_hrs.o
    0x0001cfa4   0x0000003e   Code   RO          877    i.on_hrm_cccd_write  ble_hrs.o
    0x0001cfe2   0x00000002   PAD
    0x0001cfe4   0x0000002c   Code   RO         1718    i.on_tx_ready       app_uart_fifo.o
    0x0001d010   0x00000008   Code   RO         1719    i.on_uart_close     app_uart_fifo.o
    0x0001d018   0x00000036   Code   RO         1720    i.on_uart_event     app_uart_fifo.o
    0x0001d04e   0x00000002   PAD
    0x0001d050   0x00000014   Code   RO         1721    i.on_uart_put       app_uart_fifo.o
    0x0001d064   0x0000005c   Code   RO          662    i.on_write          ble_conn_params.o
    0x0001d0c0   0x00000050   Code   RO          823    i.on_write          ble_bas.o
    0x0001d110   0x0000001a   Code   RO          878    i.on_write          ble_hrs.o
    0x0001d12a   0x0000001a   Code   RO          747    i.peer_address_exists  ble_advertising.o
    0x0001d144   0x00000050   Code   RO         1046    i.peer_instance_init  device_manager_peripheral.o
    0x0001d194   0x0000000c   Code   RO         1365    i.pin_from_port_get  nrf_drv_gpiote.o
    0x0001d1a0   0x0000001c   Code   RO         1366    i.pin_in_use_by_gpiote  nrf_drv_gpiote.o
    0x0001d1bc   0x00000018   Code   RO         1367    i.pin_in_use_by_port  nrf_drv_gpiote.o
    0x0001d1d4   0x00000020   Code   RO         1368    i.pin_in_use_by_te  nrf_drv_gpiote.o
    0x0001d1f4   0x00000010   Code   RO         1369    i.pin_in_use_clear  nrf_drv_gpiote.o
    0x0001d204   0x0000009c   Code   RO          966    i.pnp_id_encode     ble_dis.o
    0x0001d2a0   0x00000040   Code   RO           23    i.power_manage      peripherals_main.o
    0x0001d2e0   0x0000002c   Code   RO         1579    i.pstorage_access_status_get  pstorage.o
    0x0001d30c   0x00000090   Code   RO         1580    i.pstorage_block_identifier_get  pstorage.o
    0x0001d39c   0x000000b0   Code   RO         1581    i.pstorage_clear    pstorage.o
    0x0001d44c   0x00000028   Code   RO         1582    i.pstorage_flash_page_end  pstorage.o
    0x0001d474   0x0000000a   Code   RO         1583    i.pstorage_flash_page_size  pstorage.o
    0x0001d47e   0x00000002   PAD
    0x0001d480   0x0000009c   Code   RO         1584    i.pstorage_init     pstorage.o
    0x0001d51c   0x000000ec   Code   RO         1585    i.pstorage_load     pstorage.o
    0x0001d608   0x00000144   Code   RO         1586    i.pstorage_register  pstorage.o
    0x0001d74c   0x000000d4   Code   RO         1587    i.pstorage_store    pstorage.o
    0x0001d820   0x000001c4   Code   RO         1588    i.pstorage_sys_event_handler  pstorage.o
    0x0001d9e4   0x000000d4   Code   RO         1589    i.pstorage_update   pstorage.o
    0x0001dab8   0x00000034   Code   RO           24    i.rr_interval_timeout_handler  peripherals_main.o
    0x0001daec   0x0000000c   Code   RO         1902    i.rtc1_counter_get  app_timer.o
    0x0001daf8   0x00000018   Code   RO         1903    i.rtc1_init         app_timer.o
    0x0001db10   0x0000003c   Code   RO         1904    i.rtc1_start        app_timer.o
    0x0001db4c   0x00000058   Code   RO         1905    i.rtc1_stop         app_timer.o
    0x0001dba4   0x00000024   Code   RO           25    i.sensor_contact_detected_timeout_handler  peripherals_main.o
    0x0001dbc8   0x00000068   Code   RO           26    i.sensor_simulator_init  peripherals_main.o
    0x0001dc30   0x0000001a   Code   RO         2265    i.sensorsim_init    sensorsim.o
    0x0001dc4a   0x0000004a   Code   RO         2266    i.sensorsim_measure  sensorsim.o
    0x0001dc94   0x0000008c   Code   RO          578    i.service_data_encode  ble_advdata.o
    0x0001dd20   0x0000022c   Code   RO           27    i.services_init     peripherals_main.o
    0x0001df4c   0x00000084   Code   RO           28    i.sleep_mode_enter  peripherals_main.o
    0x0001dfd0   0x00000012   Code   RO         2290    i.softdevice_assertion_handler  softdevice_handler.o
    0x0001dfe2   0x00000002   PAD
    0x0001dfe4   0x00000018   Code   RO         2291    i.softdevice_ble_evt_handler_set  softdevice_handler.o
    0x0001dffc   0x00000068   Code   RO         2292    i.softdevice_handler_init  softdevice_handler.o
    0x0001e064   0x00000018   Code   RO         2294    i.softdevice_sys_evt_handler_set  softdevice_handler.o
    0x0001e07c   0x00000010   Code   RO          579    i.srdata_check      ble_advdata.o
    0x0001e08c   0x00000054   Code   RO          457    i.startup_event_extract  bsp_btn_ble.o
    0x0001e0e0   0x00000008   Code   RO         1047    i.storage_operation_dummy_handler  device_manager_peripheral.o
    0x0001e0e8   0x000001b4   Code   RO         1590    i.swap_state_process  pstorage.o
    0x0001e29c   0x00000012   Code   RO           29    i.sys_evt_dispatch  peripherals_main.o
    0x0001e2ae   0x00000002   PAD
    0x0001e2b0   0x000000a4   Code   RO          967    i.sys_id_encode     ble_dis.o
    0x0001e354   0x0000000a   Code   RO         1906    i.ticks_diff_get    app_timer.o
    0x0001e35e   0x00000002   PAD
    0x0001e360   0x0000006c   Code   RO         1907    i.timeout_handler_exec  app_timer.o
    0x0001e3cc   0x00000058   Code   RO         1908    i.timer_list_handler  app_timer.o
    0x0001e424   0x0000000a   Code   RO         1909    i.timer_list_handler_sched  app_timer.o
    0x0001e42e   0x00000002   PAD
    0x0001e430   0x000000dc   Code   RO         1910    i.timer_list_insert  app_timer.o
    0x0001e50c   0x000000cc   Code   RO         1911    i.timer_list_remove  app_timer.o
    0x0001e5d8   0x00000054   Code   RO         1912    i.timer_start_op_schedule  app_timer.o
    0x0001e62c   0x00000040   Code   RO         1914    i.timer_stop_op_schedule  app_timer.o
    0x0001e66c   0x0000009c   Code   RO         1915    i.timer_timeouts_check  app_timer.o
    0x0001e708   0x0000000a   Code   RO         1916    i.timer_timeouts_check_sched  app_timer.o
    0x0001e712   0x00000002   PAD
    0x0001e714   0x0000010c   Code   RO           30    i.timers_init       peripherals_main.o
    0x0001e820   0x00000030   Code   RO          580    i.tx_power_level_encode  ble_advdata.o
    0x0001e850   0x00000012   Code   RO          581    i.uint16_encode     ble_advdata.o
    0x0001e862   0x00000012   Code   RO          879    i.uint16_encode     ble_hrs.o
    0x0001e874   0x00000012   Code   RO          968    i.uint16_encode     ble_dis.o
    0x0001e886   0x00000002   PAD
    0x0001e888   0x00000014   Code   RO         1048    i.update_status_bit_reset  device_manager_peripheral.o
    0x0001e89c   0x0000009c   Code   RO          663    i.update_timeout_handler  ble_conn_params.o
    0x0001e938   0x00000022   Code   RO         1917    i.user_id_get       app_timer.o
    0x0001e95a   0x0000002c   Code   RO         1918    i.user_op_alloc     app_timer.o
    0x0001e986   0x00000004   Code   RO         1919    i.user_op_enque     app_timer.o
    0x0001e98a   0x00000040   Code   RO          582    i.uuid_list_encode  ble_advdata.o
    0x0001e9ca   0x000000c4   Code   RO          583    i.uuid_list_sized_encode  ble_advdata.o
    0x0001ea8e   0x00000016   Code   RO          748    i.whitelist_has_entries  ble_advertising.o
    0x0001eaa4   0x0000000c   Data   RO          361    .constdata          bsp.o
    0x0001eab0   0x00000034   Data   RO         1050    .constdata          device_manager_peripheral.o
    0x0001eae4   0x00000004   Data   RO         2213    .constdata          app_button.o
    0x0001eae8   0x0000004e   Data   RO          550    .conststring        ble_srv_common.o
    0x0001eb36   0x00000002   PAD
    0x0001eb38   0x00000055   Data   RO          969    .conststring        ble_dis.o
    0x0001eb8d   0x00000003   PAD
    0x0001eb90   0x00000061   Data   RO         1051    .conststring        device_manager_peripheral.o
    0x0001ebf1   0x00000003   PAD
    0x0001ebf4   0x00000020   Data   RO         2381    Region$$Table       anon$$obj.o


    Execution Region RW_IRAM1 (Base: 0x20002000, Size: 0x00001118, Max: 0x00006000, ABSOLUTE, COMPRESSED[0x00000020])

    Base Addr    Size         Type   Attr      Idx    E Section Name        Object

    0x20002000   0x00000041   Data   RW           32    .data               peripherals_main.o
    0x20002041   0x00000003   PAD
    0x20002044   0x00000022   Data   RW          362    .data               bsp.o
    0x20002066   0x00000002   PAD
    0x20002068   0x00000008   Data   RW          458    .data               bsp_btn_ble.o
    0x20002070   0x00000004   Data   RW          512    .data               system_nrf51.o
    0x20002074   0x00000019   Data   RW          665    .data               ble_conn_params.o
    0x2000208d   0x00000003   PAD
    0x20002090   0x00000022   Data   RW          750    .data               ble_advertising.o
    0x200020b2   0x0000004a   Data   RW          970    .data               ble_dis.o
    0x200020fc   0x00000014   Data   RW         1052    .data               device_manager_peripheral.o
    0x20002110   0x0000000c   Data   RW         1592    .data               pstorage.o
    0x2000211c   0x00000009   Data   RW         1726    .data               app_uart_fifo.o
    0x20002125   0x00000003   PAD
    0x20002128   0x0000000c   Data   RW         1857    .data               app_error.o
    0x20002134   0x0000002a   Data   RW         1920    .data               app_timer.o
    0x2000215e   0x00000002   PAD
    0x20002160   0x00000018   Data   RW         2214    .data               app_button.o
    0x20002178   0x00000018   Data   RW         2295    .data               softdevice_handler.o
    0x20002190   0x00000410   Zero   RW           31    .bss                peripherals_main.o
    0x200025a0   0x0000001c   Zero   RW          664    .bss                ble_conn_params.o
    0x200025bc   0x000000f7   Zero   RW          749    .bss                ble_advertising.o
    0x200026b3   0x00000001   PAD
    0x200026b4   0x00000127   Zero   RW         1049    .bss                device_manager_peripheral.o
    0x200027db   0x00000001   PAD
    0x200027dc   0x0000003c   Zero   RW         1370    .bss                nrf_drv_gpiote.o
    0x20002818   0x000000dc   Zero   RW         1591    .bss                pstorage.o
    0x200028f4   0x00000020   Zero   RW         1724    .bss                app_uart_fifo.o
    0x20002914   0x00000004   PAD
    0x20002918   0x00000800   Zero   RW          499    STACK               arm_startup_nrf51.o


==============================================================================

Image component sizes


      Code (inc. data)   RO Data    RW Data    ZI Data      Debug   Object Name

       476         78          4         24          0       6914   app_button.o
        60         12          0         12          0       1680   app_error.o
        94          0          0          0          0       2814   app_fifo.o
      2950        362          0         42          0      33819   app_timer.o
       608        108          0          9         32      12468   app_uart_fifo.o
        56         18        192          0       2048        652   arm_startup_nrf51.o
      1448          4          0          0          0      13982   ble_advdata.o
      1576        172          0         34        247      11021   ble_advertising.o
       808         18          0          0          0       7275   ble_bas.o
       766        126          0         25         28      14564   ble_conn_params.o
      1014         66         85         74          0       5515   ble_dis.o
      1054         22          0          0          0      13145   ble_hrs.o
        82          4         78          0          0       2008   ble_srv_common.o
      2078        172         12         34          0       9513   bsp.o
       490         20          0          8          0       5581   bsp_btn_ble.o
      4062        304        149         20        295      26997   device_manager_peripheral.o
       176         18          0          0          0       7688   nrf_drv_common.o
      1368        110          0          0         60      22200   nrf_drv_gpiote.o
      3504        906          0         65       1040     105291   peripherals_main.o
      3168        184          0         12        220      20194   pstorage.o
       100          0          0          0          0       2073   sensorsim.o
       526        168          0         24          0       5764   softdevice_handler.o
       220         26          0          4          0       1811   system_nrf51.o

    ----------------------------------------------------------------------
     26736       2898        560        400       3976     332969   Object Totals
         0          0         32          0          0          0   (incl. Generated)
        52          0          8         13          6          0   (incl. Padding)

    ----------------------------------------------------------------------

      Code (inc. data)   RO Data    RW Data    ZI Data      Debug   Library Member Name

        58          0          0          0          0          0   __dczerorl.o
         0          0          0          0          0          0   entry.o
         0          0          0          0          0          0   entry10a.o
         0          0          0          0          0          0   entry11a.o
         8          4          0          0          0          0   entry2.o
         4          0          0          0          0          0   entry5.o
         0          0          0          0          0          0   entry7b.o
         0          0          0          0          0          0   entry8b.o
         8          4          0          0          0          0   entry9a.o
        30          0          0          0          0          0   handlers.o
        40          0          0          0          0         72   idiv.o
        36          8          0          0          0         68   init.o
        26          0          0          0          0         72   memcmp.o
        64          0          0          0          0         68   memmovea.o
        36          0          0          0          0        100   memseta.o
        14          0          0          0          0         60   strlen.o
        44          0          0          0          0         72   uidiv.o

    ----------------------------------------------------------------------
       372         16          0          0          0        512   Library Totals
         4          0          0          0          0          0   (incl. Padding)

    ----------------------------------------------------------------------

      Code (inc. data)   RO Data    RW Data    ZI Data      Debug   Library Name

       368         16          0          0          0        512   mc_p.l

    ----------------------------------------------------------------------
       372         16          0          0          0        512   Library Totals

    ----------------------------------------------------------------------

==============================================================================


      Code (inc. data)   RO Data    RW Data    ZI Data      Debug   

     27108       2914        560        400       3976     323357   Grand Totals
     27108       2914        560         32       3976     323357   ELF Image Totals (compressed)
     27108       2914        560         32          0          0   ROM Totals

==============================================================================

    Total RO  Size (Code + RO Data)                27668 (  27.02kB)
    Total RW  Size (RW Data + ZI Data)              4376 (   4.27kB)
    Total ROM Size (Code + RO Data + RW Data)      27700 (  27.05kB)

==============================================================================

