<html>
<body>
<pre>
<h1>µVision Build Log</h1>
<h2>Project:</h2>
G:\nordic\my_prj\mdk\TEST.uvprojx
Project File Date:  05/28/2015

<h2>Output:</h2>
Build target 'NordicTest'
compiling main.c...
linking...
Program Size: Code=5052 RO-data=244 RW-data=28 ZI-data=4540  
".\TEST.axf" - 0 Error(s), 0 Warning(s).

<h2>Software Packages used:</h2>

Package Vendor: ARM
                http://www.keil.com/pack/ARM.CMSIS.4.1.0.pack
                ARM::CMSIS:CORE:3.30.0
                CMSIS (Cortex Microcontroller Software Interface Standard)
   * Component: CORE Version: 3.30.0

Package Vendor: NordicSemiconductor
                http://developer.nordicsemi.com/nRF51_SDK/pieces/nRF_DeviceFamilyPack/NordicSemiconductor.nRF_DeviceFamilyPack.7.2.1.pack
                NordicSemiconductor::Device:Startup:7.2.1
                Nordic Semiconductor nRF ARM devices Device Family Pack.
   * Component: Startup Version: 7.2.1

Package Vendor: NordicSemiconductor
                http://developer.nordicsemi.com/nRF51_SDK/pieces/nRF_Drivers/NordicSemiconductor.nRF_Drivers.3.0.0.pack
                NordicSemiconductor::nRF_Drivers:nrf_delay:3.0.0
                Drivers for Nordic Semiconductor nRF family.
   * Component: nrf_delay Version: 3.0.0
   * Component: nrf_gpio Version: 3.0.0
   * Component: nrf_gpiote Version: 3.0.0
   * Component: nrf_clock Version: 3.0.0
   * Component: nrf_error Variant: No_softdevice Version: 3.0.0
   * Component: nrf_drv_clock Version: 3.0.0
   * Component: nrf_drv_gpiote Version: 3.0.0
   * Component: nrf_drv_common Version: 3.0.0
   * Component: app_uart Variant: Fifo Version: 3.0.0

Package Vendor: NordicSemiconductor
                http://developer.nordicsemi.com/nRF51_SDK/pieces/nRF_Examples/NordicSemiconductor.nRF_Examples.8.1.0.pack
                NordicSemiconductor::Board Support:bsp:Defines:8.1.0
                Examples and BSP for Nordic Semiconductor nRF family.
   * Component: bsp Variant: Defines Version: 8.1.0

Package Vendor: NordicSemiconductor
                http://developer.nordicsemi.com/nRF51_SDK/pieces/nRF_Libraries/NordicSemiconductor.nRF_Libraries.3.0.0.pack
                NordicSemiconductor::nRF_Libraries:app_error:3.0.0
                Software modules for Nordic Semiconductor nRF family.
   * Component: app_error Version: 3.0.0
   * Component: retarget Version: 3.0.0
   * Component: app_fifo Version: 3.0.0
   * Component: app_trace Variant: default Version: 3.0.0
   * Component: nrf_assert Version: 3.0.0
   * Component: nordic_common Version: 3.0.0
   * Component: app_util Variant: No_softdevice Version: 3.0.0

<h2>Collection of Component include folders:</h2>
  G:\nordic\my_prj\mdk\RTE
  G:\nordic\my_prj\mdk\RTE\nRF_Drivers\nRF51822_xxAA
  G:\nordic\my_prj\mdk\RTE\nRF_Libraries\nRF51822_xxAA
  C:\Keil_v5\ARM\PACK\ARM\CMSIS\4.1.0\CMSIS\Include
  C:\Keil_v5\ARM\PACK\NordicSemiconductor\nRF_DeviceFamilyPack\7.2.1\Device\Include
  C:\Keil_v5\ARM\PACK\NordicSemiconductor\nRF_Drivers\3.0.0\clock
  C:\Keil_v5\ARM\PACK\NordicSemiconductor\nRF_Drivers\3.0.0\common
  C:\Keil_v5\ARM\PACK\NordicSemiconductor\nRF_Drivers\3.0.0\config
  C:\Keil_v5\ARM\PACK\NordicSemiconductor\nRF_Drivers\3.0.0\gpiote
  C:\Keil_v5\ARM\PACK\NordicSemiconductor\nRF_Drivers\3.0.0\hal
  C:\Keil_v5\ARM\PACK\NordicSemiconductor\nRF_Drivers\3.0.0\nrf_soc_nosd
  C:\Keil_v5\ARM\PACK\NordicSemiconductor\nRF_Drivers\3.0.0\uart
  C:\Keil_v5\ARM\PACK\NordicSemiconductor\nRF_Examples\8.1.0\bsp
  C:\Keil_v5\ARM\PACK\NordicSemiconductor\nRF_Libraries\3.0.0\fifo
  C:\Keil_v5\ARM\PACK\NordicSemiconductor\nRF_Libraries\3.0.0\trace
  C:\Keil_v5\ARM\PACK\NordicSemiconductor\nRF_Libraries\3.0.0\util

<h2>Collection of Component Files used:</h2>

   * Component: ARM::CMSIS:CORE:3.30.0
      Source file:   CMSIS\UserCodeTemplates\ARM\ITM_Retarget.c

   * Component: NordicSemiconductor::Device:Startup:7.2.1
      Source file:   Device\Source\arm\arm_startup_nrf51.s
      Source file:   Device\Source\system_nrf51.c
      Include file:  Device\Include\system_nrf51.h

   * Component: NordicSemiconductor::nRF_Drivers:nrf_delay:3.0.0
      Source file:   hal\nrf_delay.c
      Include file:  hal\nrf_delay.h

   * Component: NordicSemiconductor::nRF_Drivers:nrf_gpio:3.0.0
      Include file:  hal\nrf_gpio.h

   * Component: NordicSemiconductor::nRF_Drivers:nrf_gpiote:3.0.0
      Include file:  hal\nrf_gpiote.h

   * Component: NordicSemiconductor::nRF_Drivers:nrf_clock:3.0.0
      Include file:  hal\nrf_clock.h

   * Component: NordicSemiconductor::nRF_Drivers:nrf_error:No_softdevice:3.0.0

   * Component: NordicSemiconductor::nRF_Drivers:nrf_drv_clock:3.0.0
      Source file:   clock\nrf_drv_clock.c
      Include file:  clock\nrf_drv_clock.h
      Include file:  config\nrf_drv_config.h

   * Component: NordicSemiconductor::nRF_Drivers:nrf_drv_gpiote:3.0.0
      Source file:   gpiote\nrf_drv_gpiote.c
      Include file:  gpiote\nrf_drv_gpiote.h
      Include file:  config\nrf_drv_config.h

   * Component: NordicSemiconductor::nRF_Drivers:nrf_drv_common:3.0.0
      Source file:   common\nrf_drv_common.c
      Include file:  common\nrf_drv_common.h

   * Component: NordicSemiconductor::nRF_Drivers:app_uart:Fifo:3.0.0
      Source file:   uart\app_uart_fifo.c
      Include file:  uart\app_uart.h

   * Component: NordicSemiconductor::Board Support:bsp:Defines:8.1.0

   * Component: NordicSemiconductor::nRF_Libraries:app_error:3.0.0
      Source file:   util\app_error.c
      Include file:  util\app_error.h

   * Component: NordicSemiconductor::nRF_Libraries:retarget:3.0.0
      Source file:   uart\retarget.c

   * Component: NordicSemiconductor::nRF_Libraries:app_fifo:3.0.0
      Source file:   fifo\app_fifo.c
      Include file:  fifo\app_fifo.h

   * Component: NordicSemiconductor::nRF_Libraries:app_trace:default:3.0.0
      Source file:   trace\app_trace.c
      Include file:  trace\app_trace.h

   * Component: NordicSemiconductor::nRF_Libraries:nrf_assert:3.0.0
      Source file:   util\nrf_assert.c
      Include file:  util\nrf_assert.h

   * Component: NordicSemiconductor::nRF_Libraries:nordic_common:3.0.0

   * Component: NordicSemiconductor::nRF_Libraries:app_util:No_softdevice:3.0.0
      Source file:   util\app_util_platform.c
Load "G:\\nordic\\my_prj\\mdk\\TEST.axf" 
Set JLink Project File to "G:\nordic\my_prj\mdk\JLinkSettings.ini"
* JLink Info: Device "NRF51822_XXAA" selected (257 KB flash, 16 KB RAM).
 
JLink info:
------------
DLL: V4.80g, compiled Feb 13 2014 20:50:02
Firmware: J-Link ARM V8 compiled Jul 17 2014 12:31:18
Hardware: V8.00
Feature(s) : RDI,FlashDL,FlashBP,JFlash,GDBFull 
 
* JLink Info: Found SWD-DP with ID 0x0BB11477
* JLink Info: Found Cortex-M0 r0p0, Little endian.
* JLink Info: FPUnit: 4 code (BP) slots and 0 literal slots
ROMTableAddr = 0xE00FF003
 
Target info:
------------
Device: nRF51822_xxAA
VTarget = 3.325V
State of Pins: 
TCK: 0, TDI: 0, TDO: 0, TMS: 1, TRES: 1, TRST: 1
Hardware-Breakpoints: 4
Software-Breakpoints: 8192
Watchpoints:          2
JTAG speed: 2000 kHz
 
Erase Done.
Programming Done.
Verify OK.
