Product: MDK-ARM Standard 5.10
Component: ARM Compiler 5.04 update 1 (build 49)
Tool: armlink [5040049]

==============================================================================

Section Cross References

    main.o(.text) refers to _printf_percent.o(.ARM.Collect$$_printf_percent$$00000000) for _printf_percent
    main.o(.text) refers to _printf_d.o(.ARM.Collect$$_printf_percent$$00000009) for _printf_d
    main.o(.text) refers to _printf_s.o(.ARM.Collect$$_printf_percent$$00000014) for _printf_s
    main.o(.text) refers to _printf_dec.o(.text) for _printf_int_dec
    main.o(.text) refers to _printf_str.o(.text) for _printf_str
    main.o(.text) refers to _printf_u.o(.ARM.Collect$$_printf_percent$$0000000A) for _printf_u
    main.o(.text) refers to nrf_delay.o(.text) for nrf_delay_ms
    main.o(.text) refers to noretval__2printf.o(.text) for __2printf
    main.o(.text) refers to nrf_drv_gpiote.o(.text) for nrf_drv_gpiote_out_clear
    main.o(.text) refers to app_error.o(.text) for app_error_handler
    main.o(.text) refers to app_uart_fifo.o(.text) for app_uart_init
    main.o(.text) refers to radio_config.o(.text) for radio_configure
    main.o(.text) refers to main.o(.data) for packet
    main.o(.text) refers to main.o(.constdata) for leds_list
    main.o(.text) refers to main.o(.bss) for tx_buf
    arm_startup_nrf51.o(STACK) refers (Special) to heapauxi.o(.text) for __use_two_region_memory
    arm_startup_nrf51.o(HEAP) refers (Special) to heapauxi.o(.text) for __use_two_region_memory
    arm_startup_nrf51.o(RESET) refers (Special) to heapauxi.o(.text) for __use_two_region_memory
    arm_startup_nrf51.o(RESET) refers to arm_startup_nrf51.o(STACK) for __initial_sp
    arm_startup_nrf51.o(RESET) refers to arm_startup_nrf51.o(.text) for Reset_Handler
    arm_startup_nrf51.o(RESET) refers to app_uart_fifo.o(.text) for UART0_IRQHandler
    arm_startup_nrf51.o(RESET) refers to nrf_drv_gpiote.o(.text) for GPIOTE_IRQHandler
    arm_startup_nrf51.o(.text) refers (Special) to heapauxi.o(.text) for __use_two_region_memory
    arm_startup_nrf51.o(.text) refers to system_nrf51.o(.text) for SystemInit
    arm_startup_nrf51.o(.text) refers to __main.o(!!!main) for __main
    arm_startup_nrf51.o(.text) refers to arm_startup_nrf51.o(HEAP) for Heap_Mem
    arm_startup_nrf51.o(.text) refers to arm_startup_nrf51.o(STACK) for Stack_Mem
    system_nrf51.o(.text) refers to system_nrf51.o(.data) for SystemCoreClock
    app_uart_fifo.o(.text) refers to app_fifo.o(.text) for app_fifo_get
    app_uart_fifo.o(.text) refers to app_uart_fifo.o(i.__ARM_common_switch8) for __ARM_common_switch8
    app_uart_fifo.o(.text) refers to nrf_drv_gpiote.o(.text) for nrf_drv_gpiote_in_is_set
    app_uart_fifo.o(.text) refers to app_uart_fifo.o(.data) for m_current_state
    app_uart_fifo.o(.text) refers to app_uart_fifo.o(.bss) for m_tx_fifo
    app_uart_fifo.o(.text) refers to app_uart_fifo.o(.constdata) for .constdata
    nrf_drv_clock.o(.text) refers to nrf_drv_clock.o(.bss) for m_clock_cb
    nrf_drv_gpiote.o(.text) refers to nrf_drv_common.o(.text) for nrf_drv_common_irq_enable
    nrf_drv_gpiote.o(.text) refers to nrf_drv_gpiote.o(.bss) for m_cb
    nrf_delay.o(.text) refers to nrf_delay.o(.emb_text) for __asm___11_nrf_delay_c_532987f3__nrf_delay_us
    app_util_platform.o(.text) refers to app_util_platform.o(.data) for m_in_critical_region
    retarget.o(.text) refers to app_uart_fifo.o(.text) for app_uart_get
    __2printf.o(.text) refers to _printf_char_file.o(.text) for _printf_char_file
    __2printf.o(.text) refers to retarget.o(.data) for __stdout
    noretval__2printf.o(.text) refers to _printf_char_file.o(.text) for _printf_char_file
    noretval__2printf.o(.text) refers to retarget.o(.data) for __stdout
    __printf.o(.text) refers to _printf_percent.o(.ARM.Collect$$_printf_percent$$00000000) for _printf_percent
    _printf_str.o(.text) refers (Special) to _printf_char.o(.text) for _printf_cs_common
    _printf_dec.o(.text) refers to rtudiv10.o(.text) for __rt_udiv10
    _printf_dec.o(.text) refers to _printf_intcommon.o(.text) for _printf_int_common
    __printf_flags.o(.text) refers to _printf_percent.o(.ARM.Collect$$_printf_percent$$00000000) for _printf_percent
    __printf_flags.o(.text) refers to __printf_flags.o(.constdata) for .constdata
    __printf_ss.o(.text) refers to _printf_percent.o(.ARM.Collect$$_printf_percent$$00000000) for _printf_percent
    __printf_flags_ss.o(.text) refers to _printf_percent.o(.ARM.Collect$$_printf_percent$$00000000) for _printf_percent
    __printf_flags_ss.o(.text) refers to __printf_flags_ss.o(.constdata) for .constdata
    __printf_wp.o(.text) refers to __printf_wp.o(i._is_digit) for _is_digit
    __printf_wp.o(.text) refers to _printf_percent.o(.ARM.Collect$$_printf_percent$$00000000) for _printf_percent
    __printf_flags_wp.o(.text) refers to __printf_wp.o(i._is_digit) for _is_digit
    __printf_flags_wp.o(.text) refers to _printf_percent.o(.ARM.Collect$$_printf_percent$$00000000) for _printf_percent
    __printf_flags_wp.o(.text) refers to __printf_flags_wp.o(.constdata) for .constdata
    __printf_ss_wp.o(.text) refers to __printf_wp.o(i._is_digit) for _is_digit
    __printf_ss_wp.o(.text) refers to _printf_percent.o(.ARM.Collect$$_printf_percent$$00000000) for _printf_percent
    __printf_flags_ss_wp.o(.text) refers to __printf_wp.o(i._is_digit) for _is_digit
    __printf_flags_ss_wp.o(.text) refers to _printf_percent.o(.ARM.Collect$$_printf_percent$$00000000) for _printf_percent
    __printf_flags_ss_wp.o(.text) refers to __printf_flags_ss_wp.o(.constdata) for .constdata
    _printf_s.o(.ARM.Collect$$_printf_percent$$00000014) refers (Weak) to _printf_char.o(.text) for _printf_string
    _printf_d.o(.ARM.Collect$$_printf_percent$$00000009) refers (Weak) to _printf_dec.o(.text) for _printf_int_dec
    _printf_u.o(.ARM.Collect$$_printf_percent$$0000000A) refers (Weak) to _printf_dec.o(.text) for _printf_int_dec
    _printf_percent.o(.ARM.Collect$$_printf_percent$$00000000) refers (Special) to _printf_percent_end.o(.ARM.Collect$$_printf_percent$$00000017) for _printf_percent_end
    __main.o(!!!main) refers to rtentry.o(.ARM.Collect$$rtentry$$00000000) for __rt_entry
    rtentry.o(.ARM.Collect$$rtentry$$00000000) refers (Special) to rtentry2.o(.ARM.Collect$$rtentry$$0000000A) for __rt_entry_li
    rtentry.o(.ARM.Collect$$rtentry$$00000000) refers (Special) to rtentry2.o(.ARM.Collect$$rtentry$$0000000D) for __rt_entry_main
    rtentry.o(.ARM.Collect$$rtentry$$00000000) refers (Special) to rtentry2.o(.ARM.Collect$$rtentry$$0000000C) for __rt_entry_postli_1
    rtentry.o(.ARM.Collect$$rtentry$$00000000) refers (Special) to rtentry2.o(.ARM.Collect$$rtentry$$00000009) for __rt_entry_postsh_1
    rtentry.o(.ARM.Collect$$rtentry$$00000000) refers (Special) to rtentry2.o(.ARM.Collect$$rtentry$$00000002) for __rt_entry_presh_1
    rtentry.o(.ARM.Collect$$rtentry$$00000000) refers (Special) to rtentry4.o(.ARM.Collect$$rtentry$$00000004) for __rt_entry_sh
    _printf_char.o(.text) refers (Weak) to _printf_str.o(.text) for _printf_str
    _printf_char_file.o(.text) refers to _printf_char_common.o(.text) for _printf_char_common
    _printf_char_file.o(.text) refers to ferror.o(.text) for ferror
    _printf_char_file.o(.text) refers to retarget.o(.text) for fputc
    rtentry2.o(.ARM.Collect$$rtentry$$00000008) refers to boardinit2.o(.text) for _platform_post_stackheap_init
    rtentry2.o(.ARM.Collect$$rtentry$$0000000A) refers to libinit.o(.ARM.Collect$$libinit$$00000000) for __rt_lib_init
    rtentry2.o(.ARM.Collect$$rtentry$$0000000B) refers to boardinit3.o(.text) for _platform_post_lib_init
    rtentry2.o(.ARM.Collect$$rtentry$$0000000D) refers to main.o(.text) for main
    rtentry2.o(.ARM.Collect$$rtentry$$0000000D) refers to exit.o(.text) for exit
    rtentry2.o(.ARM.exidx) refers to rtentry2.o(.ARM.Collect$$rtentry$$00000001) for .ARM.Collect$$rtentry$$00000001
    rtentry2.o(.ARM.exidx) refers to rtentry2.o(.ARM.Collect$$rtentry$$00000008) for .ARM.Collect$$rtentry$$00000008
    rtentry2.o(.ARM.exidx) refers to rtentry2.o(.ARM.Collect$$rtentry$$0000000A) for .ARM.Collect$$rtentry$$0000000A
    rtentry2.o(.ARM.exidx) refers to rtentry2.o(.ARM.Collect$$rtentry$$0000000B) for .ARM.Collect$$rtentry$$0000000B
    rtentry2.o(.ARM.exidx) refers to rtentry2.o(.ARM.Collect$$rtentry$$0000000D) for .ARM.Collect$$rtentry$$0000000D
    rtentry4.o(.ARM.Collect$$rtentry$$00000004) refers to sys_stackheap_outer.o(.text) for __user_setup_stackheap
    rtentry4.o(.ARM.exidx) refers to rtentry4.o(.ARM.Collect$$rtentry$$00000004) for .ARM.Collect$$rtentry$$00000004
    _printf_char_common.o(.text) refers to __printf.o(.text) for __printf
    sys_stackheap_outer.o(.text) refers to libspace.o(.text) for __user_perproc_libspace
    sys_stackheap_outer.o(.text) refers to arm_startup_nrf51.o(.text) for __user_initial_stackheap
    sys_stackheap_outer.o(__vectab_stack_and_reset_area) refers to tempstk.o(.text) for __temporary_stack_top
    sys_stackheap_outer.o(__vectab_stack_and_reset_area) refers to __main.o(!!!main) for __main
    exit.o(.text) refers to rtexit.o(.ARM.Collect$$rtexit$$00000000) for __rt_exit
    libinit.o(.ARM.Collect$$libinit$$00000000) refers (Special) to libinit2.o(.ARM.Collect$$libinit$$0000002C) for __rt_lib_init_alloca_1
    libinit.o(.ARM.Collect$$libinit$$00000000) refers (Special) to libinit2.o(.ARM.Collect$$libinit$$0000002A) for __rt_lib_init_argv_1
    libinit.o(.ARM.Collect$$libinit$$00000000) refers (Special) to libinit2.o(.ARM.Collect$$libinit$$00000019) for __rt_lib_init_atexit_1
    libinit.o(.ARM.Collect$$libinit$$00000000) refers (Special) to libinit2.o(.ARM.Collect$$libinit$$0000001F) for __rt_lib_init_clock_1
    libinit.o(.ARM.Collect$$libinit$$00000000) refers (Special) to libinit2.o(.ARM.Collect$$libinit$$00000030) for __rt_lib_init_cpp_1
    libinit.o(.ARM.Collect$$libinit$$00000000) refers (Special) to libinit2.o(.ARM.Collect$$libinit$$0000002E) for __rt_lib_init_exceptions_1
    libinit.o(.ARM.Collect$$libinit$$00000000) refers (Special) to libinit2.o(.ARM.Collect$$libinit$$00000001) for __rt_lib_init_fp_1
    libinit.o(.ARM.Collect$$libinit$$00000000) refers (Special) to libinit2.o(.ARM.Collect$$libinit$$0000001D) for __rt_lib_init_fp_trap_1
    libinit.o(.ARM.Collect$$libinit$$00000000) refers (Special) to libinit2.o(.ARM.Collect$$libinit$$00000021) for __rt_lib_init_getenv_1
    libinit.o(.ARM.Collect$$libinit$$00000000) refers (Special) to libinit2.o(.ARM.Collect$$libinit$$00000008) for __rt_lib_init_heap_1
    libinit.o(.ARM.Collect$$libinit$$00000000) refers (Special) to libinit2.o(.ARM.Collect$$libinit$$0000000F) for __rt_lib_init_lc_collate_1
    libinit.o(.ARM.Collect$$libinit$$00000000) refers (Special) to libinit2.o(.ARM.Collect$$libinit$$00000011) for __rt_lib_init_lc_ctype_1
    libinit.o(.ARM.Collect$$libinit$$00000000) refers (Special) to libinit2.o(.ARM.Collect$$libinit$$00000013) for __rt_lib_init_lc_monetary_1
    libinit.o(.ARM.Collect$$libinit$$00000000) refers (Special) to libinit2.o(.ARM.Collect$$libinit$$00000015) for __rt_lib_init_lc_numeric_1
    libinit.o(.ARM.Collect$$libinit$$00000000) refers (Special) to libinit2.o(.ARM.Collect$$libinit$$00000017) for __rt_lib_init_lc_time_1
    libinit.o(.ARM.Collect$$libinit$$00000000) refers (Special) to libinit2.o(.ARM.Collect$$libinit$$0000000C) for __rt_lib_init_rand_1
    libinit.o(.ARM.Collect$$libinit$$00000000) refers (Special) to libinit2.o(.ARM.Collect$$libinit$$00000031) for __rt_lib_init_return
    libinit.o(.ARM.Collect$$libinit$$00000000) refers (Special) to libinit2.o(.ARM.Collect$$libinit$$0000001B) for __rt_lib_init_signal_1
    libinit.o(.ARM.Collect$$libinit$$00000000) refers (Special) to libinit2.o(.ARM.Collect$$libinit$$00000023) for __rt_lib_init_stdio_1
    libinit.o(.ARM.Collect$$libinit$$00000000) refers (Special) to libinit2.o(.ARM.Collect$$libinit$$0000000A) for __rt_lib_init_user_alloc_1
    libspace.o(.text) refers to libspace.o(.bss) for __libspace_start
    rtexit.o(.ARM.Collect$$rtexit$$00000000) refers (Special) to rtexit2.o(.ARM.Collect$$rtexit$$00000004) for __rt_exit_exit
    rtexit.o(.ARM.Collect$$rtexit$$00000000) refers (Special) to rtexit2.o(.ARM.Collect$$rtexit$$00000003) for __rt_exit_ls
    rtexit.o(.ARM.Collect$$rtexit$$00000000) refers (Special) to rtexit2.o(.ARM.Collect$$rtexit$$00000002) for __rt_exit_prels_1
    rtexit.o(.ARM.exidx) refers (Special) to rtexit2.o(.ARM.Collect$$rtexit$$00000004) for __rt_exit_exit
    rtexit.o(.ARM.exidx) refers (Special) to rtexit2.o(.ARM.Collect$$rtexit$$00000003) for __rt_exit_ls
    rtexit.o(.ARM.exidx) refers (Special) to rtexit2.o(.ARM.Collect$$rtexit$$00000002) for __rt_exit_prels_1
    rtexit.o(.ARM.exidx) refers to rtexit.o(.ARM.Collect$$rtexit$$00000000) for .ARM.Collect$$rtexit$$00000000
    libinit2.o(.ARM.Collect$$libinit$$0000000E) refers to libinit2.o(.ARM.Collect$$libinit$$0000000D) for .ARM.Collect$$libinit$$0000000D
    libinit2.o(.ARM.Collect$$libinit$$00000010) refers to libinit2.o(.ARM.Collect$$libinit$$0000000D) for .ARM.Collect$$libinit$$0000000D
    libinit2.o(.ARM.Collect$$libinit$$00000012) refers to libinit2.o(.ARM.Collect$$libinit$$0000000D) for .ARM.Collect$$libinit$$0000000D
    libinit2.o(.ARM.Collect$$libinit$$00000014) refers to libinit2.o(.ARM.Collect$$libinit$$0000000D) for .ARM.Collect$$libinit$$0000000D
    libinit2.o(.ARM.Collect$$libinit$$00000016) refers to libinit2.o(.ARM.Collect$$libinit$$0000000D) for .ARM.Collect$$libinit$$0000000D
    libinit2.o(.ARM.Collect$$libinit$$00000024) refers to argv_veneer.o(.text) for __ARM_argv_veneer
    libinit2.o(.ARM.Collect$$libinit$$00000025) refers to argv_veneer.o(.text) for __ARM_argv_veneer
    rtexit2.o(.ARM.Collect$$rtexit$$00000003) refers to libshutdown.o(.ARM.Collect$$libshutdown$$00000000) for __rt_lib_shutdown
    rtexit2.o(.ARM.Collect$$rtexit$$00000004) refers to sys_exit.o(.text) for _sys_exit
    rtexit2.o(.ARM.exidx) refers to rtexit2.o(.ARM.Collect$$rtexit$$00000001) for .ARM.Collect$$rtexit$$00000001
    rtexit2.o(.ARM.exidx) refers to rtexit2.o(.ARM.Collect$$rtexit$$00000003) for .ARM.Collect$$rtexit$$00000003
    rtexit2.o(.ARM.exidx) refers to rtexit2.o(.ARM.Collect$$rtexit$$00000004) for .ARM.Collect$$rtexit$$00000004
    sys_exit.o(.text) refers (Special) to use_no_semi.o(.text) for __I$use$semihosting
    sys_exit.o(.text) refers (Special) to indicate_semi.o(.text) for __semihosting_library_function
    _get_argv_nomalloc.o(.text) refers (Special) to hrguard.o(.text) for __heap_region$guard
    _get_argv_nomalloc.o(.text) refers to defsig_rtmem_outer.o(.text) for __rt_SIGRTMEM
    _get_argv_nomalloc.o(.text) refers to sys_command.o(.text) for _sys_command_string
    libshutdown.o(.ARM.Collect$$libshutdown$$00000000) refers (Special) to libshutdown2.o(.ARM.Collect$$libshutdown$$00000006) for __rt_lib_shutdown_fp_trap_1
    libshutdown.o(.ARM.Collect$$libshutdown$$00000000) refers (Special) to libshutdown2.o(.ARM.Collect$$libshutdown$$0000000E) for __rt_lib_shutdown_heap_1
    libshutdown.o(.ARM.Collect$$libshutdown$$00000000) refers (Special) to libshutdown2.o(.ARM.Collect$$libshutdown$$0000000F) for __rt_lib_shutdown_return
    libshutdown.o(.ARM.Collect$$libshutdown$$00000000) refers (Special) to libshutdown2.o(.ARM.Collect$$libshutdown$$00000009) for __rt_lib_shutdown_signal_1
    libshutdown.o(.ARM.Collect$$libshutdown$$00000000) refers (Special) to libshutdown2.o(.ARM.Collect$$libshutdown$$00000003) for __rt_lib_shutdown_stdio_1
    libshutdown.o(.ARM.Collect$$libshutdown$$00000000) refers (Special) to libshutdown2.o(.ARM.Collect$$libshutdown$$0000000B) for __rt_lib_shutdown_user_alloc_1
    sys_command.o(.text) refers (Special) to use_no_semi.o(.text) for __I$use$semihosting
    sys_command.o(.text) refers (Special) to indicate_semi.o(.text) for __semihosting_library_function
    defsig_rtmem_outer.o(.text) refers to defsig_rtmem_inner.o(.text) for __rt_SIGRTMEM_inner
    defsig_rtmem_outer.o(.text) refers to defsig_exit.o(.text) for __sig_exit
    defsig_rtmem_formal.o(.text) refers to rt_raise.o(.text) for __rt_raise
    rt_raise.o(.text) refers to __raise.o(.text) for __raise
    rt_raise.o(.text) refers to sys_exit.o(.text) for _sys_exit
    defsig_exit.o(.text) refers to sys_exit.o(.text) for _sys_exit
    defsig_rtmem_inner.o(.text) refers to defsig_general.o(.text) for __default_signal_display
    __raise.o(.text) refers to defsig.o(CL$$defsig) for __default_signal_handler
    defsig_general.o(.text) refers to sys_wrch.o(.text) for _ttywrch
    sys_wrch.o(.text) refers (Special) to use_no_semi.o(.text) for __I$use$semihosting
    sys_wrch.o(.text) refers (Special) to indicate_semi.o(.text) for __semihosting_library_function
    defsig.o(CL$$defsig) refers to defsig_rtmem_inner.o(.text) for __rt_SIGRTMEM_inner
    defsig_abrt_inner.o(.text) refers to defsig_general.o(.text) for __default_signal_display
    defsig_fpe_inner.o(.text) refers to defsig_general.o(.text) for __default_signal_display
    defsig_rtred_inner.o(.text) refers to defsig_general.o(.text) for __default_signal_display
    defsig_stak_inner.o(.text) refers to defsig_general.o(.text) for __default_signal_display
    defsig_pvfn_inner.o(.text) refers to defsig_general.o(.text) for __default_signal_display
    defsig_cppl_inner.o(.text) refers to defsig_general.o(.text) for __default_signal_display
    defsig_segv_inner.o(.text) refers to defsig_general.o(.text) for __default_signal_display
    defsig_other.o(.text) refers to defsig_general.o(.text) for __default_signal_display


==============================================================================

Removing Unused input sections from the image.

    Removing main.o(.rev16_text), (4 bytes).
    Removing main.o(.revsh_text), (4 bytes).
    Removing main.o(.emb_text), (30 bytes).
    Removing system_nrf51.o(.rev16_text), (4 bytes).
    Removing system_nrf51.o(.revsh_text), (4 bytes).
    Removing app_uart_fifo.o(.rev16_text), (4 bytes).
    Removing app_uart_fifo.o(.revsh_text), (4 bytes).
    Removing nrf_drv_clock.o(.rev16_text), (4 bytes).
    Removing nrf_drv_clock.o(.revsh_text), (4 bytes).
    Removing nrf_drv_clock.o(.text), (520 bytes).
    Removing nrf_drv_clock.o(.bss), (12 bytes).
    Removing nrf_drv_common.o(.rev16_text), (4 bytes).
    Removing nrf_drv_common.o(.revsh_text), (4 bytes).
    Removing nrf_drv_gpiote.o(.rev16_text), (4 bytes).
    Removing nrf_drv_gpiote.o(.revsh_text), (4 bytes).
    Removing nrf_delay.o(.rev16_text), (4 bytes).
    Removing nrf_delay.o(.revsh_text), (4 bytes).
    Removing radio_config.o(.rev16_text), (4 bytes).
    Removing radio_config.o(.revsh_text), (4 bytes).
    Removing radio_config.o(.emb_text), (30 bytes).
    Removing app_error.o(.rev16_text), (4 bytes).
    Removing app_error.o(.revsh_text), (4 bytes).
    Removing app_util_platform.o(.rev16_text), (4 bytes).
    Removing app_util_platform.o(.revsh_text), (4 bytes).
    Removing app_util_platform.o(.text), (40 bytes).
    Removing app_util_platform.o(.data), (4 bytes).
    Removing retarget.o(.rev16_text), (4 bytes).
    Removing retarget.o(.revsh_text), (4 bytes).

28 unused section(s) (total 724 bytes) removed from the image.

==============================================================================

Image Symbol Table

    Local Symbols

    Symbol Name                              Value     Ov Type        Size  Object(Section)

    RESET                                    0x00000000   Section      192  arm_startup_nrf51.o(RESET)
    ../clib/angel/boardlib.s                 0x00000000   Number         0  boardinit3.o ABSOLUTE
    ../clib/angel/boardlib.s                 0x00000000   Number         0  boardshut.o ABSOLUTE
    ../clib/angel/boardlib.s                 0x00000000   Number         0  boardinit1.o ABSOLUTE
    ../clib/angel/boardlib.s                 0x00000000   Number         0  boardinit2.o ABSOLUTE
    ../clib/angel/handlers.s                 0x00000000   Number         0  __scatter_zi.o ABSOLUTE
    ../clib/angel/handlers.s                 0x00000000   Number         0  __scatter_copy.o ABSOLUTE
    ../clib/angel/kernel.s                   0x00000000   Number         0  rtexit.o ABSOLUTE
    ../clib/angel/kernel.s                   0x00000000   Number         0  rtentry.o ABSOLUTE
    ../clib/angel/kernel.s                   0x00000000   Number         0  rtexit2.o ABSOLUTE
    ../clib/angel/kernel.s                   0x00000000   Number         0  rtentry4.o ABSOLUTE
    ../clib/angel/kernel.s                   0x00000000   Number         0  rtentry2.o ABSOLUTE
    ../clib/angel/rt.s                       0x00000000   Number         0  rt_raise.o ABSOLUTE
    ../clib/angel/scatterp.s                 0x00000000   Number         0  __scatter.o ABSOLUTE
    ../clib/angel/startup.s                  0x00000000   Number         0  __main.o ABSOLUTE
    ../clib/angel/sys.s                      0x00000000   Number         0  tempstk.o ABSOLUTE
    ../clib/angel/sys.s                      0x00000000   Number         0  use_no_semi.o ABSOLUTE
    ../clib/angel/sys.s                      0x00000000   Number         0  indicate_semi.o ABSOLUTE
    ../clib/angel/sys.s                      0x00000000   Number         0  libspace.o ABSOLUTE
    ../clib/angel/sys.s                      0x00000000   Number         0  sys_stackheap_outer.o ABSOLUTE
    ../clib/angel/sysapp.c                   0x00000000   Number         0  sys_command.o ABSOLUTE
    ../clib/angel/sysapp.c                   0x00000000   Number         0  sys_wrch.o ABSOLUTE
    ../clib/angel/sysapp.c                   0x00000000   Number         0  sys_exit.o ABSOLUTE
    ../clib/armsys.c                         0x00000000   Number         0  _get_argv_nomalloc.o ABSOLUTE
    ../clib/armsys.c                         0x00000000   Number         0  no_argv.o ABSOLUTE
    ../clib/armsys.c                         0x00000000   Number         0  argv_veneer.o ABSOLUTE
    ../clib/division.c                       0x00000000   Number         0  rtudiv10.o ABSOLUTE
    ../clib/heapalloc.c                      0x00000000   Number         0  hrguard.o ABSOLUTE
    ../clib/heapaux.c                        0x00000000   Number         0  heapauxi.o ABSOLUTE
    ../clib/libinit.s                        0x00000000   Number         0  libinit2.o ABSOLUTE
    ../clib/libinit.s                        0x00000000   Number         0  libinit.o ABSOLUTE
    ../clib/libinit.s                        0x00000000   Number         0  libshutdown2.o ABSOLUTE
    ../clib/libinit.s                        0x00000000   Number         0  libshutdown.o ABSOLUTE
    ../clib/printf.c                         0x00000000   Number         0  __printf_flags_ss_wp.o ABSOLUTE
    ../clib/printf.c                         0x00000000   Number         0  __printf_flags_ss.o ABSOLUTE
    ../clib/printf.c                         0x00000000   Number         0  noretval__2printf.o ABSOLUTE
    ../clib/printf.c                         0x00000000   Number         0  __printf.o ABSOLUTE
    ../clib/printf.c                         0x00000000   Number         0  _printf_str.o ABSOLUTE
    ../clib/printf.c                         0x00000000   Number         0  __printf_flags.o ABSOLUTE
    ../clib/printf.c                         0x00000000   Number         0  __printf_ss.o ABSOLUTE
    ../clib/printf.c                         0x00000000   Number         0  __2printf.o ABSOLUTE
    ../clib/printf.c                         0x00000000   Number         0  __printf_nopercent.o ABSOLUTE
    ../clib/printf.c                         0x00000000   Number         0  __printf_wp.o ABSOLUTE
    ../clib/printf.c                         0x00000000   Number         0  __printf_flags_wp.o ABSOLUTE
    ../clib/printf.c                         0x00000000   Number         0  _printf_dec.o ABSOLUTE
    ../clib/printf.c                         0x00000000   Number         0  _printf_char_common.o ABSOLUTE
    ../clib/printf.c                         0x00000000   Number         0  _printf_char_file.o ABSOLUTE
    ../clib/printf.c                         0x00000000   Number         0  _printf_char.o ABSOLUTE
    ../clib/printf.c                         0x00000000   Number         0  _printf_intcommon.o ABSOLUTE
    ../clib/printf.c                         0x00000000   Number         0  __printf_ss_wp.o ABSOLUTE
    ../clib/printf_percent.s                 0x00000000   Number         0  _printf_s.o ABSOLUTE
    ../clib/printf_percent.s                 0x00000000   Number         0  _printf_percent.o ABSOLUTE
    ../clib/printf_percent.s                 0x00000000   Number         0  _printf_d.o ABSOLUTE
    ../clib/printf_percent.s                 0x00000000   Number         0  _printf_u.o ABSOLUTE
    ../clib/printf_percent.s                 0x00000000   Number         0  _printf_percent_end.o ABSOLUTE
    ../clib/signal.c                         0x00000000   Number         0  defsig_stak_inner.o ABSOLUTE
    ../clib/signal.c                         0x00000000   Number         0  defsig_rtred_inner.o ABSOLUTE
    ../clib/signal.c                         0x00000000   Number         0  defsig_fpe_inner.o ABSOLUTE
    ../clib/signal.c                         0x00000000   Number         0  defsig_abrt_inner.o ABSOLUTE
    ../clib/signal.c                         0x00000000   Number         0  defsig_cppl_inner.o ABSOLUTE
    ../clib/signal.c                         0x00000000   Number         0  defsig_segv_inner.o ABSOLUTE
    ../clib/signal.c                         0x00000000   Number         0  defsig_general.o ABSOLUTE
    ../clib/signal.c                         0x00000000   Number         0  __raise.o ABSOLUTE
    ../clib/signal.c                         0x00000000   Number         0  defsig_pvfn_inner.o ABSOLUTE
    ../clib/signal.c                         0x00000000   Number         0  defsig_rtmem_inner.o ABSOLUTE
    ../clib/signal.c                         0x00000000   Number         0  defsig_exit.o ABSOLUTE
    ../clib/signal.c                         0x00000000   Number         0  defsig_other.o ABSOLUTE
    ../clib/signal.c                         0x00000000   Number         0  defsig_rtmem_formal.o ABSOLUTE
    ../clib/signal.c                         0x00000000   Number         0  defsig_rtmem_outer.o ABSOLUTE
    ../clib/signal.s                         0x00000000   Number         0  defsig.o ABSOLUTE
    ../clib/stdio.c                          0x00000000   Number         0  ferror_locked.o ABSOLUTE
    ../clib/stdio.c                          0x00000000   Number         0  ferror.o ABSOLUTE
    ../clib/stdlib.c                         0x00000000   Number         0  exit.o ABSOLUTE
    ../fplib/cfplib/fpinit.c                 0x00000000   Number         0  fpinit.o ABSOLUTE
    ..\\src\\main.c                          0x00000000   Number         0  main.o ABSOLUTE
    ..\src\main.c                            0x00000000   Number         0  main.o ABSOLUTE
    C:\Keil_v5\ARM\PACK\NordicSemiconductor\nRF_Drivers\3.0.0\clock\nrf_drv_clock.c 0x00000000   Number         0  nrf_drv_clock.o ABSOLUTE
    C:\Keil_v5\ARM\PACK\NordicSemiconductor\nRF_Drivers\3.0.0\common\nrf_drv_common.c 0x00000000   Number         0  nrf_drv_common.o ABSOLUTE
    C:\Keil_v5\ARM\PACK\NordicSemiconductor\nRF_Drivers\3.0.0\gpiote\nrf_drv_gpiote.c 0x00000000   Number         0  nrf_drv_gpiote.o ABSOLUTE
    C:\Keil_v5\ARM\PACK\NordicSemiconductor\nRF_Drivers\3.0.0\hal\nrf_delay.c 0x00000000   Number         0  nrf_delay.o ABSOLUTE
    C:\\Keil_v5\\ARM\\PACK\\NordicSemiconductor\\nRF_Drivers\\3.0.0\\clock\\nrf_drv_clock.c 0x00000000   Number         0  nrf_drv_clock.o ABSOLUTE
    C:\\Keil_v5\\ARM\\PACK\\NordicSemiconductor\\nRF_Drivers\\3.0.0\\common\\nrf_drv_common.c 0x00000000   Number         0  nrf_drv_common.o ABSOLUTE
    C:\\Keil_v5\\ARM\\PACK\\NordicSemiconductor\\nRF_Drivers\\3.0.0\\gpiote\\nrf_drv_gpiote.c 0x00000000   Number         0  nrf_drv_gpiote.o ABSOLUTE
    C:\\Keil_v5\\ARM\\PACK\\NordicSemiconductor\\nRF_Drivers\\3.0.0\\hal\\nrf_delay.c 0x00000000   Number         0  nrf_delay.o ABSOLUTE
    RTE\Device\nRF51822_xxAA\arm_startup_nrf51.s 0x00000000   Number         0  arm_startup_nrf51.o ABSOLUTE
    RTE\Device\nRF51822_xxAA\system_nrf51.c  0x00000000   Number         0  system_nrf51.o ABSOLUTE
    RTE\\Device\\nRF51822_xxAA\\system_nrf51.c 0x00000000   Number         0  system_nrf51.o ABSOLUTE
    RTE\\nRF_Drivers\\nRF51822_xxAA\\app_uart_fifo.c 0x00000000   Number         0  app_uart_fifo.o ABSOLUTE
    RTE\\nRF_Drivers\\nRF51822_xxAA\\radio_config.c 0x00000000   Number         0  radio_config.o ABSOLUTE
    RTE\\nRF_Libraries\\nRF51822_xxAA\\app_error.c 0x00000000   Number         0  app_error.o ABSOLUTE
    RTE\\nRF_Libraries\\nRF51822_xxAA\\app_util_platform.c 0x00000000   Number         0  app_util_platform.o ABSOLUTE
    RTE\\nRF_Libraries\\nRF51822_xxAA\\retarget.c 0x00000000   Number         0  retarget.o ABSOLUTE
    RTE\nRF_Drivers\nRF51822_xxAA\app_uart_fifo.c 0x00000000   Number         0  app_uart_fifo.o ABSOLUTE
    RTE\nRF_Drivers\nRF51822_xxAA\radio_config.c 0x00000000   Number         0  radio_config.o ABSOLUTE
    RTE\nRF_Libraries\nRF51822_xxAA\app_error.c 0x00000000   Number         0  app_error.o ABSOLUTE
    RTE\nRF_Libraries\nRF51822_xxAA\app_fifo.c 0x00000000   Number         0  app_fifo.o ABSOLUTE
    RTE\nRF_Libraries\nRF51822_xxAA\app_trace.c 0x00000000   Number         0  app_trace.o ABSOLUTE
    RTE\nRF_Libraries\nRF51822_xxAA\app_util_platform.c 0x00000000   Number         0  app_util_platform.o ABSOLUTE
    RTE\nRF_Libraries\nRF51822_xxAA\nrf_assert.c 0x00000000   Number         0  nrf_assert.o ABSOLUTE
    RTE\nRF_Libraries\nRF51822_xxAA\retarget.c 0x00000000   Number         0  retarget.o ABSOLUTE
    dc.s                                     0x00000000   Number         0  dc.o ABSOLUTE
    !!!main                                  0x000000c0   Section        8  __main.o(!!!main)
    !!!scatter                               0x000000c8   Section       60  __scatter.o(!!!scatter)
    !!handler_copy                           0x00000104   Section       26  __scatter_copy.o(!!handler_copy)
    !!handler_zi                             0x00000120   Section       28  __scatter_zi.o(!!handler_zi)
    .ARM.Collect$$_printf_percent$$00000000  0x0000013c   Section        2  _printf_percent.o(.ARM.Collect$$_printf_percent$$00000000)
    .ARM.Collect$$_printf_percent$$00000009  0x0000013e   Section       10  _printf_d.o(.ARM.Collect$$_printf_percent$$00000009)
    .ARM.Collect$$_printf_percent$$0000000A  0x00000148   Section       10  _printf_u.o(.ARM.Collect$$_printf_percent$$0000000A)
    .ARM.Collect$$_printf_percent$$00000014  0x00000152   Section       10  _printf_s.o(.ARM.Collect$$_printf_percent$$00000014)
    .ARM.Collect$$_printf_percent$$00000017  0x0000015c   Section        4  _printf_percent_end.o(.ARM.Collect$$_printf_percent$$00000017)
    .ARM.Collect$$libinit$$00000000          0x00000160   Section        2  libinit.o(.ARM.Collect$$libinit$$00000000)
    .ARM.Collect$$libinit$$00000001          0x00000162   Section        4  libinit2.o(.ARM.Collect$$libinit$$00000001)
    .ARM.Collect$$libinit$$00000008          0x00000166   Section        0  libinit2.o(.ARM.Collect$$libinit$$00000008)
    .ARM.Collect$$libinit$$0000000A          0x00000166   Section        0  libinit2.o(.ARM.Collect$$libinit$$0000000A)
    .ARM.Collect$$libinit$$0000000C          0x00000166   Section        0  libinit2.o(.ARM.Collect$$libinit$$0000000C)
    .ARM.Collect$$libinit$$0000000F          0x00000166   Section        0  libinit2.o(.ARM.Collect$$libinit$$0000000F)
    .ARM.Collect$$libinit$$00000011          0x00000166   Section        0  libinit2.o(.ARM.Collect$$libinit$$00000011)
    .ARM.Collect$$libinit$$00000013          0x00000166   Section        0  libinit2.o(.ARM.Collect$$libinit$$00000013)
    .ARM.Collect$$libinit$$00000015          0x00000166   Section        0  libinit2.o(.ARM.Collect$$libinit$$00000015)
    .ARM.Collect$$libinit$$00000017          0x00000166   Section        0  libinit2.o(.ARM.Collect$$libinit$$00000017)
    .ARM.Collect$$libinit$$00000019          0x00000166   Section        0  libinit2.o(.ARM.Collect$$libinit$$00000019)
    .ARM.Collect$$libinit$$0000001B          0x00000166   Section        0  libinit2.o(.ARM.Collect$$libinit$$0000001B)
    .ARM.Collect$$libinit$$0000001D          0x00000166   Section        0  libinit2.o(.ARM.Collect$$libinit$$0000001D)
    .ARM.Collect$$libinit$$0000001F          0x00000166   Section        0  libinit2.o(.ARM.Collect$$libinit$$0000001F)
    .ARM.Collect$$libinit$$00000021          0x00000166   Section        0  libinit2.o(.ARM.Collect$$libinit$$00000021)
    .ARM.Collect$$libinit$$00000023          0x00000166   Section        0  libinit2.o(.ARM.Collect$$libinit$$00000023)
    .ARM.Collect$$libinit$$0000002A          0x00000166   Section        0  libinit2.o(.ARM.Collect$$libinit$$0000002A)
    .ARM.Collect$$libinit$$0000002C          0x00000166   Section        0  libinit2.o(.ARM.Collect$$libinit$$0000002C)
    .ARM.Collect$$libinit$$0000002E          0x00000166   Section        0  libinit2.o(.ARM.Collect$$libinit$$0000002E)
    .ARM.Collect$$libinit$$00000030          0x00000166   Section        0  libinit2.o(.ARM.Collect$$libinit$$00000030)
    .ARM.Collect$$libinit$$00000031          0x00000166   Section        2  libinit2.o(.ARM.Collect$$libinit$$00000031)
    .ARM.Collect$$libshutdown$$00000000      0x00000168   Section        2  libshutdown.o(.ARM.Collect$$libshutdown$$00000000)
    .ARM.Collect$$libshutdown$$00000003      0x0000016a   Section        0  libshutdown2.o(.ARM.Collect$$libshutdown$$00000003)
    .ARM.Collect$$libshutdown$$00000006      0x0000016a   Section        0  libshutdown2.o(.ARM.Collect$$libshutdown$$00000006)
    .ARM.Collect$$libshutdown$$00000009      0x0000016a   Section        0  libshutdown2.o(.ARM.Collect$$libshutdown$$00000009)
    .ARM.Collect$$libshutdown$$0000000B      0x0000016a   Section        0  libshutdown2.o(.ARM.Collect$$libshutdown$$0000000B)
    .ARM.Collect$$libshutdown$$0000000E      0x0000016a   Section        0  libshutdown2.o(.ARM.Collect$$libshutdown$$0000000E)
    .ARM.Collect$$libshutdown$$0000000F      0x0000016a   Section        2  libshutdown2.o(.ARM.Collect$$libshutdown$$0000000F)
    .ARM.Collect$$rtentry$$00000000          0x0000016c   Section        0  rtentry.o(.ARM.Collect$$rtentry$$00000000)
    .ARM.Collect$$rtentry$$00000002          0x0000016c   Section        0  rtentry2.o(.ARM.Collect$$rtentry$$00000002)
    .ARM.Collect$$rtentry$$00000004          0x0000016c   Section        6  rtentry4.o(.ARM.Collect$$rtentry$$00000004)
    .ARM.Collect$$rtentry$$00000009          0x00000172   Section        0  rtentry2.o(.ARM.Collect$$rtentry$$00000009)
    .ARM.Collect$$rtentry$$0000000A          0x00000172   Section        4  rtentry2.o(.ARM.Collect$$rtentry$$0000000A)
    .ARM.Collect$$rtentry$$0000000C          0x00000176   Section        0  rtentry2.o(.ARM.Collect$$rtentry$$0000000C)
    .ARM.Collect$$rtentry$$0000000D          0x00000176   Section        8  rtentry2.o(.ARM.Collect$$rtentry$$0000000D)
    .ARM.Collect$$rtexit$$00000000           0x0000017e   Section        2  rtexit.o(.ARM.Collect$$rtexit$$00000000)
    .ARM.Collect$$rtexit$$00000002           0x00000180   Section        0  rtexit2.o(.ARM.Collect$$rtexit$$00000002)
    .ARM.Collect$$rtexit$$00000003           0x00000180   Section        4  rtexit2.o(.ARM.Collect$$rtexit$$00000003)
    .ARM.Collect$$rtexit$$00000004           0x00000184   Section        6  rtexit2.o(.ARM.Collect$$rtexit$$00000004)
    .emb_text                                0x0000018c   Section       30  nrf_delay.o(.emb_text)
    .text                                    0x000001ac   Section        0  main.o(.text)
    .text                                    0x00000518   Section       84  arm_startup_nrf51.o(.text)
    .text                                    0x0000056c   Section        0  system_nrf51.o(.text)
    is_disabled_in_debug_needed              0x00000575   Thumb Code    52  system_nrf51.o(.text)
    is_manual_peripheral_setup_needed        0x000005a9   Thumb Code   104  system_nrf51.o(.text)
    .text                                    0x00000654   Section        0  app_uart_fifo.o(.text)
    action_uart_deactivate                   0x00000655   Thumb Code    22  app_uart_fifo.o(.text)
    action_tx_send                           0x00000687   Thumb Code    64  app_uart_fifo.o(.text)
    action_tx_ready                          0x000006c7   Thumb Code    24  app_uart_fifo.o(.text)
    on_cts_high                              0x000006df   Thumb Code    36  app_uart_fifo.o(.text)
    on_cts_low                               0x00000703   Thumb Code    66  app_uart_fifo.o(.text)
    on_tx_ready                              0x00000745   Thumb Code    38  app_uart_fifo.o(.text)
    on_uart_put                              0x0000076b   Thumb Code    16  app_uart_fifo.o(.text)
    on_uart_close                            0x0000077b   Thumb Code     8  app_uart_fifo.o(.text)
    on_uart_event                            0x00000783   Thumb Code    54  app_uart_fifo.o(.text)
    gpiote_uart_event_handler                0x000007b9   Thumb Code    32  app_uart_fifo.o(.text)
    uart_no_flow_control_init                0x00000867   Thumb Code    50  app_uart_fifo.o(.text)
    uart_standard_flow_control_init          0x00000899   Thumb Code    50  app_uart_fifo.o(.text)
    NVIC_SetPriority                         0x00000b13   Thumb Code   110  app_uart_fifo.o(.text)
    fifo_length                              0x00000b81   Thumb Code    10  app_uart_fifo.o(.text)
    .text                                    0x00000ba4   Section        0  nrf_drv_common.o(.text)
    NVIC_SetPriority                         0x00000bd5   Thumb Code   110  nrf_drv_common.o(.text)
    .text                                    0x00000c50   Section        0  nrf_drv_gpiote.o(.text)
    nrf_gpio_cfg_sense_set                   0x00000c51   Thumb Code    70  nrf_drv_gpiote.o(.text)
    pin_in_use_by_te                         0x00000c97   Thumb Code    26  nrf_drv_gpiote.o(.text)
    channel_port_alloc                       0x00000cb1   Thumb Code   116  nrf_drv_gpiote.o(.text)
    channel_free                             0x00000d25   Thumb Code    28  nrf_drv_gpiote.o(.text)
    nrf_gpiote_event_addr_get                0x00001435   Thumb Code     8  nrf_drv_gpiote.o(.text)
    nrf_gpiote_event_is_set                  0x0000143d   Thumb Code    22  nrf_drv_gpiote.o(.text)
    nrf_gpiote_event_clear                   0x00001453   Thumb Code    16  nrf_drv_gpiote.o(.text)
    nrf_gpiote_int_enable                    0x00001463   Thumb Code     6  nrf_drv_gpiote.o(.text)
    nrf_gpio_cfg_default                     0x00001469   Thumb Code    18  nrf_drv_gpiote.o(.text)
    nrf_gpio_pin_set                         0x0000147b   Thumb Code    10  nrf_drv_gpiote.o(.text)
    nrf_gpio_pin_clear                       0x00001485   Thumb Code    10  nrf_drv_gpiote.o(.text)
    pin_in_use_by_port                       0x0000148f   Thumb Code    46  nrf_drv_gpiote.o(.text)
    pin_in_use_by_gpiote                     0x000014bd   Thumb Code    22  nrf_drv_gpiote.o(.text)
    pin_in_use_clear                         0x000014d3   Thumb Code    10  nrf_drv_gpiote.o(.text)
    channel_port_get                         0x000014dd   Thumb Code     8  nrf_drv_gpiote.o(.text)
    pin_from_port_get                        0x000014e5   Thumb Code    10  nrf_drv_gpiote.o(.text)
    channel_handler_get                      0x000014ef   Thumb Code    12  nrf_drv_gpiote.o(.text)
    .text                                    0x00001500   Section        0  nrf_delay.o(.text)
    .text                                    0x0000151c   Section        0  radio_config.o(.text)
    swap_bits                                0x0000151d   Thumb Code    36  radio_config.o(.text)
    bytewise_bitswap                         0x00001541   Thumb Code    42  radio_config.o(.text)
    .text                                    0x00001630   Section        0  app_error.o(.text)
    .text                                    0x00001650   Section        0  app_fifo.o(.text)
    fifo_length                              0x000016d9   Thumb Code    10  app_fifo.o(.text)
    .text                                    0x000016e2   Section        0  retarget.o(.text)
    .text                                    0x00001708   Section        0  noretval__2printf.o(.text)
    .text                                    0x00001724   Section        0  __printf.o(.text)
    .text                                    0x00001790   Section        0  _printf_str.o(.text)
    .text                                    0x000017e4   Section        0  _printf_dec.o(.text)
    .text                                    0x00001850   Section        0  heapauxi.o(.text)
    .text                                    0x00001856   Section        0  _printf_intcommon.o(.text)
    .text                                    0x00001906   Section        0  _printf_char.o(.text)
    .text                                    0x00001934   Section        0  _printf_char_file.o(.text)
    .text                                    0x0000195c   Section        0  rtudiv10.o(.text)
    .text                                    0x00001984   Section        0  _printf_char_common.o(.text)
    _printf_input_char                       0x00001985   Thumb Code    10  _printf_char_common.o(.text)
    .text                                    0x000019b4   Section        0  ferror.o(.text)
    .text                                    0x000019bc   Section       62  sys_stackheap_outer.o(.text)
    .text                                    0x000019fa   Section        0  exit.o(.text)
    .text                                    0x00001a08   Section        8  libspace.o(.text)
    .text                                    0x00001a10   Section        0  sys_exit.o(.text)
    .text                                    0x00001a1c   Section        2  use_no_semi.o(.text)
    .text                                    0x00001a1e   Section        0  indicate_semi.o(.text)
    i.__ARM_common_switch8                   0x00001a1e   Section        0  app_uart_fifo.o(i.__ARM_common_switch8)
    .constdata                               0x00001a3c   Section       24  main.o(.constdata)
    .constdata                               0x00001a54   Section        8  app_uart_fifo.o(.constdata)
    .data                                    0x20000000   Section        9  main.o(.data)
    selected_led_num                         0x20000000   Data           1  main.o(.data)
    packet                                   0x20000004   Data           4  main.o(.data)
    rx_buf                                   0x20000008   Data           1  main.o(.data)
    .data                                    0x2000000c   Section        4  system_nrf51.o(.data)
    __tagsym$$used                           0x2000000c   Number         0  system_nrf51.o(.data)
    .data                                    0x20000010   Section        9  app_uart_fifo.o(.data)
    m_instance_counter                       0x20000010   Data           1  app_uart_fifo.o(.data)
    m_event_handler                          0x20000014   Data           4  app_uart_fifo.o(.data)
    m_current_state                          0x20000018   Data           1  app_uart_fifo.o(.data)
    .data                                    0x2000001c   Section        8  retarget.o(.data)
    .bss                                     0x20000024   Section      128  main.o(.bss)
    tx_buf                                   0x20000024   Data         128  main.o(.bss)
    .bss                                     0x200000a4   Section       32  app_uart_fifo.o(.bss)
    m_rx_fifo                                0x200000a4   Data          16  app_uart_fifo.o(.bss)
    m_tx_fifo                                0x200000b4   Data          16  app_uart_fifo.o(.bss)
    .bss                                     0x200000c4   Section       60  nrf_drv_gpiote.o(.bss)
    m_cb                                     0x200000c4   Data          60  nrf_drv_gpiote.o(.bss)
    .bss                                     0x20000100   Section       96  libspace.o(.bss)
    HEAP                                     0x20000160   Section     2048  arm_startup_nrf51.o(HEAP)
    Heap_Mem                                 0x20000160   Data        2048  arm_startup_nrf51.o(HEAP)
    STACK                                    0x20000960   Section     2048  arm_startup_nrf51.o(STACK)
    Stack_Mem                                0x20000960   Data        2048  arm_startup_nrf51.o(STACK)
    __initial_sp                             0x20001160   Data           0  arm_startup_nrf51.o(STACK)

    Global Symbols

    Symbol Name                              Value     Ov Type        Size  Object(Section)

    BuildAttributes$$THM_ISAv3M$S$PE$A:L22$X:L11$S22$IEEE1$IW$USESV6$~STKCKD$USESV7$~SHL$OSPACE$ROPI$EBA8$UX$STANDARDLIB$REQ8$PRES8$EABIv2 0x00000000   Number         0  anon$$obj.o ABSOLUTE
    __ARM_use_no_argv                        0x00000000   Number         0  main.o ABSOLUTE
    __Vectors                                0x00000000   Data           4  arm_startup_nrf51.o(RESET)
    __ARM_exceptions_init                     - Undefined Weak Reference
    __alloca_initialize                       - Undefined Weak Reference
    __cpp_initialize__aeabi_                  - Undefined Weak Reference
    __cxa_finalize                            - Undefined Weak Reference
    __rt_locale                               - Undefined Weak Reference
    __sigvec_lookup                           - Undefined Weak Reference
    _atexit_init                              - Undefined Weak Reference
    _call_atexit_fns                          - Undefined Weak Reference
    _clock_init                               - Undefined Weak Reference
    _fp_trap_init                             - Undefined Weak Reference
    _fp_trap_shutdown                         - Undefined Weak Reference
    _get_lc_collate                           - Undefined Weak Reference
    _get_lc_ctype                             - Undefined Weak Reference
    _get_lc_monetary                          - Undefined Weak Reference
    _get_lc_numeric                           - Undefined Weak Reference
    _get_lc_time                              - Undefined Weak Reference
    _getenv_init                              - Undefined Weak Reference
    _handle_redirection                       - Undefined Weak Reference
    _init_alloc                               - Undefined Weak Reference
    _init_user_alloc                          - Undefined Weak Reference
    _initio                                   - Undefined Weak Reference
    _mutex_acquire                            - Undefined Weak Reference
    _mutex_release                            - Undefined Weak Reference
    _printf_mbtowc                            - Undefined Weak Reference
    _printf_post_padding                      - Undefined Weak Reference
    _printf_pre_padding                       - Undefined Weak Reference
    _printf_truncate_signed                   - Undefined Weak Reference
    _printf_truncate_unsigned                 - Undefined Weak Reference
    _rand_init                                - Undefined Weak Reference
    _signal_finish                            - Undefined Weak Reference
    _signal_init                              - Undefined Weak Reference
    _terminate_alloc                          - Undefined Weak Reference
    _terminate_user_alloc                     - Undefined Weak Reference
    _terminateio                              - Undefined Weak Reference
    __Vectors_End                            0x000000c0   Data           0  arm_startup_nrf51.o(RESET)
    __Vectors_Size                           0x000000c0   Number         0  arm_startup_nrf51.o ABSOLUTE
    __main                                   0x000000c1   Thumb Code     8  __main.o(!!!main)
    __scatterload                            0x000000c9   Thumb Code     0  __scatter.o(!!!scatter)
    __scatterload_rt2                        0x000000c9   Thumb Code    52  __scatter.o(!!!scatter)
    __scatterload_rt2_thumb_only             0x000000c9   Thumb Code     0  __scatter.o(!!!scatter)
    __scatterload_null                       0x000000d9   Thumb Code     0  __scatter.o(!!!scatter)
    __scatterload_copy                       0x00000105   Thumb Code    26  __scatter_copy.o(!!handler_copy)
    __scatterload_zeroinit                   0x00000121   Thumb Code    28  __scatter_zi.o(!!handler_zi)
    _printf_percent                          0x0000013d   Thumb Code     0  _printf_percent.o(.ARM.Collect$$_printf_percent$$00000000)
    _printf_d                                0x0000013f   Thumb Code     0  _printf_d.o(.ARM.Collect$$_printf_percent$$00000009)
    _printf_u                                0x00000149   Thumb Code     0  _printf_u.o(.ARM.Collect$$_printf_percent$$0000000A)
    _printf_s                                0x00000153   Thumb Code     0  _printf_s.o(.ARM.Collect$$_printf_percent$$00000014)
    _printf_percent_end                      0x0000015d   Thumb Code     0  _printf_percent_end.o(.ARM.Collect$$_printf_percent$$00000017)
    __rt_lib_init                            0x00000161   Thumb Code     0  libinit.o(.ARM.Collect$$libinit$$00000000)
    __rt_lib_init_fp_1                       0x00000163   Thumb Code     0  libinit2.o(.ARM.Collect$$libinit$$00000001)
    __rt_lib_init_alloca_1                   0x00000167   Thumb Code     0  libinit2.o(.ARM.Collect$$libinit$$0000002C)
    __rt_lib_init_argv_1                     0x00000167   Thumb Code     0  libinit2.o(.ARM.Collect$$libinit$$0000002A)
    __rt_lib_init_atexit_1                   0x00000167   Thumb Code     0  libinit2.o(.ARM.Collect$$libinit$$00000019)
    __rt_lib_init_clock_1                    0x00000167   Thumb Code     0  libinit2.o(.ARM.Collect$$libinit$$0000001F)
    __rt_lib_init_cpp_1                      0x00000167   Thumb Code     0  libinit2.o(.ARM.Collect$$libinit$$00000030)
    __rt_lib_init_exceptions_1               0x00000167   Thumb Code     0  libinit2.o(.ARM.Collect$$libinit$$0000002E)
    __rt_lib_init_fp_trap_1                  0x00000167   Thumb Code     0  libinit2.o(.ARM.Collect$$libinit$$0000001D)
    __rt_lib_init_getenv_1                   0x00000167   Thumb Code     0  libinit2.o(.ARM.Collect$$libinit$$00000021)
    __rt_lib_init_heap_1                     0x00000167   Thumb Code     0  libinit2.o(.ARM.Collect$$libinit$$00000008)
    __rt_lib_init_lc_collate_1               0x00000167   Thumb Code     0  libinit2.o(.ARM.Collect$$libinit$$0000000F)
    __rt_lib_init_lc_ctype_1                 0x00000167   Thumb Code     0  libinit2.o(.ARM.Collect$$libinit$$00000011)
    __rt_lib_init_lc_monetary_1              0x00000167   Thumb Code     0  libinit2.o(.ARM.Collect$$libinit$$00000013)
    __rt_lib_init_lc_numeric_1               0x00000167   Thumb Code     0  libinit2.o(.ARM.Collect$$libinit$$00000015)
    __rt_lib_init_lc_time_1                  0x00000167   Thumb Code     0  libinit2.o(.ARM.Collect$$libinit$$00000017)
    __rt_lib_init_rand_1                     0x00000167   Thumb Code     0  libinit2.o(.ARM.Collect$$libinit$$0000000C)
    __rt_lib_init_return                     0x00000167   Thumb Code     0  libinit2.o(.ARM.Collect$$libinit$$00000031)
    __rt_lib_init_signal_1                   0x00000167   Thumb Code     0  libinit2.o(.ARM.Collect$$libinit$$0000001B)
    __rt_lib_init_stdio_1                    0x00000167   Thumb Code     0  libinit2.o(.ARM.Collect$$libinit$$00000023)
    __rt_lib_init_user_alloc_1               0x00000167   Thumb Code     0  libinit2.o(.ARM.Collect$$libinit$$0000000A)
    __rt_lib_shutdown                        0x00000169   Thumb Code     0  libshutdown.o(.ARM.Collect$$libshutdown$$00000000)
    __rt_lib_shutdown_fp_trap_1              0x0000016b   Thumb Code     0  libshutdown2.o(.ARM.Collect$$libshutdown$$00000006)
    __rt_lib_shutdown_heap_1                 0x0000016b   Thumb Code     0  libshutdown2.o(.ARM.Collect$$libshutdown$$0000000E)
    __rt_lib_shutdown_return                 0x0000016b   Thumb Code     0  libshutdown2.o(.ARM.Collect$$libshutdown$$0000000F)
    __rt_lib_shutdown_signal_1               0x0000016b   Thumb Code     0  libshutdown2.o(.ARM.Collect$$libshutdown$$00000009)
    __rt_lib_shutdown_stdio_1                0x0000016b   Thumb Code     0  libshutdown2.o(.ARM.Collect$$libshutdown$$00000003)
    __rt_lib_shutdown_user_alloc_1           0x0000016b   Thumb Code     0  libshutdown2.o(.ARM.Collect$$libshutdown$$0000000B)
    __rt_entry                               0x0000016d   Thumb Code     0  rtentry.o(.ARM.Collect$$rtentry$$00000000)
    __rt_entry_presh_1                       0x0000016d   Thumb Code     0  rtentry2.o(.ARM.Collect$$rtentry$$00000002)
    __rt_entry_sh                            0x0000016d   Thumb Code     0  rtentry4.o(.ARM.Collect$$rtentry$$00000004)
    __rt_entry_li                            0x00000173   Thumb Code     0  rtentry2.o(.ARM.Collect$$rtentry$$0000000A)
    __rt_entry_postsh_1                      0x00000173   Thumb Code     0  rtentry2.o(.ARM.Collect$$rtentry$$00000009)
    __rt_entry_main                          0x00000177   Thumb Code     0  rtentry2.o(.ARM.Collect$$rtentry$$0000000D)
    __rt_entry_postli_1                      0x00000177   Thumb Code     0  rtentry2.o(.ARM.Collect$$rtentry$$0000000C)
    __rt_exit                                0x0000017f   Thumb Code     0  rtexit.o(.ARM.Collect$$rtexit$$00000000)
    __rt_exit_ls                             0x00000181   Thumb Code     0  rtexit2.o(.ARM.Collect$$rtexit$$00000003)
    __rt_exit_prels_1                        0x00000181   Thumb Code     0  rtexit2.o(.ARM.Collect$$rtexit$$00000002)
    __rt_exit_exit                           0x00000185   Thumb Code     0  rtexit2.o(.ARM.Collect$$rtexit$$00000004)
    __asm___11_nrf_delay_c_532987f3__nrf_delay_us 0x0000018d   Thumb Code    30  nrf_delay.o(.emb_text)
    uart_error_handle                        0x000001ad   Thumb Code     2  main.o(.text)
    send_packet                              0x000001af   Thumb Code    74  main.o(.text)
    button_press_handler                     0x000001f9   Thumb Code    98  main.o(.text)
    ButtonInit                               0x0000025b   Thumb Code   142  main.o(.text)
    ReadOutProtect                           0x000002e9   Thumb Code     8  main.o(.text)
    GetFirmID                                0x000002f1   Thumb Code     6  main.o(.text)
    clock_initialization                     0x000002f7   Thumb Code    52  main.o(.text)
    read_packet                              0x0000032b   Thumb Code    88  main.o(.text)
    main                                     0x00000383   Thumb Code   222  main.o(.text)
    Reset_Handler                            0x00000519   Thumb Code    26  arm_startup_nrf51.o(.text)
    NMI_Handler                              0x00000533   Thumb Code     2  arm_startup_nrf51.o(.text)
    HardFault_Handler                        0x00000535   Thumb Code     2  arm_startup_nrf51.o(.text)
    SVC_Handler                              0x00000537   Thumb Code     2  arm_startup_nrf51.o(.text)
    PendSV_Handler                           0x00000539   Thumb Code     2  arm_startup_nrf51.o(.text)
    SysTick_Handler                          0x0000053b   Thumb Code     2  arm_startup_nrf51.o(.text)
    ADC_IRQHandler                           0x0000053d   Thumb Code     0  arm_startup_nrf51.o(.text)
    CCM_AAR_IRQHandler                       0x0000053d   Thumb Code     0  arm_startup_nrf51.o(.text)
    ECB_IRQHandler                           0x0000053d   Thumb Code     0  arm_startup_nrf51.o(.text)
    LPCOMP_IRQHandler                        0x0000053d   Thumb Code     0  arm_startup_nrf51.o(.text)
    POWER_CLOCK_IRQHandler                   0x0000053d   Thumb Code     0  arm_startup_nrf51.o(.text)
    QDEC_IRQHandler                          0x0000053d   Thumb Code     0  arm_startup_nrf51.o(.text)
    RADIO_IRQHandler                         0x0000053d   Thumb Code     0  arm_startup_nrf51.o(.text)
    RNG_IRQHandler                           0x0000053d   Thumb Code     0  arm_startup_nrf51.o(.text)
    RTC0_IRQHandler                          0x0000053d   Thumb Code     0  arm_startup_nrf51.o(.text)
    RTC1_IRQHandler                          0x0000053d   Thumb Code     0  arm_startup_nrf51.o(.text)
    SPI0_TWI0_IRQHandler                     0x0000053d   Thumb Code     0  arm_startup_nrf51.o(.text)
    SPI1_TWI1_IRQHandler                     0x0000053d   Thumb Code     0  arm_startup_nrf51.o(.text)
    SWI0_IRQHandler                          0x0000053d   Thumb Code     0  arm_startup_nrf51.o(.text)
    SWI1_IRQHandler                          0x0000053d   Thumb Code     0  arm_startup_nrf51.o(.text)
    SWI2_IRQHandler                          0x0000053d   Thumb Code     0  arm_startup_nrf51.o(.text)
    SWI3_IRQHandler                          0x0000053d   Thumb Code     0  arm_startup_nrf51.o(.text)
    SWI4_IRQHandler                          0x0000053d   Thumb Code     0  arm_startup_nrf51.o(.text)
    SWI5_IRQHandler                          0x0000053d   Thumb Code     0  arm_startup_nrf51.o(.text)
    TEMP_IRQHandler                          0x0000053d   Thumb Code     0  arm_startup_nrf51.o(.text)
    TIMER0_IRQHandler                        0x0000053d   Thumb Code     0  arm_startup_nrf51.o(.text)
    TIMER1_IRQHandler                        0x0000053d   Thumb Code     0  arm_startup_nrf51.o(.text)
    TIMER2_IRQHandler                        0x0000053d   Thumb Code     0  arm_startup_nrf51.o(.text)
    WDT_IRQHandler                           0x0000053d   Thumb Code     0  arm_startup_nrf51.o(.text)
    __user_initial_stackheap                 0x00000541   Thumb Code     0  arm_startup_nrf51.o(.text)
    SystemCoreClockUpdate                    0x0000056d   Thumb Code     8  system_nrf51.o(.text)
    SystemInit                               0x00000611   Thumb Code    38  system_nrf51.o(.text)
    action_tx_stop                           0x0000066b   Thumb Code    28  app_uart_fifo.o(.text)
    UART0_IRQHandler                         0x000007d9   Thumb Code   142  app_uart_fifo.o(.text)
    app_uart_init                            0x000008cb   Thumb Code   450  app_uart_fifo.o(.text)
    app_uart_get                             0x00000a8d   Thumb Code    14  app_uart_fifo.o(.text)
    app_uart_put                             0x00000a9b   Thumb Code    24  app_uart_fifo.o(.text)
    app_uart_flush                           0x00000ab3   Thumb Code    38  app_uart_fifo.o(.text)
    app_uart_get_connection_state            0x00000ad9   Thumb Code    22  app_uart_fifo.o(.text)
    app_uart_close                           0x00000aef   Thumb Code    36  app_uart_fifo.o(.text)
    nrf_drv_common_irq_enable                0x00000ba5   Thumb Code    48  nrf_drv_common.o(.text)
    nrf_drv_gpiote_init                      0x00000d41   Thumb Code    80  nrf_drv_gpiote.o(.text)
    nrf_drv_gpiote_is_init                   0x00000d91   Thumb Code    18  nrf_drv_gpiote.o(.text)
    nrf_drv_gpiote_in_event_disable          0x00000da3   Thumb Code   116  nrf_drv_gpiote.o(.text)
    nrf_drv_gpiote_in_uninit                 0x00000e17   Thumb Code    74  nrf_drv_gpiote.o(.text)
    nrf_drv_gpiote_out_uninit                0x00000e61   Thumb Code    36  nrf_drv_gpiote.o(.text)
    nrf_drv_gpiote_uninit                    0x00000e85   Thumb Code    68  nrf_drv_gpiote.o(.text)
    nrf_drv_gpiote_out_init                  0x00000ec9   Thumb Code   226  nrf_drv_gpiote.o(.text)
    nrf_drv_gpiote_out_set                   0x00000fab   Thumb Code    12  nrf_drv_gpiote.o(.text)
    nrf_drv_gpiote_out_clear                 0x00000fb7   Thumb Code    12  nrf_drv_gpiote.o(.text)
    nrf_drv_gpiote_out_toggle                0x00000fc3   Thumb Code    38  nrf_drv_gpiote.o(.text)
    nrf_drv_gpiote_out_task_enable           0x00000fe9   Thumb Code    62  nrf_drv_gpiote.o(.text)
    nrf_drv_gpiote_out_task_disable          0x00001027   Thumb Code    40  nrf_drv_gpiote.o(.text)
    nrf_drv_gpiote_out_task_addr_get         0x0000104f   Thumb Code    24  nrf_drv_gpiote.o(.text)
    nrf_drv_gpiote_out_task_force            0x00001067   Thumb Code   120  nrf_drv_gpiote.o(.text)
    nrf_drv_gpiote_out_task_trigger          0x000010df   Thumb Code    28  nrf_drv_gpiote.o(.text)
    nrf_drv_gpiote_in_init                   0x000010fb   Thumb Code   226  nrf_drv_gpiote.o(.text)
    nrf_drv_gpiote_in_event_enable           0x000011dd   Thumb Code   168  nrf_drv_gpiote.o(.text)
    nrf_drv_gpiote_in_is_set                 0x00001285   Thumb Code    26  nrf_drv_gpiote.o(.text)
    nrf_drv_gpiote_in_event_addr_get         0x0000129f   Thumb Code    26  nrf_drv_gpiote.o(.text)
    GPIOTE_IRQHandler                        0x000012b9   Thumb Code   380  nrf_drv_gpiote.o(.text)
    nrf_delay_ms                             0x00001501   Thumb Code    24  nrf_delay.o(.text)
    radio_configure                          0x0000156b   Thumb Code   174  radio_config.o(.text)
    app_error_handler                        0x00001631   Thumb Code    22  app_error.o(.text)
    app_fifo_init                            0x00001651   Thumb Code    42  app_fifo.o(.text)
    app_fifo_put                             0x0000167b   Thumb Code    42  app_fifo.o(.text)
    app_fifo_get                             0x000016a5   Thumb Code    42  app_fifo.o(.text)
    app_fifo_flush                           0x000016cf   Thumb Code    10  app_fifo.o(.text)
    fgetc                                    0x000016e3   Thumb Code    22  retarget.o(.text)
    fputc                                    0x000016f9   Thumb Code    16  retarget.o(.text)
    __2printf                                0x00001709   Thumb Code    22  noretval__2printf.o(.text)
    __printf                                 0x00001725   Thumb Code   108  __printf.o(.text)
    _printf_str                              0x00001791   Thumb Code    82  _printf_str.o(.text)
    _printf_int_dec                          0x000017e5   Thumb Code    90  _printf_dec.o(.text)
    __use_two_region_memory                  0x00001851   Thumb Code     2  heapauxi.o(.text)
    __rt_heap_escrow$2region                 0x00001853   Thumb Code     2  heapauxi.o(.text)
    __rt_heap_expand$2region                 0x00001855   Thumb Code     2  heapauxi.o(.text)
    _printf_int_common                       0x00001857   Thumb Code   176  _printf_intcommon.o(.text)
    _printf_cs_common                        0x00001907   Thumb Code    22  _printf_char.o(.text)
    _printf_char                             0x0000191d   Thumb Code    16  _printf_char.o(.text)
    _printf_string                           0x0000192d   Thumb Code     8  _printf_char.o(.text)
    _printf_char_file                        0x00001935   Thumb Code    34  _printf_char_file.o(.text)
    __rt_udiv10                              0x0000195d   Thumb Code    40  rtudiv10.o(.text)
    _printf_char_common                      0x0000198f   Thumb Code    32  _printf_char_common.o(.text)
    ferror                                   0x000019b5   Thumb Code     8  ferror.o(.text)
    __user_setup_stackheap                   0x000019bd   Thumb Code    62  sys_stackheap_outer.o(.text)
    exit                                     0x000019fb   Thumb Code    12  exit.o(.text)
    __user_libspace                          0x00001a09   Thumb Code     8  libspace.o(.text)
    __user_perproc_libspace                  0x00001a09   Thumb Code     0  libspace.o(.text)
    __user_perthread_libspace                0x00001a09   Thumb Code     0  libspace.o(.text)
    _sys_exit                                0x00001a11   Thumb Code     8  sys_exit.o(.text)
    __I$use$semihosting                      0x00001a1d   Thumb Code     0  use_no_semi.o(.text)
    __use_no_semihosting_swi                 0x00001a1d   Thumb Code     2  use_no_semi.o(.text)
    __ARM_common_switch8                     0x00001a1f   Thumb Code    28  app_uart_fifo.o(i.__ARM_common_switch8)
    __semihosting_library_function           0x00001a1f   Thumb Code     0  indicate_semi.o(.text)
    leds_list                                0x00001a3c   Data           3  main.o(.constdata)
    Region$$Table$$Base                      0x00001a5c   Number         0  anon$$obj.o(Region$$Table)
    Region$$Table$$Limit                     0x00001a7c   Number         0  anon$$obj.o(Region$$Table)
    SystemCoreClock                          0x2000000c   Data           4  system_nrf51.o(.data)
    __stdout                                 0x2000001c   Data           4  retarget.o(.data)
    __stdin                                  0x20000020   Data           4  retarget.o(.data)
    __libspace_start                         0x20000100   Data          96  libspace.o(.bss)
    __temporary_stack_top$libspace           0x20000160   Data           0  libspace.o(.bss)



==============================================================================

Memory Map of the image

  Image Entry point : 0x000000c1

  Load Region LR_IROM1 (Base: 0x00000000, Size: 0x00001aa0, Max: 0x00040000, ABSOLUTE)

    Execution Region ER_IROM1 (Base: 0x00000000, Size: 0x00001a7c, Max: 0x00040000, ABSOLUTE)

    Base Addr    Size         Type   Attr      Idx    E Section Name        Object

    0x00000000   0x000000c0   Data   RO          136    RESET               arm_startup_nrf51.o
    0x000000c0   0x00000008   Code   RO          510  * !!!main             c_p.l(__main.o)
    0x000000c8   0x0000003c   Code   RO          683    !!!scatter          c_p.l(__scatter.o)
    0x00000104   0x0000001a   Code   RO          685    !!handler_copy      c_p.l(__scatter_copy.o)
    0x0000011e   0x00000002   PAD
    0x00000120   0x0000001c   Code   RO          687    !!handler_zi        c_p.l(__scatter_zi.o)
    0x0000013c   0x00000002   Code   RO          507    .ARM.Collect$$_printf_percent$$00000000  c_p.l(_printf_percent.o)
    0x0000013e   0x0000000a   Code   RO          505    .ARM.Collect$$_printf_percent$$00000009  c_p.l(_printf_d.o)
    0x00000148   0x0000000a   Code   RO          506    .ARM.Collect$$_printf_percent$$0000000A  c_p.l(_printf_u.o)
    0x00000152   0x0000000a   Code   RO          504    .ARM.Collect$$_printf_percent$$00000014  c_p.l(_printf_s.o)
    0x0000015c   0x00000004   Code   RO          519    .ARM.Collect$$_printf_percent$$00000017  c_p.l(_printf_percent_end.o)
    0x00000160   0x00000002   Code   RO          555    .ARM.Collect$$libinit$$00000000  c_p.l(libinit.o)
    0x00000162   0x00000004   Code   RO          562    .ARM.Collect$$libinit$$00000001  c_p.l(libinit2.o)
    0x00000166   0x00000000   Code   RO          566    .ARM.Collect$$libinit$$00000008  c_p.l(libinit2.o)
    0x00000166   0x00000000   Code   RO          568    .ARM.Collect$$libinit$$0000000A  c_p.l(libinit2.o)
    0x00000166   0x00000000   Code   RO          570    .ARM.Collect$$libinit$$0000000C  c_p.l(libinit2.o)
    0x00000166   0x00000000   Code   RO          573    .ARM.Collect$$libinit$$0000000F  c_p.l(libinit2.o)
    0x00000166   0x00000000   Code   RO          575    .ARM.Collect$$libinit$$00000011  c_p.l(libinit2.o)
    0x00000166   0x00000000   Code   RO          577    .ARM.Collect$$libinit$$00000013  c_p.l(libinit2.o)
    0x00000166   0x00000000   Code   RO          579    .ARM.Collect$$libinit$$00000015  c_p.l(libinit2.o)
    0x00000166   0x00000000   Code   RO          581    .ARM.Collect$$libinit$$00000017  c_p.l(libinit2.o)
    0x00000166   0x00000000   Code   RO          583    .ARM.Collect$$libinit$$00000019  c_p.l(libinit2.o)
    0x00000166   0x00000000   Code   RO          585    .ARM.Collect$$libinit$$0000001B  c_p.l(libinit2.o)
    0x00000166   0x00000000   Code   RO          587    .ARM.Collect$$libinit$$0000001D  c_p.l(libinit2.o)
    0x00000166   0x00000000   Code   RO          589    .ARM.Collect$$libinit$$0000001F  c_p.l(libinit2.o)
    0x00000166   0x00000000   Code   RO          591    .ARM.Collect$$libinit$$00000021  c_p.l(libinit2.o)
    0x00000166   0x00000000   Code   RO          593    .ARM.Collect$$libinit$$00000023  c_p.l(libinit2.o)
    0x00000166   0x00000000   Code   RO          597    .ARM.Collect$$libinit$$0000002A  c_p.l(libinit2.o)
    0x00000166   0x00000000   Code   RO          599    .ARM.Collect$$libinit$$0000002C  c_p.l(libinit2.o)
    0x00000166   0x00000000   Code   RO          601    .ARM.Collect$$libinit$$0000002E  c_p.l(libinit2.o)
    0x00000166   0x00000000   Code   RO          603    .ARM.Collect$$libinit$$00000030  c_p.l(libinit2.o)
    0x00000166   0x00000002   Code   RO          604    .ARM.Collect$$libinit$$00000031  c_p.l(libinit2.o)
    0x00000168   0x00000002   Code   RO          624    .ARM.Collect$$libshutdown$$00000000  c_p.l(libshutdown.o)
    0x0000016a   0x00000000   Code   RO          638    .ARM.Collect$$libshutdown$$00000003  c_p.l(libshutdown2.o)
    0x0000016a   0x00000000   Code   RO          641    .ARM.Collect$$libshutdown$$00000006  c_p.l(libshutdown2.o)
    0x0000016a   0x00000000   Code   RO          644    .ARM.Collect$$libshutdown$$00000009  c_p.l(libshutdown2.o)
    0x0000016a   0x00000000   Code   RO          646    .ARM.Collect$$libshutdown$$0000000B  c_p.l(libshutdown2.o)
    0x0000016a   0x00000000   Code   RO          649    .ARM.Collect$$libshutdown$$0000000E  c_p.l(libshutdown2.o)
    0x0000016a   0x00000002   Code   RO          650    .ARM.Collect$$libshutdown$$0000000F  c_p.l(libshutdown2.o)
    0x0000016c   0x00000000   Code   RO          512    .ARM.Collect$$rtentry$$00000000  c_p.l(rtentry.o)
    0x0000016c   0x00000000   Code   RO          523    .ARM.Collect$$rtentry$$00000002  c_p.l(rtentry2.o)
    0x0000016c   0x00000006   Code   RO          535    .ARM.Collect$$rtentry$$00000004  c_p.l(rtentry4.o)
    0x00000172   0x00000000   Code   RO          525    .ARM.Collect$$rtentry$$00000009  c_p.l(rtentry2.o)
    0x00000172   0x00000004   Code   RO          526    .ARM.Collect$$rtentry$$0000000A  c_p.l(rtentry2.o)
    0x00000176   0x00000000   Code   RO          528    .ARM.Collect$$rtentry$$0000000C  c_p.l(rtentry2.o)
    0x00000176   0x00000008   Code   RO          529    .ARM.Collect$$rtentry$$0000000D  c_p.l(rtentry2.o)
    0x0000017e   0x00000002   Code   RO          560    .ARM.Collect$$rtexit$$00000000  c_p.l(rtexit.o)
    0x00000180   0x00000000   Code   RO          606    .ARM.Collect$$rtexit$$00000002  c_p.l(rtexit2.o)
    0x00000180   0x00000004   Code   RO          607    .ARM.Collect$$rtexit$$00000003  c_p.l(rtexit2.o)
    0x00000184   0x00000006   Code   RO          608    .ARM.Collect$$rtexit$$00000004  c_p.l(rtexit2.o)
    0x0000018a   0x00000002   PAD
    0x0000018c   0x0000001e   Code   RO          304    .emb_text           nrf_delay.o
    0x000001aa   0x00000002   PAD
    0x000001ac   0x0000036c   Code   RO            4    .text               main.o
    0x00000518   0x00000054   Code   RO          137    .text               arm_startup_nrf51.o
    0x0000056c   0x000000e8   Code   RO          143    .text               system_nrf51.o
    0x00000654   0x00000550   Code   RO          169    .text               app_uart_fifo.o
    0x00000ba4   0x000000ac   Code   RO          253    .text               nrf_drv_common.o
    0x00000c50   0x000008b0   Code   RO          273    .text               nrf_drv_gpiote.o
    0x00001500   0x0000001c   Code   RO          305    .text               nrf_delay.o
    0x0000151c   0x00000114   Code   RO          333    .text               radio_config.o
    0x00001630   0x00000020   Code   RO          359    .text               app_error.o
    0x00001650   0x00000092   Code   RO          392    .text               app_fifo.o
    0x000016e2   0x00000026   Code   RO          447    .text               retarget.o
    0x00001708   0x0000001c   Code   RO          476    .text               c_p.l(noretval__2printf.o)
    0x00001724   0x0000006c   Code   RO          478    .text               c_p.l(__printf.o)
    0x00001790   0x00000052   Code   RO          480    .text               c_p.l(_printf_str.o)
    0x000017e2   0x00000002   PAD
    0x000017e4   0x0000006c   Code   RO          482    .text               c_p.l(_printf_dec.o)
    0x00001850   0x00000006   Code   RO          508    .text               c_p.l(heapauxi.o)
    0x00001856   0x000000b0   Code   RO          513    .text               c_p.l(_printf_intcommon.o)
    0x00001906   0x0000002e   Code   RO          515    .text               c_p.l(_printf_char.o)
    0x00001934   0x00000028   Code   RO          517    .text               c_p.l(_printf_char_file.o)
    0x0000195c   0x00000028   Code   RO          520    .text               c_p.l(rtudiv10.o)
    0x00001984   0x00000030   Code   RO          537    .text               c_p.l(_printf_char_common.o)
    0x000019b4   0x00000008   Code   RO          539    .text               c_p.l(ferror.o)
    0x000019bc   0x0000003e   Code   RO          543    .text               c_p.l(sys_stackheap_outer.o)
    0x000019fa   0x0000000c   Code   RO          548    .text               c_p.l(exit.o)
    0x00001a06   0x00000002   PAD
    0x00001a08   0x00000008   Code   RO          556    .text               c_p.l(libspace.o)
    0x00001a10   0x0000000c   Code   RO          616    .text               c_p.l(sys_exit.o)
    0x00001a1c   0x00000002   Code   RO          627    .text               c_p.l(use_no_semi.o)
    0x00001a1e   0x00000000   Code   RO          629    .text               c_p.l(indicate_semi.o)
    0x00001a1e   0x0000001c   Code   RO          188    i.__ARM_common_switch8  app_uart_fifo.o
    0x00001a3a   0x00000002   PAD
    0x00001a3c   0x00000018   Data   RO            6    .constdata          main.o
    0x00001a54   0x00000008   Data   RO          171    .constdata          app_uart_fifo.o
    0x00001a5c   0x00000020   Data   RO          681    Region$$Table       anon$$obj.o


    Execution Region RW_IRAM1 (Base: 0x20000000, Size: 0x00001160, Max: 0x00004000, ABSOLUTE)

    Base Addr    Size         Type   Attr      Idx    E Section Name        Object

    0x20000000   0x00000009   Data   RW            7    .data               main.o
    0x20000009   0x00000003   PAD
    0x2000000c   0x00000004   Data   RW          144    .data               system_nrf51.o
    0x20000010   0x00000009   Data   RW          172    .data               app_uart_fifo.o
    0x20000019   0x00000003   PAD
    0x2000001c   0x00000008   Data   RW          448    .data               retarget.o
    0x20000024   0x00000080   Zero   RW            5    .bss                main.o
    0x200000a4   0x00000020   Zero   RW          170    .bss                app_uart_fifo.o
    0x200000c4   0x0000003c   Zero   RW          274    .bss                nrf_drv_gpiote.o
    0x20000100   0x00000060   Zero   RW          557    .bss                c_p.l(libspace.o)
    0x20000160   0x00000800   Zero   RW          135    HEAP                arm_startup_nrf51.o
    0x20000960   0x00000800   Zero   RW          134    STACK               arm_startup_nrf51.o


==============================================================================

Image component sizes


      Code (inc. data)   RO Data    RW Data    ZI Data      Debug   Object Name

        32         10          0          0          0       6840   app_error.o
       146          0          0          0          0       2565   app_fifo.o
      1388         82          8          9         32      19526   app_uart_fifo.o
        84         36        192          0       4096        660   arm_startup_nrf51.o
       876        184         24          9        128      37511   main.o
        58          4          0          0          0       1571   nrf_delay.o
       172         14          0          0          0        960   nrf_drv_common.o
      2224         60          0          0         60      19752   nrf_drv_gpiote.o
       276         24          0          0          0        930   radio_config.o
        38          0          0          8          0       2836   retarget.o
       232         30          0          4          0       1265   system_nrf51.o

    ----------------------------------------------------------------------
      5530        444        256         36       4316      94416   Object Totals
         0          0         32          0          0          0   (incl. Generated)
         4          0          0          6          0          0   (incl. Padding)

    ----------------------------------------------------------------------

      Code (inc. data)   RO Data    RW Data    ZI Data      Debug   Library Member Name

         8          0          0          0          0         68   __main.o
       108          0          0          0          0         76   __printf.o
        60          8          0          0          0          0   __scatter.o
        26          0          0          0          0          0   __scatter_copy.o
        28          0          0          0          0          0   __scatter_zi.o
        46          0          0          0          0        100   _printf_char.o
        48          6          0          0          0         88   _printf_char_common.o
        40          6          0          0          0         72   _printf_char_file.o
        10          0          0          0          0          0   _printf_d.o
       108         18          0          0          0         76   _printf_dec.o
       176          0          0          0          0         84   _printf_intcommon.o
         2          0          0          0          0          0   _printf_percent.o
         4          0          0          0          0          0   _printf_percent_end.o
        10          0          0          0          0          0   _printf_s.o
        82          0          0          0          0         72   _printf_str.o
        10          0          0          0          0          0   _printf_u.o
        12          0          0          0          0         64   exit.o
         8          0          0          0          0         60   ferror.o
         6          0          0          0          0        136   heapauxi.o
         0          0          0          0          0          0   indicate_semi.o
         2          0          0          0          0          0   libinit.o
         6          0          0          0          0          0   libinit2.o
         2          0          0          0          0          0   libshutdown.o
         2          0          0          0          0          0   libshutdown2.o
         8          4          0          0         96         68   libspace.o
        28          6          0          0          0         84   noretval__2printf.o
         0          0          0          0          0          0   rtentry.o
        12          0          0          0          0          0   rtentry2.o
         6          0          0          0          0          0   rtentry4.o
         2          0          0          0          0          0   rtexit.o
        10          0          0          0          0          0   rtexit2.o
        40          0          0          0          0         60   rtudiv10.o
        12          4          0          0          0         60   sys_exit.o
        62          0          0          0          0         80   sys_stackheap_outer.o
         2          0          0          0          0         68   use_no_semi.o

    ----------------------------------------------------------------------
       994         52          0          0         96       1316   Library Totals
         8          0          0          0          0          0   (incl. Padding)

    ----------------------------------------------------------------------

      Code (inc. data)   RO Data    RW Data    ZI Data      Debug   Library Name

       986         52          0          0         96       1316   c_p.l

    ----------------------------------------------------------------------
       994         52          0          0         96       1316   Library Totals

    ----------------------------------------------------------------------

==============================================================================


      Code (inc. data)   RO Data    RW Data    ZI Data      Debug   

      6524        496        256         36       4412      94444   Grand Totals
      6524        496        256         36       4412      94444   ELF Image Totals
      6524        496        256         36          0          0   ROM Totals

==============================================================================

    Total RO  Size (Code + RO Data)                 6780 (   6.62kB)
    Total RW  Size (RW Data + ZI Data)              4448 (   4.34kB)
    Total ROM Size (Code + RO Data + RW Data)       6816 (   6.66kB)

==============================================================================

