Product: MDK-ARM Standard 5.10
Component: ARM Compiler 5.04 update 1 (build 49)
Tool: armlink [5040049]

==============================================================================

Section Cross References

    central_test.o(.text) refers to app_error.o(.text) for app_error_handler
    central_test.o(.text) refers to pstorage.o(.text) for pstorage_access_status_get
    central_test.o(.text) refers to device_manager_central.o(.text) for dm_whitelist_create
    central_test.o(.text) refers to bsp.o(.text) for bsp_indication_set
    central_test.o(.text) refers to memcpya.o(.text) for __aeabi_memcpy
    central_test.o(.text) refers to ble_db_discovery.o(.text) for ble_db_discovery_start
    central_test.o(.text) refers to memseta.o(.text) for __aeabi_memclr
    central_test.o(.text) refers to ble_hrs_c.o(.text) for ble_hrs_c_hrm_notif_enable
    central_test.o(.text) refers to ble_bas_c.o(.text) for ble_bas_c_on_ble_evt
    central_test.o(.text) refers to bsp_btn_ble.o(.text) for bsp_btn_ble_on_ble_evt
    central_test.o(.text) refers to printf3.o(i.__0printf$3) for __2printf
    central_test.o(.text) refers to central_test.o(.data) for .data
    central_test.o(.text) refers to central_test.o(.bss) for .bss
    central_test.o(.text) refers to central_test.o(.constdata) for .constdata
    central_test.o(.text) refers to app_timer.o(.text) for app_timer_init
    central_test.o(.text) refers to app_uart_fifo.o(.text) for app_uart_init
    central_test.o(.text) refers to softdevice_handler.o(.text) for softdevice_handler_init
    bsp.o(.text) refers to app_timer.o(.text) for app_timer_start
    bsp.o(.text) refers to bsp.o(i.__ARM_common_switch8) for __ARM_common_switch8
    bsp.o(.text) refers to uidiv.o(.text) for __aeabi_uidivmod
    bsp.o(.text) refers to printf3.o(i.__0printf$3) for __2printf
    bsp.o(.text) refers to app_button.o(.text) for app_button_init
    bsp.o(.text) refers to bsp.o(.constdata) for .constdata
    bsp.o(.text) refers to bsp.o(.data) for .data
    bsp.o(.text) refers to bsp.o(.bss) for .bss
    bsp.o(.constdata) refers to bsp.o(.text) for bsp_button_event_handler
    bsp_btn_ble.o(.text) refers to bsp.o(.text) for bsp_event_to_button_action_assign
    bsp_btn_ble.o(.text) refers to bsp_btn_ble.o(.data) for .data
    arm_startup_nrf51.o(RESET) refers to arm_startup_nrf51.o(STACK) for __initial_sp
    arm_startup_nrf51.o(RESET) refers to arm_startup_nrf51.o(.text) for Reset_Handler
    arm_startup_nrf51.o(RESET) refers to app_uart_fifo.o(.text) for UART0_IRQHandler
    arm_startup_nrf51.o(RESET) refers to nrf_drv_gpiote.o(.text) for GPIOTE_IRQHandler
    arm_startup_nrf51.o(RESET) refers to app_timer.o(.text) for RTC1_IRQHandler
    arm_startup_nrf51.o(RESET) refers to softdevice_handler.o(.text) for SWI2_IRQHandler
    arm_startup_nrf51.o(.text) refers to system_nrf51.o(.text) for SystemInit
    arm_startup_nrf51.o(.text) refers to entry.o(.ARM.Collect$$$$00000000) for __main
    system_nrf51.o(.text) refers to system_nrf51.o(.data) for .data
    ble_db_discovery.o(.text) refers to memcpya.o(.text) for __aeabi_memcpy
    ble_db_discovery.o(.text) refers to ble_db_discovery.o(.bss) for .bss
    ble_db_discovery.o(.text) refers to ble_db_discovery.o(.data) for .data
    ble_db_discovery.o(.text) refers to memseta.o(.text) for __aeabi_memclr
    ble_srv_common.o(.text) refers to strlen.o(.text) for strlen
    device_manager_central.o(.text) refers to memseta.o(.text) for __aeabi_memclr
    device_manager_central.o(.text) refers to pstorage.o(.text) for pstorage_block_identifier_get
    device_manager_central.o(.text) refers to memcmp.o(.text) for memcmp
    device_manager_central.o(.text) refers to memcpya.o(.text) for __aeabi_memcpy4
    device_manager_central.o(.text) refers to app_error.o(.text) for app_error_handler
    device_manager_central.o(.text) refers to uidiv.o(.text) for __aeabi_uidivmod
    device_manager_central.o(.text) refers to device_manager_central.o(.bss) for .bss
    device_manager_central.o(.text) refers to device_manager_central.o(.data) for .data
    device_manager_central.o(.text) refers to device_manager_central.o(.constdata) for .constdata
    device_manager_central.o(.constdata) refers to device_manager_central.o(.text) for no_service_context_store
    ble_advdata.o(.text) refers to memcpya.o(.text) for __aeabi_memcpy
    ble_bas_c.o(.text) refers to ble_db_discovery.o(.text) for ble_db_discovery_evt_register
    ble_bas_c.o(.text) refers to ble_bas_c.o(.data) for .data
    ble_bas_c.o(.text) refers to ble_bas_c.o(.bss) for .bss
    ble_hrs_c.o(.text) refers to ble_db_discovery.o(.text) for ble_db_discovery_evt_register
    ble_hrs_c.o(.text) refers to ble_hrs_c.o(.data) for .data
    ble_hrs_c.o(.text) refers to ble_hrs_c.o(.bss) for .bss
    nrf_drv_gpiote.o(.text) refers to nrf_drv_common.o(.text) for nrf_drv_common_irq_enable
    nrf_drv_gpiote.o(.text) refers to nrf_drv_gpiote.o(.bss) for .bss
    pstorage.o(.text) refers to bsp.o(i.__ARM_common_switch8) for __ARM_common_switch8
    pstorage.o(.text) refers to uidiv.o(.text) for __aeabi_uidivmod
    pstorage.o(.text) refers to pstorage.o(.bss) for .bss
    pstorage.o(.text) refers to pstorage.o(.data) for .data
    pstorage.o(.text) refers to memcpya.o(.text) for __aeabi_memcpy
    nrf_delay.o(.text) refers to nrf_delay.o(.emb_text) for __asm___11_nrf_delay_c_532987f3__nrf_delay_us
    app_uart_fifo.o(.text) refers to app_fifo.o(.text) for app_fifo_get
    app_uart_fifo.o(.text) refers to bsp.o(i.__ARM_common_switch8) for __ARM_common_switch8
    app_uart_fifo.o(.text) refers to nrf_drv_gpiote.o(.text) for nrf_drv_gpiote_in_is_set
    app_uart_fifo.o(.text) refers to app_uart_fifo.o(.data) for .data
    app_uart_fifo.o(.text) refers to app_uart_fifo.o(.bss) for .bss
    app_uart_fifo.o(.text) refers to app_uart_fifo.o(.constdata) for .constdata
    retarget.o(.text) refers to app_uart_fifo.o(.text) for app_uart_get
    app_button.o(.text) refers to nrf_drv_gpiote.o(.text) for nrf_drv_gpiote_in_is_set
    app_button.o(.text) refers to app_timer.o(.text) for app_timer_stop
    app_button.o(.text) refers to app_button.o(.data) for .data
    app_button.o(.text) refers to app_button.o(.constdata) for .constdata
    app_timer.o(.text) refers to app_timer.o(.emb_text) for __asm___11_app_timer_c_cd27f9c3__nrf_delay_us
    app_timer.o(.text) refers to app_error.o(.text) for app_error_handler
    app_timer.o(.text) refers to app_timer.o(.data) for .data
    softdevice_handler.o(.text) refers (Weak) to central_test.o(.text) for assert_nrf_callback
    softdevice_handler.o(.text) refers to app_error.o(.text) for app_error_handler
    softdevice_handler.o(.text) refers to softdevice_handler.o(.data) for .data
    entry.o(.ARM.Collect$$$$00000000) refers (Special) to entry10a.o(.ARM.Collect$$$$0000000D) for __rt_final_cpp
    entry.o(.ARM.Collect$$$$00000000) refers (Special) to entry11a.o(.ARM.Collect$$$$0000000F) for __rt_final_exit
    entry.o(.ARM.Collect$$$$00000000) refers (Special) to entry7b.o(.ARM.Collect$$$$00000008) for _main_clock
    entry.o(.ARM.Collect$$$$00000000) refers (Special) to entry8b.o(.ARM.Collect$$$$0000000A) for _main_cpp_init
    entry.o(.ARM.Collect$$$$00000000) refers (Special) to entry9a.o(.ARM.Collect$$$$0000000B) for _main_init
    entry.o(.ARM.Collect$$$$00000000) refers (Special) to entry5.o(.ARM.Collect$$$$00000004) for _main_scatterload
    entry.o(.ARM.Collect$$$$00000000) refers (Special) to entry2.o(.ARM.Collect$$$$00000001) for _main_stk
    printfb.o(i.__0fprintf$bare) refers to printfb.o(i._printf_core) for _printf_core
    printfb.o(i.__0fprintf$bare) refers to retarget.o(.text) for fputc
    printfb.o(i.__0printf$bare) refers to printfb.o(i._printf_core) for _printf_core
    printfb.o(i.__0printf$bare) refers to retarget.o(.text) for fputc
    printfb.o(i.__0printf$bare) refers to retarget.o(.data) for __stdout
    printfb.o(i.__0snprintf$bare) refers to printfb.o(i._printf_core) for _printf_core
    printfb.o(i.__0snprintf$bare) refers to printfb.o(i._snputc) for _snputc
    printfb.o(i.__0sprintf$bare) refers to printfb.o(i._printf_core) for _printf_core
    printfb.o(i.__0sprintf$bare) refers to printfb.o(i._sputc) for _sputc
    printfb.o(i.__0vfprintf$bare) refers to printfb.o(i._printf_core) for _printf_core
    printfb.o(i.__0vfprintf$bare) refers to retarget.o(.text) for fputc
    printfb.o(i.__0vprintf$bare) refers to printfb.o(i._printf_core) for _printf_core
    printfb.o(i.__0vprintf$bare) refers to retarget.o(.text) for fputc
    printfb.o(i.__0vprintf$bare) refers to retarget.o(.data) for __stdout
    printfb.o(i.__0vsnprintf$bare) refers to printfb.o(i._printf_core) for _printf_core
    printfb.o(i.__0vsnprintf$bare) refers to printfb.o(i._snputc) for _snputc
    printfb.o(i.__0vsprintf$bare) refers to printfb.o(i._printf_core) for _printf_core
    printfb.o(i.__0vsprintf$bare) refers to printfb.o(i._sputc) for _sputc
    printf0.o(i.__0fprintf$0) refers to printf0.o(i._printf_core) for _printf_core
    printf0.o(i.__0fprintf$0) refers to retarget.o(.text) for fputc
    printf0.o(i.__0printf$0) refers to printf0.o(i._printf_core) for _printf_core
    printf0.o(i.__0printf$0) refers to retarget.o(.text) for fputc
    printf0.o(i.__0printf$0) refers to retarget.o(.data) for __stdout
    printf0.o(i.__0snprintf$0) refers to printf0.o(i._printf_core) for _printf_core
    printf0.o(i.__0snprintf$0) refers to printf0.o(i._snputc) for _snputc
    printf0.o(i.__0sprintf$0) refers to printf0.o(i._printf_core) for _printf_core
    printf0.o(i.__0sprintf$0) refers to printf0.o(i._sputc) for _sputc
    printf0.o(i.__0vfprintf$0) refers to printf0.o(i._printf_core) for _printf_core
    printf0.o(i.__0vfprintf$0) refers to retarget.o(.text) for fputc
    printf0.o(i.__0vprintf$0) refers to printf0.o(i._printf_core) for _printf_core
    printf0.o(i.__0vprintf$0) refers to retarget.o(.text) for fputc
    printf0.o(i.__0vprintf$0) refers to retarget.o(.data) for __stdout
    printf0.o(i.__0vsnprintf$0) refers to printf0.o(i._printf_core) for _printf_core
    printf0.o(i.__0vsnprintf$0) refers to printf0.o(i._snputc) for _snputc
    printf0.o(i.__0vsprintf$0) refers to printf0.o(i._printf_core) for _printf_core
    printf0.o(i.__0vsprintf$0) refers to printf0.o(i._sputc) for _sputc
    printf1.o(i.__0fprintf$1) refers to printf1.o(i._printf_core) for _printf_core
    printf1.o(i.__0fprintf$1) refers to retarget.o(.text) for fputc
    printf1.o(i.__0printf$1) refers to printf1.o(i._printf_core) for _printf_core
    printf1.o(i.__0printf$1) refers to retarget.o(.text) for fputc
    printf1.o(i.__0printf$1) refers to retarget.o(.data) for __stdout
    printf1.o(i.__0snprintf$1) refers to printf1.o(i._printf_core) for _printf_core
    printf1.o(i.__0snprintf$1) refers to printf1.o(i._snputc) for _snputc
    printf1.o(i.__0sprintf$1) refers to printf1.o(i._printf_core) for _printf_core
    printf1.o(i.__0sprintf$1) refers to printf1.o(i._sputc) for _sputc
    printf1.o(i.__0vfprintf$1) refers to printf1.o(i._printf_core) for _printf_core
    printf1.o(i.__0vfprintf$1) refers to retarget.o(.text) for fputc
    printf1.o(i.__0vprintf$1) refers to printf1.o(i._printf_core) for _printf_core
    printf1.o(i.__0vprintf$1) refers to retarget.o(.text) for fputc
    printf1.o(i.__0vprintf$1) refers to retarget.o(.data) for __stdout
    printf1.o(i.__0vsnprintf$1) refers to printf1.o(i._printf_core) for _printf_core
    printf1.o(i.__0vsnprintf$1) refers to printf1.o(i._snputc) for _snputc
    printf1.o(i.__0vsprintf$1) refers to printf1.o(i._printf_core) for _printf_core
    printf1.o(i.__0vsprintf$1) refers to printf1.o(i._sputc) for _sputc
    printf1.o(i._printf_core) refers to uidiv.o(.text) for __aeabi_uidivmod
    printf2.o(i.__0fprintf$2) refers to printf2.o(i._printf_core) for _printf_core
    printf2.o(i.__0fprintf$2) refers to retarget.o(.text) for fputc
    printf2.o(i.__0printf$2) refers to printf2.o(i._printf_core) for _printf_core
    printf2.o(i.__0printf$2) refers to retarget.o(.text) for fputc
    printf2.o(i.__0printf$2) refers to retarget.o(.data) for __stdout
    printf2.o(i.__0snprintf$2) refers to printf2.o(i._printf_core) for _printf_core
    printf2.o(i.__0snprintf$2) refers to printf2.o(i._snputc) for _snputc
    printf2.o(i.__0sprintf$2) refers to printf2.o(i._printf_core) for _printf_core
    printf2.o(i.__0sprintf$2) refers to printf2.o(i._sputc) for _sputc
    printf2.o(i.__0vfprintf$2) refers to printf2.o(i._printf_core) for _printf_core
    printf2.o(i.__0vfprintf$2) refers to retarget.o(.text) for fputc
    printf2.o(i.__0vprintf$2) refers to printf2.o(i._printf_core) for _printf_core
    printf2.o(i.__0vprintf$2) refers to retarget.o(.text) for fputc
    printf2.o(i.__0vprintf$2) refers to retarget.o(.data) for __stdout
    printf2.o(i.__0vsnprintf$2) refers to printf2.o(i._printf_core) for _printf_core
    printf2.o(i.__0vsnprintf$2) refers to printf2.o(i._snputc) for _snputc
    printf2.o(i.__0vsprintf$2) refers to printf2.o(i._printf_core) for _printf_core
    printf2.o(i.__0vsprintf$2) refers to printf2.o(i._sputc) for _sputc
    printf3.o(i.__0fprintf$3) refers to printf3.o(i._printf_core) for _printf_core
    printf3.o(i.__0fprintf$3) refers to retarget.o(.text) for fputc
    printf3.o(i.__0printf$3) refers to printf3.o(i._printf_core) for _printf_core
    printf3.o(i.__0printf$3) refers to retarget.o(.text) for fputc
    printf3.o(i.__0printf$3) refers to retarget.o(.data) for __stdout
    printf3.o(i.__0snprintf$3) refers to printf3.o(i._printf_core) for _printf_core
    printf3.o(i.__0snprintf$3) refers to printf3.o(i._snputc) for _snputc
    printf3.o(i.__0sprintf$3) refers to printf3.o(i._printf_core) for _printf_core
    printf3.o(i.__0sprintf$3) refers to printf3.o(i._sputc) for _sputc
    printf3.o(i.__0vfprintf$3) refers to printf3.o(i._printf_core) for _printf_core
    printf3.o(i.__0vfprintf$3) refers to retarget.o(.text) for fputc
    printf3.o(i.__0vprintf$3) refers to printf3.o(i._printf_core) for _printf_core
    printf3.o(i.__0vprintf$3) refers to retarget.o(.text) for fputc
    printf3.o(i.__0vprintf$3) refers to retarget.o(.data) for __stdout
    printf3.o(i.__0vsnprintf$3) refers to printf3.o(i._printf_core) for _printf_core
    printf3.o(i.__0vsnprintf$3) refers to printf3.o(i._snputc) for _snputc
    printf3.o(i.__0vsprintf$3) refers to printf3.o(i._printf_core) for _printf_core
    printf3.o(i.__0vsprintf$3) refers to printf3.o(i._sputc) for _sputc
    printf3.o(i._printf_core) refers to uidiv.o(.text) for __aeabi_uidivmod
    printf4.o(i.__0fprintf$4) refers to printf4.o(i._printf_core) for _printf_core
    printf4.o(i.__0fprintf$4) refers to retarget.o(.text) for fputc
    printf4.o(i.__0printf$4) refers to printf4.o(i._printf_core) for _printf_core
    printf4.o(i.__0printf$4) refers to retarget.o(.text) for fputc
    printf4.o(i.__0printf$4) refers to retarget.o(.data) for __stdout
    printf4.o(i.__0snprintf$4) refers to printf4.o(i._printf_core) for _printf_core
    printf4.o(i.__0snprintf$4) refers to printf4.o(i._snputc) for _snputc
    printf4.o(i.__0sprintf$4) refers to printf4.o(i._printf_core) for _printf_core
    printf4.o(i.__0sprintf$4) refers to printf4.o(i._sputc) for _sputc
    printf4.o(i.__0vfprintf$4) refers to printf4.o(i._printf_core) for _printf_core
    printf4.o(i.__0vfprintf$4) refers to retarget.o(.text) for fputc
    printf4.o(i.__0vprintf$4) refers to printf4.o(i._printf_core) for _printf_core
    printf4.o(i.__0vprintf$4) refers to retarget.o(.text) for fputc
    printf4.o(i.__0vprintf$4) refers to retarget.o(.data) for __stdout
    printf4.o(i.__0vsnprintf$4) refers to printf4.o(i._printf_core) for _printf_core
    printf4.o(i.__0vsnprintf$4) refers to printf4.o(i._snputc) for _snputc
    printf4.o(i.__0vsprintf$4) refers to printf4.o(i._printf_core) for _printf_core
    printf4.o(i.__0vsprintf$4) refers to printf4.o(i._sputc) for _sputc
    printf4.o(i._printf_core) refers to uldiv.o(.text) for __aeabi_uldivmod
    printf5.o(i.__0fprintf$5) refers to printf5.o(i._printf_core) for _printf_core
    printf5.o(i.__0fprintf$5) refers to retarget.o(.text) for fputc
    printf5.o(i.__0printf$5) refers to printf5.o(i._printf_core) for _printf_core
    printf5.o(i.__0printf$5) refers to retarget.o(.text) for fputc
    printf5.o(i.__0printf$5) refers to retarget.o(.data) for __stdout
    printf5.o(i.__0snprintf$5) refers to printf5.o(i._printf_core) for _printf_core
    printf5.o(i.__0snprintf$5) refers to printf5.o(i._snputc) for _snputc
    printf5.o(i.__0sprintf$5) refers to printf5.o(i._printf_core) for _printf_core
    printf5.o(i.__0sprintf$5) refers to printf5.o(i._sputc) for _sputc
    printf5.o(i.__0vfprintf$5) refers to printf5.o(i._printf_core) for _printf_core
    printf5.o(i.__0vfprintf$5) refers to retarget.o(.text) for fputc
    printf5.o(i.__0vprintf$5) refers to printf5.o(i._printf_core) for _printf_core
    printf5.o(i.__0vprintf$5) refers to retarget.o(.text) for fputc
    printf5.o(i.__0vprintf$5) refers to retarget.o(.data) for __stdout
    printf5.o(i.__0vsnprintf$5) refers to printf5.o(i._printf_core) for _printf_core
    printf5.o(i.__0vsnprintf$5) refers to printf5.o(i._snputc) for _snputc
    printf5.o(i.__0vsprintf$5) refers to printf5.o(i._printf_core) for _printf_core
    printf5.o(i.__0vsprintf$5) refers to printf5.o(i._sputc) for _sputc
    printf5.o(i._printf_core) refers to uldiv.o(.text) for __aeabi_uldivmod
    printf6.o(i.__0fprintf$6) refers to printf6.o(i._printf_core) for _printf_core
    printf6.o(i.__0fprintf$6) refers to retarget.o(.text) for fputc
    printf6.o(i.__0printf$6) refers to printf6.o(i._printf_core) for _printf_core
    printf6.o(i.__0printf$6) refers to retarget.o(.text) for fputc
    printf6.o(i.__0printf$6) refers to retarget.o(.data) for __stdout
    printf6.o(i.__0snprintf$6) refers to printf6.o(i._printf_core) for _printf_core
    printf6.o(i.__0snprintf$6) refers to printf6.o(i._snputc) for _snputc
    printf6.o(i.__0sprintf$6) refers to printf6.o(i._printf_core) for _printf_core
    printf6.o(i.__0sprintf$6) refers to printf6.o(i._sputc) for _sputc
    printf6.o(i.__0vfprintf$6) refers to printf6.o(i._printf_core) for _printf_core
    printf6.o(i.__0vfprintf$6) refers to retarget.o(.text) for fputc
    printf6.o(i.__0vprintf$6) refers to printf6.o(i._printf_core) for _printf_core
    printf6.o(i.__0vprintf$6) refers to retarget.o(.text) for fputc
    printf6.o(i.__0vprintf$6) refers to retarget.o(.data) for __stdout
    printf6.o(i.__0vsnprintf$6) refers to printf6.o(i._printf_core) for _printf_core
    printf6.o(i.__0vsnprintf$6) refers to printf6.o(i._snputc) for _snputc
    printf6.o(i.__0vsprintf$6) refers to printf6.o(i._printf_core) for _printf_core
    printf6.o(i.__0vsprintf$6) refers to printf6.o(i._sputc) for _sputc
    printf6.o(i._printf_core) refers to printf6.o(i._printf_pre_padding) for _printf_pre_padding
    printf6.o(i._printf_core) refers to printf6.o(i._printf_post_padding) for _printf_post_padding
    printf6.o(i._printf_core) refers to uidiv.o(.text) for __aeabi_uidivmod
    printf7.o(i.__0fprintf$7) refers to printf7.o(i._printf_core) for _printf_core
    printf7.o(i.__0fprintf$7) refers to retarget.o(.text) for fputc
    printf7.o(i.__0printf$7) refers to printf7.o(i._printf_core) for _printf_core
    printf7.o(i.__0printf$7) refers to retarget.o(.text) for fputc
    printf7.o(i.__0printf$7) refers to retarget.o(.data) for __stdout
    printf7.o(i.__0snprintf$7) refers to printf7.o(i._printf_core) for _printf_core
    printf7.o(i.__0snprintf$7) refers to printf7.o(i._snputc) for _snputc
    printf7.o(i.__0sprintf$7) refers to printf7.o(i._printf_core) for _printf_core
    printf7.o(i.__0sprintf$7) refers to printf7.o(i._sputc) for _sputc
    printf7.o(i.__0vfprintf$7) refers to printf7.o(i._printf_core) for _printf_core
    printf7.o(i.__0vfprintf$7) refers to retarget.o(.text) for fputc
    printf7.o(i.__0vprintf$7) refers to printf7.o(i._printf_core) for _printf_core
    printf7.o(i.__0vprintf$7) refers to retarget.o(.text) for fputc
    printf7.o(i.__0vprintf$7) refers to retarget.o(.data) for __stdout
    printf7.o(i.__0vsnprintf$7) refers to printf7.o(i._printf_core) for _printf_core
    printf7.o(i.__0vsnprintf$7) refers to printf7.o(i._snputc) for _snputc
    printf7.o(i.__0vsprintf$7) refers to printf7.o(i._printf_core) for _printf_core
    printf7.o(i.__0vsprintf$7) refers to printf7.o(i._sputc) for _sputc
    printf7.o(i._printf_core) refers to printf7.o(i._printf_pre_padding) for _printf_pre_padding
    printf7.o(i._printf_core) refers to printf7.o(i._printf_post_padding) for _printf_post_padding
    printf7.o(i._printf_core) refers to uldiv.o(.text) for __aeabi_uldivmod
    printf8.o(i.__0fprintf$8) refers to printf8.o(i._printf_core) for _printf_core
    printf8.o(i.__0fprintf$8) refers to retarget.o(.text) for fputc
    printf8.o(i.__0printf$8) refers to printf8.o(i._printf_core) for _printf_core
    printf8.o(i.__0printf$8) refers to retarget.o(.text) for fputc
    printf8.o(i.__0printf$8) refers to retarget.o(.data) for __stdout
    printf8.o(i.__0snprintf$8) refers to printf8.o(i._printf_core) for _printf_core
    printf8.o(i.__0snprintf$8) refers to printf8.o(i._snputc) for _snputc
    printf8.o(i.__0sprintf$8) refers to printf8.o(i._printf_core) for _printf_core
    printf8.o(i.__0sprintf$8) refers to printf8.o(i._sputc) for _sputc
    printf8.o(i.__0vfprintf$8) refers to printf8.o(i._printf_core) for _printf_core
    printf8.o(i.__0vfprintf$8) refers to retarget.o(.text) for fputc
    printf8.o(i.__0vprintf$8) refers to printf8.o(i._printf_core) for _printf_core
    printf8.o(i.__0vprintf$8) refers to retarget.o(.text) for fputc
    printf8.o(i.__0vprintf$8) refers to retarget.o(.data) for __stdout
    printf8.o(i.__0vsnprintf$8) refers to printf8.o(i._printf_core) for _printf_core
    printf8.o(i.__0vsnprintf$8) refers to printf8.o(i._snputc) for _snputc
    printf8.o(i.__0vsprintf$8) refers to printf8.o(i._printf_core) for _printf_core
    printf8.o(i.__0vsprintf$8) refers to printf8.o(i._sputc) for _sputc
    printf8.o(i._printf_core) refers to printf8.o(i._printf_pre_padding) for _printf_pre_padding
    printf8.o(i._printf_core) refers to printf8.o(i._printf_post_padding) for _printf_post_padding
    printf8.o(i._printf_core) refers to uldiv.o(.text) for __aeabi_uldivmod
    printfa.o(i.__0fprintf) refers (Special) to iusefp.o(.text) for __I$use$fp
    printfa.o(i.__0fprintf) refers to printfa.o(i._printf_core) for _printf_core
    printfa.o(i.__0fprintf) refers to retarget.o(.text) for fputc
    printfa.o(i.__0printf) refers (Special) to iusefp.o(.text) for __I$use$fp
    printfa.o(i.__0printf) refers to printfa.o(i._printf_core) for _printf_core
    printfa.o(i.__0printf) refers to retarget.o(.text) for fputc
    printfa.o(i.__0printf) refers to retarget.o(.data) for __stdout
    printfa.o(i.__0snprintf) refers (Special) to iusefp.o(.text) for __I$use$fp
    printfa.o(i.__0snprintf) refers to printfa.o(i._printf_core) for _printf_core
    printfa.o(i.__0snprintf) refers to printfa.o(i._snputc) for _snputc
    printfa.o(i.__0sprintf) refers (Special) to iusefp.o(.text) for __I$use$fp
    printfa.o(i.__0sprintf) refers to printfa.o(i._printf_core) for _printf_core
    printfa.o(i.__0sprintf) refers to printfa.o(i._sputc) for _sputc
    printfa.o(i.__0vfprintf) refers (Special) to iusefp.o(.text) for __I$use$fp
    printfa.o(i.__0vfprintf) refers to printfa.o(i._printf_core) for _printf_core
    printfa.o(i.__0vfprintf) refers to retarget.o(.text) for fputc
    printfa.o(i.__0vprintf) refers (Special) to iusefp.o(.text) for __I$use$fp
    printfa.o(i.__0vprintf) refers to printfa.o(i._printf_core) for _printf_core
    printfa.o(i.__0vprintf) refers to retarget.o(.text) for fputc
    printfa.o(i.__0vprintf) refers to retarget.o(.data) for __stdout
    printfa.o(i.__0vsnprintf) refers (Special) to iusefp.o(.text) for __I$use$fp
    printfa.o(i.__0vsnprintf) refers to printfa.o(i._printf_core) for _printf_core
    printfa.o(i.__0vsnprintf) refers to printfa.o(i._snputc) for _snputc
    printfa.o(i.__0vsprintf) refers (Special) to iusefp.o(.text) for __I$use$fp
    printfa.o(i.__0vsprintf) refers to printfa.o(i._printf_core) for _printf_core
    printfa.o(i.__0vsprintf) refers to printfa.o(i._sputc) for _sputc
    printfa.o(i._fp_digits) refers (Special) to iusefp.o(.text) for __I$use$fp
    printfa.o(i._fp_digits) refers to dmul.o(.text) for __aeabi_dmul
    printfa.o(i._fp_digits) refers to ddiv.o(.text) for __aeabi_ddiv
    printfa.o(i._fp_digits) refers to cdrcmple.o(.text) for __aeabi_cdrcmple
    printfa.o(i._fp_digits) refers to dadd.o(.text) for __aeabi_dadd
    printfa.o(i._fp_digits) refers to dfixul.o(.text) for __aeabi_d2ulz
    printfa.o(i._fp_digits) refers to uldiv.o(.text) for __aeabi_uldivmod
    printfa.o(i._printf_core) refers (Special) to iusefp.o(.text) for __I$use$fp
    printfa.o(i._printf_core) refers to printfa.o(i._printf_pre_padding) for _printf_pre_padding
    printfa.o(i._printf_core) refers to uldiv.o(.text) for __aeabi_uldivmod
    printfa.o(i._printf_core) refers to printfa.o(i._printf_post_padding) for _printf_post_padding
    printfa.o(i._printf_core) refers to printfa.o(i._fp_digits) for _fp_digits
    printfa.o(i._printf_core) refers to uidiv.o(.text) for __aeabi_uidivmod
    printfa.o(i._printf_post_padding) refers (Special) to iusefp.o(.text) for __I$use$fp
    printfa.o(i._printf_pre_padding) refers (Special) to iusefp.o(.text) for __I$use$fp
    printfa.o(i._snputc) refers (Special) to iusefp.o(.text) for __I$use$fp
    printfa.o(i._sputc) refers (Special) to iusefp.o(.text) for __I$use$fp
    entry2.o(.ARM.Collect$$$$00000001) refers to entry2.o(.ARM.Collect$$$$00002712) for __lit__00000000
    entry2.o(.ARM.Collect$$$$00002712) refers to arm_startup_nrf51.o(STACK) for __initial_sp
    entry2.o(__vectab_stack_and_reset_area) refers to arm_startup_nrf51.o(STACK) for __initial_sp
    entry2.o(__vectab_stack_and_reset_area) refers to entry.o(.ARM.Collect$$$$00000000) for __main
    entry5.o(.ARM.Collect$$$$00000004) refers to init.o(.text) for __scatterload
    entry9a.o(.ARM.Collect$$$$0000000B) refers to central_test.o(.text) for main
    entry9b.o(.ARM.Collect$$$$0000000C) refers to central_test.o(.text) for main
    uldiv.o(.text) refers to llushr.o(.text) for __aeabi_llsr
    uldiv.o(.text) refers to llshl.o(.text) for __aeabi_llsl
    dadd.o(.text) refers to llshl.o(.text) for __aeabi_llsl
    dadd.o(.text) refers to llsshr.o(.text) for __aeabi_lasr
    dadd.o(.text) refers to depilogue.o(.text) for _double_epilogue
    dmul.o(.text) refers to depilogue.o(.text) for _double_epilogue
    ddiv.o(.text) refers to depilogue.o(.text) for _double_round
    dfixul.o(.text) refers to llushr.o(.text) for __aeabi_llsr
    dfixul.o(.text) refers to llshl.o(.text) for __aeabi_llsl
    init.o(.text) refers to entry5.o(.ARM.Collect$$$$00000004) for __main_after_scatterload
    depilogue.o(.text) refers to depilogue.o(i.__ARM_clz) for __ARM_clz
    depilogue.o(.text) refers to llshl.o(.text) for __aeabi_llsl
    depilogue.o(.text) refers to llushr.o(.text) for __aeabi_llsr


==============================================================================

Removing Unused input sections from the image.

    Removing central_test.o(.rev16_text), (4 bytes).
    Removing central_test.o(.revsh_text), (4 bytes).
    Removing bsp.o(.rev16_text), (4 bytes).
    Removing bsp.o(.revsh_text), (4 bytes).
    Removing bsp_btn_ble.o(.rev16_text), (4 bytes).
    Removing bsp_btn_ble.o(.revsh_text), (4 bytes).
    Removing arm_startup_nrf51.o(HEAP), (2048 bytes).
    Removing system_nrf51.o(.rev16_text), (4 bytes).
    Removing system_nrf51.o(.revsh_text), (4 bytes).
    Removing ble_srv_common.o(.text), (30 bytes).
    Removing device_manager_central.o(.rev16_text), (4 bytes).
    Removing device_manager_central.o(.revsh_text), (4 bytes).
    Removing device_manager_central.o(.constdata), (4 bytes).
    Removing ble_advdata.o(.text), (1088 bytes).
    Removing nrf_drv_common.o(.rev16_text), (4 bytes).
    Removing nrf_drv_common.o(.revsh_text), (4 bytes).
    Removing nrf_drv_gpiote.o(.rev16_text), (4 bytes).
    Removing nrf_drv_gpiote.o(.revsh_text), (4 bytes).
    Removing pstorage.o(.rev16_text), (4 bytes).
    Removing pstorage.o(.revsh_text), (4 bytes).
    Removing nrf_delay.o(.rev16_text), (4 bytes).
    Removing nrf_delay.o(.revsh_text), (4 bytes).
    Removing nrf_delay.o(.emb_text), (30 bytes).
    Removing nrf_delay.o(.text), (28 bytes).
    Removing app_uart_fifo.o(.rev16_text), (4 bytes).
    Removing app_uart_fifo.o(.revsh_text), (4 bytes).
    Removing app_error.o(.rev16_text), (4 bytes).
    Removing app_error.o(.revsh_text), (4 bytes).
    Removing retarget.o(.rev16_text), (4 bytes).
    Removing retarget.o(.revsh_text), (4 bytes).
    Removing retarget.o(.data), (4 bytes).
    Removing app_button.o(.rev16_text), (4 bytes).
    Removing app_button.o(.revsh_text), (4 bytes).
    Removing app_timer.o(.rev16_text), (4 bytes).
    Removing app_timer.o(.revsh_text), (4 bytes).
    Removing softdevice_handler.o(.rev16_text), (4 bytes).
    Removing softdevice_handler.o(.revsh_text), (4 bytes).
    Removing dadd.o(.text), (356 bytes).
    Removing dmul.o(.text), (208 bytes).
    Removing ddiv.o(.text), (240 bytes).
    Removing dfixul.o(.text), (64 bytes).
    Removing cdrcmple.o(.text), (40 bytes).
    Removing depilogue.o(.text), (190 bytes).
    Removing depilogue.o(i.__ARM_clz), (46 bytes).

44 unused section(s) (total 4496 bytes) removed from the image.

==============================================================================

Image Symbol Table

    Local Symbols

    Symbol Name                              Value     Ov Type        Size  Object(Section)

    ../clib/microlib/division.c              0x00000000   Number         0  uldiv.o ABSOLUTE
    ../clib/microlib/division.c              0x00000000   Number         0  uidiv.o ABSOLUTE
    ../clib/microlib/init/entry.s            0x00000000   Number         0  entry.o ABSOLUTE
    ../clib/microlib/init/entry.s            0x00000000   Number         0  entry8b.o ABSOLUTE
    ../clib/microlib/init/entry.s            0x00000000   Number         0  entry9a.o ABSOLUTE
    ../clib/microlib/init/entry.s            0x00000000   Number         0  entry9b.o ABSOLUTE
    ../clib/microlib/init/entry.s            0x00000000   Number         0  entry10a.o ABSOLUTE
    ../clib/microlib/init/entry.s            0x00000000   Number         0  entry10b.o ABSOLUTE
    ../clib/microlib/init/entry.s            0x00000000   Number         0  entry11a.o ABSOLUTE
    ../clib/microlib/init/entry.s            0x00000000   Number         0  entry11b.o ABSOLUTE
    ../clib/microlib/init/entry.s            0x00000000   Number         0  entry8a.o ABSOLUTE
    ../clib/microlib/init/entry.s            0x00000000   Number         0  entry2.o ABSOLUTE
    ../clib/microlib/init/entry.s            0x00000000   Number         0  entry5.o ABSOLUTE
    ../clib/microlib/init/entry.s            0x00000000   Number         0  entry7a.o ABSOLUTE
    ../clib/microlib/init/entry.s            0x00000000   Number         0  entry7b.o ABSOLUTE
    ../clib/microlib/longlong.c              0x00000000   Number         0  llshl.o ABSOLUTE
    ../clib/microlib/longlong.c              0x00000000   Number         0  llushr.o ABSOLUTE
    ../clib/microlib/longlong.c              0x00000000   Number         0  llsshr.o ABSOLUTE
    ../clib/microlib/printf/printf.c         0x00000000   Number         0  printfa.o ABSOLUTE
    ../clib/microlib/printf/printf.c         0x00000000   Number         0  printf7.o ABSOLUTE
    ../clib/microlib/printf/printf.c         0x00000000   Number         0  printf3.o ABSOLUTE
    ../clib/microlib/printf/printf.c         0x00000000   Number         0  printf2.o ABSOLUTE
    ../clib/microlib/printf/printf.c         0x00000000   Number         0  printf1.o ABSOLUTE
    ../clib/microlib/printf/printf.c         0x00000000   Number         0  printf0.o ABSOLUTE
    ../clib/microlib/printf/printf.c         0x00000000   Number         0  printf8.o ABSOLUTE
    ../clib/microlib/printf/printf.c         0x00000000   Number         0  printf6.o ABSOLUTE
    ../clib/microlib/printf/printf.c         0x00000000   Number         0  printfb.o ABSOLUTE
    ../clib/microlib/printf/printf.c         0x00000000   Number         0  printf5.o ABSOLUTE
    ../clib/microlib/printf/printf.c         0x00000000   Number         0  printf4.o ABSOLUTE
    ../clib/microlib/printf/stubs.s          0x00000000   Number         0  stubs.o ABSOLUTE
    ../clib/microlib/string/memcmp.c         0x00000000   Number         0  memcmp.o ABSOLUTE
    ../clib/microlib/string/memcpy.c         0x00000000   Number         0  memcpyb.o ABSOLUTE
    ../clib/microlib/string/memcpy.c         0x00000000   Number         0  memcpya.o ABSOLUTE
    ../clib/microlib/string/memset.c         0x00000000   Number         0  memseta.o ABSOLUTE
    ../clib/microlib/string/strlen.c         0x00000000   Number         0  strlen.o ABSOLUTE
    ../clib/microlib/stubs.s                 0x00000000   Number         0  iusefp.o ABSOLUTE
    ../fplib/microlib/fpadd.c                0x00000000   Number         0  dadd.o ABSOLUTE
    ../fplib/microlib/fpdiv.c                0x00000000   Number         0  ddiv.o ABSOLUTE
    ../fplib/microlib/fpepilogue.c           0x00000000   Number         0  depilogue.o ABSOLUTE
    ../fplib/microlib/fpfix.c                0x00000000   Number         0  dfixul.o ABSOLUTE
    ../fplib/microlib/fpmul.c                0x00000000   Number         0  dmul.o ABSOLUTE
    ..\\src\\central_test.c                  0x00000000   Number         0  central_test.o ABSOLUTE
    ..\src\central_test.c                    0x00000000   Number         0  central_test.o ABSOLUTE
    C:\Keil_v5\ARM\PACK\NordicSemiconductor\nRF_BLE\3.0.0\ble_services\ble_bas_c\ble_bas_c.c 0x00000000   Number         0  ble_bas_c.o ABSOLUTE
    C:\Keil_v5\ARM\PACK\NordicSemiconductor\nRF_BLE\3.0.0\ble_services\ble_hrs_c\ble_hrs_c.c 0x00000000   Number         0  ble_hrs_c.o ABSOLUTE
    C:\Keil_v5\ARM\PACK\NordicSemiconductor\nRF_BLE\3.0.0\common\ble_srv_common.c 0x00000000   Number         0  ble_srv_common.o ABSOLUTE
    C:\Keil_v5\ARM\PACK\NordicSemiconductor\nRF_BLE\3.0.0\device_manager\device_manager_central.c 0x00000000   Number         0  device_manager_central.o ABSOLUTE
    C:\Keil_v5\ARM\PACK\NordicSemiconductor\nRF_Drivers\3.0.0\common\nrf_drv_common.c 0x00000000   Number         0  nrf_drv_common.o ABSOLUTE
    C:\Keil_v5\ARM\PACK\NordicSemiconductor\nRF_Drivers\3.0.0\gpiote\nrf_drv_gpiote.c 0x00000000   Number         0  nrf_drv_gpiote.o ABSOLUTE
    C:\Keil_v5\ARM\PACK\NordicSemiconductor\nRF_Drivers\3.0.0\hal\nrf_delay.c 0x00000000   Number         0  nrf_delay.o ABSOLUTE
    C:\\Keil_v5\\ARM\\PACK\\NordicSemiconductor\\nRF_BLE\\3.0.0\\device_manager\\device_manager_central.c 0x00000000   Number         0  device_manager_central.o ABSOLUTE
    C:\\Keil_v5\\ARM\\PACK\\NordicSemiconductor\\nRF_Drivers\\3.0.0\\common\\nrf_drv_common.c 0x00000000   Number         0  nrf_drv_common.o ABSOLUTE
    C:\\Keil_v5\\ARM\\PACK\\NordicSemiconductor\\nRF_Drivers\\3.0.0\\gpiote\\nrf_drv_gpiote.c 0x00000000   Number         0  nrf_drv_gpiote.o ABSOLUTE
    C:\\Keil_v5\\ARM\\PACK\\NordicSemiconductor\\nRF_Drivers\\3.0.0\\hal\\nrf_delay.c 0x00000000   Number         0  nrf_delay.o ABSOLUTE
    RTE\Board_Support\nRF51422_xxAA\bsp.c    0x00000000   Number         0  bsp.o ABSOLUTE
    RTE\Board_Support\nRF51422_xxAA\bsp_btn_ble.c 0x00000000   Number         0  bsp_btn_ble.o ABSOLUTE
    RTE\Device\nRF51422_xxAA\arm_startup_nrf51.s 0x00000000   Number         0  arm_startup_nrf51.o ABSOLUTE
    RTE\Device\nRF51422_xxAA\system_nrf51.c  0x00000000   Number         0  system_nrf51.o ABSOLUTE
    RTE\\Board_Support\\nRF51422_xxAA\\bsp.c 0x00000000   Number         0  bsp.o ABSOLUTE
    RTE\\Board_Support\\nRF51422_xxAA\\bsp_btn_ble.c 0x00000000   Number         0  bsp_btn_ble.o ABSOLUTE
    RTE\\Device\\nRF51422_xxAA\\system_nrf51.c 0x00000000   Number         0  system_nrf51.o ABSOLUTE
    RTE\\nRF_Drivers\\nRF51422_xxAA\\app_uart_fifo.c 0x00000000   Number         0  app_uart_fifo.o ABSOLUTE
    RTE\\nRF_Drivers\\nRF51422_xxAA\\pstorage.c 0x00000000   Number         0  pstorage.o ABSOLUTE
    RTE\\nRF_Libraries\\nRF51422_xxAA\\app_button.c 0x00000000   Number         0  app_button.o ABSOLUTE
    RTE\\nRF_Libraries\\nRF51422_xxAA\\app_error.c 0x00000000   Number         0  app_error.o ABSOLUTE
    RTE\\nRF_Libraries\\nRF51422_xxAA\\app_timer.c 0x00000000   Number         0  app_timer.o ABSOLUTE
    RTE\\nRF_Libraries\\nRF51422_xxAA\\retarget.c 0x00000000   Number         0  retarget.o ABSOLUTE
    RTE\\nRF_SoftDevice\\nRF51422_xxAA\\softdevice_handler.c 0x00000000   Number         0  softdevice_handler.o ABSOLUTE
    RTE\nRF_BLE\nRF51422_xxAA\ble_advdata.c  0x00000000   Number         0  ble_advdata.o ABSOLUTE
    RTE\nRF_BLE\nRF51422_xxAA\ble_db_discovery.c 0x00000000   Number         0  ble_db_discovery.o ABSOLUTE
    RTE\nRF_Drivers\nRF51422_xxAA\app_uart_fifo.c 0x00000000   Number         0  app_uart_fifo.o ABSOLUTE
    RTE\nRF_Drivers\nRF51422_xxAA\pstorage.c 0x00000000   Number         0  pstorage.o ABSOLUTE
    RTE\nRF_Libraries\nRF51422_xxAA\app_button.c 0x00000000   Number         0  app_button.o ABSOLUTE
    RTE\nRF_Libraries\nRF51422_xxAA\app_error.c 0x00000000   Number         0  app_error.o ABSOLUTE
    RTE\nRF_Libraries\nRF51422_xxAA\app_fifo.c 0x00000000   Number         0  app_fifo.o ABSOLUTE
    RTE\nRF_Libraries\nRF51422_xxAA\app_timer.c 0x00000000   Number         0  app_timer.o ABSOLUTE
    RTE\nRF_Libraries\nRF51422_xxAA\app_trace.c 0x00000000   Number         0  app_trace.o ABSOLUTE
    RTE\nRF_Libraries\nRF51422_xxAA\nrf_assert.c 0x00000000   Number         0  nrf_assert.o ABSOLUTE
    RTE\nRF_Libraries\nRF51422_xxAA\retarget.c 0x00000000   Number         0  retarget.o ABSOLUTE
    RTE\nRF_SoftDevice\nRF51422_xxAA\softdevice_handler.c 0x00000000   Number         0  softdevice_handler.o ABSOLUTE
    cdrcmple.s                               0x00000000   Number         0  cdrcmple.o ABSOLUTE
    dc.s                                     0x00000000   Number         0  dc.o ABSOLUTE
    handlers.s                               0x00000000   Number         0  handlers.o ABSOLUTE
    init.s                                   0x00000000   Number         0  init.o ABSOLUTE
    RESET                                    0x0001d000   Section      192  arm_startup_nrf51.o(RESET)
    .ARM.Collect$$$$00000000                 0x0001d0c0   Section        0  entry.o(.ARM.Collect$$$$00000000)
    .ARM.Collect$$$$00000001                 0x0001d0c0   Section        4  entry2.o(.ARM.Collect$$$$00000001)
    .ARM.Collect$$$$00000004                 0x0001d0c4   Section        4  entry5.o(.ARM.Collect$$$$00000004)
    .ARM.Collect$$$$00000008                 0x0001d0c8   Section        0  entry7b.o(.ARM.Collect$$$$00000008)
    .ARM.Collect$$$$0000000A                 0x0001d0c8   Section        0  entry8b.o(.ARM.Collect$$$$0000000A)
    .ARM.Collect$$$$0000000B                 0x0001d0c8   Section        8  entry9a.o(.ARM.Collect$$$$0000000B)
    .ARM.Collect$$$$0000000D                 0x0001d0d0   Section        0  entry10a.o(.ARM.Collect$$$$0000000D)
    .ARM.Collect$$$$0000000F                 0x0001d0d0   Section        0  entry11a.o(.ARM.Collect$$$$0000000F)
    .ARM.Collect$$$$00002712                 0x0001d0d0   Section        4  entry2.o(.ARM.Collect$$$$00002712)
    __lit__00000000                          0x0001d0d0   Data           4  entry2.o(.ARM.Collect$$$$00002712)
    .emb_text                                0x0001d0d4   Section       30  app_timer.o(.emb_text)
    .text                                    0x0001d0f4   Section        0  central_test.o(.text)
    scan_start                               0x0001d11b   Thumb Code   194  central_test.o(.text)
    device_manager_event_handler             0x0001d1dd   Thumb Code   208  central_test.o(.text)
    adv_report_parse                         0x0001d2ad   Thumb Code    46  central_test.o(.text)
    on_ble_evt                               0x0001d2db   Thumb Code   176  central_test.o(.text)
    ble_evt_dispatch                         0x0001d38b   Thumb Code    52  central_test.o(.text)
    sys_evt_dispatch                         0x0001d3bf   Thumb Code    34  central_test.o(.text)
    hrs_c_evt_handler                        0x0001d45d   Thumb Code    70  central_test.o(.text)
    bas_c_evt_handler                        0x0001d4a3   Thumb Code   162  central_test.o(.text)
    ble_stack_init                           0x0001d641   Thumb Code    94  central_test.o(.text)
    device_manager_init                      0x0001d69f   Thumb Code   120  central_test.o(.text)
    .text                                    0x0001d76c   Section        0  bsp.o(.text)
    bsp_button_event_handler                 0x0001d7c1   Thumb Code   144  bsp.o(.text)
    button_timer_handler                     0x0001d851   Thumb Code     6  bsp.o(.text)
    bsp_led_indication                       0x0001d857   Thumb Code   482  bsp.o(.text)
    leds_timer_handler                       0x0001da39   Thumb Code    14  bsp.o(.text)
    alert_timer_handler                      0x0001da47   Thumb Code    18  bsp.o(.text)
    .text                                    0x0001dbbc   Section        0  bsp_btn_ble.o(.text)
    advertising_buttons_configure            0x0001dbbd   Thumb Code    60  bsp_btn_ble.o(.text)
    .text                                    0x0001dcd4   Section       56  arm_startup_nrf51.o(.text)
    .text                                    0x0001dd0c   Section        0  system_nrf51.o(.text)
    is_manual_peripheral_setup_needed        0x0001dd55   Thumb Code    66  system_nrf51.o(.text)
    .text                                    0x0001ddb4   Section        0  ble_db_discovery.o(.text)
    registered_handler_get                   0x0001ddb5   Thumb Code    50  ble_db_discovery.o(.text)
    pending_user_evts_send                   0x0001dde7   Thumb Code    36  ble_db_discovery.o(.text)
    discovery_error_evt_trigger              0x0001de0b   Thumb Code    74  ble_db_discovery.o(.text)
    discovery_complete_evt_trigger           0x0001de55   Thumb Code   102  ble_db_discovery.o(.text)
    on_srv_disc_completion                   0x0001debb   Thumb Code    84  ble_db_discovery.o(.text)
    is_desc_discovery_reqd                   0x0001df0f   Thumb Code    66  ble_db_discovery.o(.text)
    characteristics_discover                 0x0001df51   Thumb Code    56  ble_db_discovery.o(.text)
    descriptors_discover                     0x0001df89   Thumb Code   132  ble_db_discovery.o(.text)
    on_characteristic_discovery_rsp          0x0001e00d   Thumb Code   204  ble_db_discovery.o(.text)
    on_descriptor_discovery_rsp              0x0001e239   Thumb Code   156  ble_db_discovery.o(.text)
    .text                                    0x0001e2dc   Section        0  device_manager_central.o(.text)
    connection_instance_init                 0x0001e2dd   Thumb Code    30  device_manager_central.o(.text)
    peer_instance_init                       0x0001e2fb   Thumb Code    48  device_manager_central.o(.text)
    connection_instance_find                 0x0001e32b   Thumb Code    38  device_manager_central.o(.text)
    storage_operation_dummy_handler          0x0001e351   Thumb Code     4  device_manager_central.o(.text)
    device_context_store                     0x0001e355   Thumb Code   152  device_manager_central.o(.text)
    gatts_context_store                      0x0001e3ed   Thumb Code   144  device_manager_central.o(.text)
    gatts_context_load                       0x0001e47d   Thumb Code    42  device_manager_central.o(.text)
    gatts_context_apply                      0x0001e4a7   Thumb Code    58  device_manager_central.o(.text)
    dm_pstorage_cb_handler                   0x0001e54f   Thumb Code   342  device_manager_central.o(.text)
    update_status_bit_reset                  0x0001f101   Thumb Code    14  device_manager_central.o(.text)
    device_instance_allocate                 0x0001f10f   Thumb Code    74  device_manager_central.o(.text)
    device_instance_free                     0x0001f159   Thumb Code    42  device_manager_central.o(.text)
    app_evt_notify                           0x0001f183   Thumb Code     8  device_manager_central.o(.text)
    no_service_context_store                 0x0001f18b   Thumb Code     4  device_manager_central.o(.text)
    gattc_context_store                      0x0001f18f   Thumb Code     4  device_manager_central.o(.text)
    gattsc_context_store                     0x0001f193   Thumb Code     8  device_manager_central.o(.text)
    no_service_context_load                  0x0001f19b   Thumb Code     4  device_manager_central.o(.text)
    gattc_context_load                       0x0001f19f   Thumb Code     4  device_manager_central.o(.text)
    gattsc_context_load                      0x0001f1a3   Thumb Code     8  device_manager_central.o(.text)
    no_service_context_apply                 0x0001f1ab   Thumb Code     4  device_manager_central.o(.text)
    gattc_context_apply                      0x0001f1af   Thumb Code     4  device_manager_central.o(.text)
    gattsc_context_apply                     0x0001f1b3   Thumb Code     8  device_manager_central.o(.text)
    .text                                    0x0001f1d0   Section        0  ble_bas_c.o(.text)
    tx_buffer_process                        0x0001f1d1   Thumb Code    58  ble_bas_c.o(.text)
    db_discovery_evt_handler                 0x0001f20b   Thumb Code    88  ble_bas_c.o(.text)
    .text                                    0x0001f378   Section        0  ble_hrs_c.o(.text)
    tx_buffer_process                        0x0001f379   Thumb Code    58  ble_hrs_c.o(.text)
    db_discover_evt_handler                  0x0001f3b3   Thumb Code    86  ble_hrs_c.o(.text)
    .text                                    0x0001f4e8   Section        0  nrf_drv_common.o(.text)
    .text                                    0x0001f548   Section        0  nrf_drv_gpiote.o(.text)
    channel_port_alloc                       0x0001f549   Thumb Code    70  nrf_drv_gpiote.o(.text)
    nrf_gpiote_event_is_set                  0x0001fa39   Thumb Code    14  nrf_drv_gpiote.o(.text)
    nrf_gpio_cfg_sense_set                   0x0001fa47   Thumb Code    26  nrf_drv_gpiote.o(.text)
    pin_in_use_by_te                         0x0001fa61   Thumb Code    20  nrf_drv_gpiote.o(.text)
    pin_in_use_by_port                       0x0001fa75   Thumb Code    20  nrf_drv_gpiote.o(.text)
    channel_port_get                         0x0001fa89   Thumb Code    10  nrf_drv_gpiote.o(.text)
    channel_free                             0x0001fa93   Thumb Code    24  nrf_drv_gpiote.o(.text)
    .text                                    0x0001fac4   Section        0  pstorage.o(.text)
    cmd_queue_element_init                   0x0001fac5   Thumb Code    26  pstorage.o(.text)
    swap_state_process                       0x0001fadf   Thumb Code   296  pstorage.o(.text)
    cmd_process                              0x0001fc07   Thumb Code   238  pstorage.o(.text)
    cmd_queue_enqueue                        0x0001fcf5   Thumb Code    80  pstorage.o(.text)
    pstorage_flash_page_size                 0x00020239   Thumb Code    10  pstorage.o(.text)
    pstorage_flash_page_end                  0x00020243   Thumb Code    32  pstorage.o(.text)
    is_word_aligned                          0x00020263   Thumb Code    12  pstorage.o(.text)
    cmd_queue_dequeue                        0x0002026f   Thumb Code    36  pstorage.o(.text)
    app_notify                               0x00020293   Thumb Code    30  pstorage.o(.text)
    .text                                    0x000202bc   Section        0  app_uart_fifo.o(.text)
    action_tx_send                           0x000202d7   Thumb Code    56  app_uart_fifo.o(.text)
    on_uart_event                            0x0002030f   Thumb Code   118  app_uart_fifo.o(.text)
    gpiote_uart_event_handler                0x00020385   Thumb Code    22  app_uart_fifo.o(.text)
    action_uart_deactivate                   0x000205d9   Thumb Code    20  app_uart_fifo.o(.text)
    .text                                    0x0002061c   Section        0  app_error.o(.text)
    .text                                    0x00020634   Section        0  retarget.o(.text)
    .text                                    0x00020654   Section        0  app_button.o(.text)
    detection_delay_timeout_handler          0x00020655   Thumb Code    90  app_button.o(.text)
    gpiote_event_handler                     0x000206af   Thumb Code    70  app_button.o(.text)
    .text                                    0x000207d4   Section        0  app_timer.o(.text)
    NVIC_SetPriority                         0x000207d5   Thumb Code    60  app_timer.o(.text)
    rtc1_stop                                0x00020811   Thumb Code    50  app_timer.o(.text)
    timer_list_insert                        0x00020843   Thumb Code    94  app_timer.o(.text)
    timer_list_remove                        0x000208a1   Thumb Code   104  app_timer.o(.text)
    timer_timeouts_check                     0x00020909   Thumb Code   120  app_timer.o(.text)
    list_insertions_handler                  0x00020981   Thumb Code   230  app_timer.o(.text)
    user_id_get                              0x00020bb9   Thumb Code   116  app_timer.o(.text)
    timer_list_handler_sched                 0x00020d4d   Thumb Code    10  app_timer.o(.text)
    elapsed_ticks_acquire                    0x00020d57   Thumb Code    58  app_timer.o(.text)
    list_deletions_handler                   0x00020d91   Thumb Code   144  app_timer.o(.text)
    expired_timers_handler                   0x00020e21   Thumb Code    82  app_timer.o(.text)
    compare_reg_update                       0x00020e73   Thumb Code   140  app_timer.o(.text)
    user_op_alloc                            0x00020eff   Thumb Code    36  app_timer.o(.text)
    .text                                    0x00020f40   Section        0  app_fifo.o(.text)
    .text                                    0x00020fb0   Section        0  softdevice_handler.o(.text)
    .text                                    0x000210bc   Section        0  uidiv.o(.text)
    .text                                    0x000210e8   Section        0  memcpya.o(.text)
    .text                                    0x0002110c   Section        0  memseta.o(.text)
    .text                                    0x00021130   Section        0  memcmp.o(.text)
    .text                                    0x0002114c   Section       36  init.o(.text)
    i.__0printf$3                            0x00021170   Section        0  printf3.o(i.__0printf$3)
    i.__ARM_common_switch8                   0x00021190   Section        0  bsp.o(i.__ARM_common_switch8)
    i.__scatterload_copy                     0x000211aa   Section       14  handlers.o(i.__scatterload_copy)
    i.__scatterload_null                     0x000211b8   Section        2  handlers.o(i.__scatterload_null)
    i.__scatterload_zeroinit                 0x000211ba   Section       14  handlers.o(i.__scatterload_zeroinit)
    i._printf_core                           0x000211c8   Section        0  printf3.o(i._printf_core)
    _printf_core                             0x000211c9   Thumb Code   456  printf3.o(i._printf_core)
    .constdata                               0x00021394   Section       20  central_test.o(.constdata)
    m_connection_param                       0x00021394   Data           8  central_test.o(.constdata)
    .constdata                               0x000213a8   Section       48  bsp.o(.constdata)
    m_buttons_list                           0x000213a8   Data          16  bsp.o(.constdata)
    app_buttons                              0x000213b8   Data          32  bsp.o(.constdata)
    .constdata                               0x000213d8   Section       48  device_manager_central.o(.constdata)
    .constdata                               0x00021408   Section        8  app_uart_fifo.o(.constdata)
    .constdata                               0x00021410   Section        4  app_button.o(.constdata)
    .data                                    0x20002800   Section       12  central_test.o(.data)
    m_peer_count                             0x20002800   Data           1  central_test.o(.data)
    m_scan_mode                              0x20002801   Data           1  central_test.o(.data)
    m_whitelist_temporarily_disabled         0x20002802   Data           1  central_test.o(.data)
    m_memory_access_in_progress              0x20002803   Data           1  central_test.o(.data)
    rx_buf                                   0x20002804   Data           1  central_test.o(.data)
    m_dm_app_id                              0x20002805   Data           1  central_test.o(.data)
    m_conn_handle                            0x20002806   Data           2  central_test.o(.data)
    m_dm_device_handle                       0x20002808   Data           4  central_test.o(.data)
    .data                                    0x2000280c   Section       32  bsp.o(.data)
    m_stable_state                           0x2000280c   Data           1  bsp.o(.data)
    current_long_push_pin_no                 0x2000280d   Data           1  bsp.o(.data)
    m_app_ticks_per_100ms                    0x20002810   Data           4  bsp.o(.data)
    m_indication_type                        0x20002814   Data           4  bsp.o(.data)
    m_registered_callback                    0x20002818   Data           4  bsp.o(.data)
    release_event_at_push                    0x2000281c   Data           4  bsp.o(.data)
    m_leds_timer_id                          0x20002820   Data           4  bsp.o(.data)
    m_alert_timer_id                         0x20002824   Data           4  bsp.o(.data)
    m_button_timer_id                        0x20002828   Data           4  bsp.o(.data)
    .data                                    0x2000282c   Section        8  bsp_btn_ble.o(.data)
    m_error_handler                          0x2000282c   Data           4  bsp_btn_ble.o(.data)
    m_num_connections                        0x20002830   Data           4  bsp_btn_ble.o(.data)
    .data                                    0x20002834   Section        4  system_nrf51.o(.data)
    __tagsym$$used                           0x20002834   Number         0  system_nrf51.o(.data)
    .data                                    0x20002838   Section       16  ble_db_discovery.o(.data)
    m_initialized                            0x20002838   Data           1  ble_db_discovery.o(.data)
    m_pending_usr_evt_index                  0x2000283c   Data           4  ble_db_discovery.o(.data)
    m_num_of_handlers_reg                    0x20002840   Data           4  ble_db_discovery.o(.data)
    m_num_of_discoveries_made                0x20002844   Data           4  ble_db_discovery.o(.data)
    .data                                    0x20002848   Section       16  device_manager_central.o(.data)
    m_module_initialized                     0x20002848   Data           1  device_manager_central.o(.data)
    m_peer_addr_update                       0x2000284c   Data           4  device_manager_central.o(.data)
    m_storage_handle                         0x20002850   Data           8  device_manager_central.o(.data)
    .data                                    0x20002858   Section       12  ble_bas_c.o(.data)
    m_tx_insert_index                        0x20002858   Data           4  ble_bas_c.o(.data)
    m_tx_index                               0x2000285c   Data           4  ble_bas_c.o(.data)
    mp_ble_bas_c                             0x20002860   Data           4  ble_bas_c.o(.data)
    .data                                    0x20002864   Section       12  ble_hrs_c.o(.data)
    m_tx_insert_index                        0x20002864   Data           4  ble_hrs_c.o(.data)
    m_tx_index                               0x20002868   Data           4  ble_hrs_c.o(.data)
    mp_ble_hrs_c                             0x2000286c   Data           4  ble_hrs_c.o(.data)
    .data                                    0x20002870   Section       12  pstorage.o(.data)
    m_module_initialized                     0x20002870   Data           1  pstorage.o(.data)
    m_swap_state                             0x20002871   Data           1  pstorage.o(.data)
    m_next_app_instance                      0x20002872   Data           2  pstorage.o(.data)
    m_round_val                              0x20002874   Data           2  pstorage.o(.data)
    m_next_page_addr                         0x20002878   Data           4  pstorage.o(.data)
    .data                                    0x2000287c   Section        8  app_uart_fifo.o(.data)
    m_instance_counter                       0x2000287c   Data           1  app_uart_fifo.o(.data)
    m_current_state                          0x2000287d   Data           1  app_uart_fifo.o(.data)
    m_event_handler                          0x20002880   Data           4  app_uart_fifo.o(.data)
    .data                                    0x20002884   Section        4  retarget.o(.data)
    .data                                    0x20002888   Section       24  app_button.o(.data)
    m_button_count                           0x20002888   Data           1  app_button.o(.data)
    mp_buttons                               0x2000288c   Data           4  app_button.o(.data)
    m_detection_delay                        0x20002890   Data           4  app_button.o(.data)
    m_detection_delay_timer_id               0x20002894   Data           4  app_button.o(.data)
    m_pin_state                              0x20002898   Data           4  app_button.o(.data)
    m_pin_transition                         0x2000289c   Data           4  app_button.o(.data)
    .data                                    0x200028a0   Section       36  app_timer.o(.data)
    m_node_array_size                        0x200028a0   Data           1  app_timer.o(.data)
    m_user_array_size                        0x200028a1   Data           1  app_timer.o(.data)
    m_ticks_elapsed_q_read_ind               0x200028a2   Data           1  app_timer.o(.data)
    m_ticks_elapsed_q_write_ind              0x200028a3   Data           1  app_timer.o(.data)
    m_rtc1_running                           0x200028a4   Data           1  app_timer.o(.data)
    m_rtc1_reset                             0x200028a5   Data           1  app_timer.o(.data)
    mp_nodes                                 0x200028a8   Data           4  app_timer.o(.data)
    mp_users                                 0x200028ac   Data           4  app_timer.o(.data)
    m_timer_id_head                          0x200028b0   Data           4  app_timer.o(.data)
    m_ticks_latest                           0x200028b4   Data           4  app_timer.o(.data)
    m_evt_schedule_func                      0x200028b8   Data           4  app_timer.o(.data)
    m_ticks_elapsed                          0x200028bc   Data           8  app_timer.o(.data)
    .data                                    0x200028c4   Section       20  softdevice_handler.o(.data)
    m_softdevice_enabled                     0x200028c4   Data           1  softdevice_handler.o(.data)
    m_ble_evt_buffer_size                    0x200028c6   Data           2  softdevice_handler.o(.data)
    m_evt_schedule_func                      0x200028c8   Data           4  softdevice_handler.o(.data)
    mp_ble_evt_buffer                        0x200028cc   Data           4  softdevice_handler.o(.data)
    m_ble_evt_handler                        0x200028d0   Data           4  softdevice_handler.o(.data)
    m_sys_evt_handler                        0x200028d4   Data           4  softdevice_handler.o(.data)
    .bss                                     0x200028d8   Section      980  central_test.o(.bss)
    BLE_EVT_BUFFER                           0x200028d8   Data          72  central_test.o(.bss)
    tx_buf                                   0x20002920   Data         256  central_test.o(.bss)
    APP_TIMER_BUF                            0x20002a20   Data         512  central_test.o(.bss)
    m_ble_db_discovery                       0x20002c20   Data          98  central_test.o(.bss)
    m_ble_hrs_c                              0x20002c84   Data          12  central_test.o(.bss)
    m_ble_bas_c                              0x20002c90   Data          12  central_test.o(.bss)
    m_scan_param                             0x20002c9c   Data          16  central_test.o(.bss)
    .bss                                     0x20002cac   Section       12  bsp.o(.bss)
    m_events_list                            0x20002cac   Data          12  bsp.o(.bss)
    .bss                                     0x20002cb8   Section      128  ble_db_discovery.o(.bss)
    m_registered_handlers                    0x20002cb8   Data          16  ble_db_discovery.o(.bss)
    m_pending_user_evts                      0x20002cc8   Data         112  ble_db_discovery.o(.bss)
    .bss                                     0x20002d38   Section      259  device_manager_central.o(.bss)
    m_peer_table                             0x20002d38   Data         168  device_manager_central.o(.bss)
    m_bond_table                             0x20002de0   Data          28  device_manager_central.o(.bss)
    m_gatts_table                            0x20002dfc   Data          16  device_manager_central.o(.bss)
    m_connection_table                       0x20002e0c   Data          12  device_manager_central.o(.bss)
    m_application_table                      0x20002e18   Data          12  device_manager_central.o(.bss)
    m_local_id_info                          0x20002e24   Data          23  device_manager_central.o(.bss)
    .bss                                     0x20002e3c   Section      160  ble_bas_c.o(.bss)
    m_tx_buffer                              0x20002e3c   Data         160  ble_bas_c.o(.bss)
    .bss                                     0x20002edc   Section      160  ble_hrs_c.o(.bss)
    m_tx_buffer                              0x20002edc   Data         160  ble_hrs_c.o(.bss)
    .bss                                     0x20002f7c   Section       84  nrf_drv_gpiote.o(.bss)
    m_cb                                     0x20002f7c   Data          84  nrf_drv_gpiote.o(.bss)
    .bss                                     0x20002fd0   Section      220  pstorage.o(.bss)
    m_cmd_queue                              0x20002fd0   Data         204  pstorage.o(.bss)
    m_app_table                              0x2000309c   Data          16  pstorage.o(.bss)
    .bss                                     0x200030ac   Section       32  app_uart_fifo.o(.bss)
    m_rx_fifo                                0x200030ac   Data          16  app_uart_fifo.o(.bss)
    m_tx_fifo                                0x200030bc   Data          16  app_uart_fifo.o(.bss)
    STACK                                    0x200030d0   Section     2048  arm_startup_nrf51.o(STACK)

    Global Symbols

    Symbol Name                              Value     Ov Type        Size  Object(Section)

    BuildAttributes$$THM_ISAv3M$S$PE$A:L22$X:L11$S22$IEEE1$IW$USESV6$~STKCKD$USESV7$~SHL$OSPACE$ROPI$EBA8$MICROLIB$REQ8$PRES8$EABIv2 0x00000000   Number         0  anon$$obj.o ABSOLUTE
    __ARM_use_no_argv                        0x00000000   Number         0  central_test.o ABSOLUTE
    _printf_a                                0x00000000   Number         0  stubs.o ABSOLUTE
    _printf_c                                0x00000000   Number         0  stubs.o ABSOLUTE
    _printf_charcount                        0x00000000   Number         0  stubs.o ABSOLUTE
    _printf_d                                0x00000000   Number         0  stubs.o ABSOLUTE
    _printf_e                                0x00000000   Number         0  stubs.o ABSOLUTE
    _printf_f                                0x00000000   Number         0  stubs.o ABSOLUTE
    _printf_flags                            0x00000000   Number         0  stubs.o ABSOLUTE
    _printf_fp_dec                           0x00000000   Number         0  stubs.o ABSOLUTE
    _printf_fp_hex                           0x00000000   Number         0  stubs.o ABSOLUTE
    _printf_g                                0x00000000   Number         0  stubs.o ABSOLUTE
    _printf_i                                0x00000000   Number         0  stubs.o ABSOLUTE
    _printf_int_dec                          0x00000000   Number         0  stubs.o ABSOLUTE
    _printf_l                                0x00000000   Number         0  stubs.o ABSOLUTE
    _printf_lc                               0x00000000   Number         0  stubs.o ABSOLUTE
    _printf_ll                               0x00000000   Number         0  stubs.o ABSOLUTE
    _printf_lld                              0x00000000   Number         0  stubs.o ABSOLUTE
    _printf_lli                              0x00000000   Number         0  stubs.o ABSOLUTE
    _printf_llo                              0x00000000   Number         0  stubs.o ABSOLUTE
    _printf_llu                              0x00000000   Number         0  stubs.o ABSOLUTE
    _printf_llx                              0x00000000   Number         0  stubs.o ABSOLUTE
    _printf_longlong_dec                     0x00000000   Number         0  stubs.o ABSOLUTE
    _printf_longlong_hex                     0x00000000   Number         0  stubs.o ABSOLUTE
    _printf_longlong_oct                     0x00000000   Number         0  stubs.o ABSOLUTE
    _printf_ls                               0x00000000   Number         0  stubs.o ABSOLUTE
    _printf_mbtowc                           0x00000000   Number         0  stubs.o ABSOLUTE
    _printf_n                                0x00000000   Number         0  stubs.o ABSOLUTE
    _printf_o                                0x00000000   Number         0  stubs.o ABSOLUTE
    _printf_p                                0x00000000   Number         0  stubs.o ABSOLUTE
    _printf_percent                          0x00000000   Number         0  stubs.o ABSOLUTE
    _printf_pre_padding                      0x00000000   Number         0  stubs.o ABSOLUTE
    _printf_return_value                     0x00000000   Number         0  stubs.o ABSOLUTE
    _printf_s                                0x00000000   Number         0  stubs.o ABSOLUTE
    _printf_sizespec                         0x00000000   Number         0  stubs.o ABSOLUTE
    _printf_str                              0x00000000   Number         0  stubs.o ABSOLUTE
    _printf_truncate_signed                  0x00000000   Number         0  stubs.o ABSOLUTE
    _printf_truncate_unsigned                0x00000000   Number         0  stubs.o ABSOLUTE
    _printf_u                                0x00000000   Number         0  stubs.o ABSOLUTE
    _printf_wc                               0x00000000   Number         0  stubs.o ABSOLUTE
    _printf_wctomb                           0x00000000   Number         0  stubs.o ABSOLUTE
    _printf_widthprec                        0x00000000   Number         0  stubs.o ABSOLUTE
    _printf_x                                0x00000000   Number         0  stubs.o ABSOLUTE
    __cpp_initialize__aeabi_                  - Undefined Weak Reference
    __cxa_finalize                            - Undefined Weak Reference
    __decompress                              - Undefined Weak Reference
    _clock_init                               - Undefined Weak Reference
    _microlib_exit                            - Undefined Weak Reference
    __Vectors_Size                           0x000000c0   Number         0  arm_startup_nrf51.o ABSOLUTE
    __Vectors                                0x0001d000   Data           4  arm_startup_nrf51.o(RESET)
    __Vectors_End                            0x0001d0c0   Data           0  arm_startup_nrf51.o(RESET)
    __main                                   0x0001d0c1   Thumb Code     0  entry.o(.ARM.Collect$$$$00000000)
    _main_stk                                0x0001d0c1   Thumb Code     0  entry2.o(.ARM.Collect$$$$00000001)
    _main_scatterload                        0x0001d0c5   Thumb Code     0  entry5.o(.ARM.Collect$$$$00000004)
    __main_after_scatterload                 0x0001d0c9   Thumb Code     0  entry5.o(.ARM.Collect$$$$00000004)
    _main_clock                              0x0001d0c9   Thumb Code     0  entry7b.o(.ARM.Collect$$$$00000008)
    _main_cpp_init                           0x0001d0c9   Thumb Code     0  entry8b.o(.ARM.Collect$$$$0000000A)
    _main_init                               0x0001d0c9   Thumb Code     0  entry9a.o(.ARM.Collect$$$$0000000B)
    __rt_final_cpp                           0x0001d0d1   Thumb Code     0  entry10a.o(.ARM.Collect$$$$0000000D)
    __rt_final_exit                          0x0001d0d1   Thumb Code     0  entry11a.o(.ARM.Collect$$$$0000000F)
    __asm___11_app_timer_c_cd27f9c3__nrf_delay_us 0x0001d0d5   Thumb Code    30  app_timer.o(.emb_text)
    assert_nrf_callback                      0x0001d0f5   Thumb Code    14  central_test.o(.text)
    uart_error_handle                        0x0001d103   Thumb Code    24  central_test.o(.text)
    bsp_event_handler                        0x0001d3e1   Thumb Code   124  central_test.o(.text)
    main                                     0x0001d545   Thumb Code   252  central_test.o(.text)
    bsp_buttons_state_get                    0x0001d76d   Thumb Code    50  bsp.o(.text)
    bsp_button_is_pressed                    0x0001d79f   Thumb Code    34  bsp.o(.text)
    bsp_indication_set                       0x0001da59   Thumb Code    18  bsp.o(.text)
    bsp_indication_text_set                  0x0001da6b   Thumb Code    22  bsp.o(.text)
    bsp_event_to_button_action_assign        0x0001da81   Thumb Code    66  bsp.o(.text)
    bsp_init                                 0x0001dac3   Thumb Code   136  bsp.o(.text)
    bsp_buttons_enable                       0x0001db4b   Thumb Code    46  bsp.o(.text)
    bsp_buttons_disable                      0x0001db79   Thumb Code     8  bsp.o(.text)
    bsp_wakeup_buttons_set                   0x0001db81   Thumb Code    50  bsp.o(.text)
    bsp_btn_ble_sleep_mode_prepare           0x0001dbf9   Thumb Code    20  bsp_btn_ble.o(.text)
    bsp_btn_ble_on_ble_evt                   0x0001dc0d   Thumb Code   114  bsp_btn_ble.o(.text)
    bsp_btn_ble_init                         0x0001dc7f   Thumb Code    80  bsp_btn_ble.o(.text)
    Reset_Handler                            0x0001dcd5   Thumb Code    26  arm_startup_nrf51.o(.text)
    NMI_Handler                              0x0001dcef   Thumb Code     2  arm_startup_nrf51.o(.text)
    HardFault_Handler                        0x0001dcf1   Thumb Code     2  arm_startup_nrf51.o(.text)
    SVC_Handler                              0x0001dcf3   Thumb Code     2  arm_startup_nrf51.o(.text)
    PendSV_Handler                           0x0001dcf5   Thumb Code     2  arm_startup_nrf51.o(.text)
    SysTick_Handler                          0x0001dcf7   Thumb Code     2  arm_startup_nrf51.o(.text)
    ADC_IRQHandler                           0x0001dcf9   Thumb Code     0  arm_startup_nrf51.o(.text)
    CCM_AAR_IRQHandler                       0x0001dcf9   Thumb Code     0  arm_startup_nrf51.o(.text)
    ECB_IRQHandler                           0x0001dcf9   Thumb Code     0  arm_startup_nrf51.o(.text)
    LPCOMP_IRQHandler                        0x0001dcf9   Thumb Code     0  arm_startup_nrf51.o(.text)
    POWER_CLOCK_IRQHandler                   0x0001dcf9   Thumb Code     0  arm_startup_nrf51.o(.text)
    QDEC_IRQHandler                          0x0001dcf9   Thumb Code     0  arm_startup_nrf51.o(.text)
    RADIO_IRQHandler                         0x0001dcf9   Thumb Code     0  arm_startup_nrf51.o(.text)
    RNG_IRQHandler                           0x0001dcf9   Thumb Code     0  arm_startup_nrf51.o(.text)
    RTC0_IRQHandler                          0x0001dcf9   Thumb Code     0  arm_startup_nrf51.o(.text)
    SPI0_TWI0_IRQHandler                     0x0001dcf9   Thumb Code     0  arm_startup_nrf51.o(.text)
    SPI1_TWI1_IRQHandler                     0x0001dcf9   Thumb Code     0  arm_startup_nrf51.o(.text)
    SWI1_IRQHandler                          0x0001dcf9   Thumb Code     0  arm_startup_nrf51.o(.text)
    SWI3_IRQHandler                          0x0001dcf9   Thumb Code     0  arm_startup_nrf51.o(.text)
    SWI4_IRQHandler                          0x0001dcf9   Thumb Code     0  arm_startup_nrf51.o(.text)
    SWI5_IRQHandler                          0x0001dcf9   Thumb Code     0  arm_startup_nrf51.o(.text)
    TEMP_IRQHandler                          0x0001dcf9   Thumb Code     0  arm_startup_nrf51.o(.text)
    TIMER0_IRQHandler                        0x0001dcf9   Thumb Code     0  arm_startup_nrf51.o(.text)
    TIMER1_IRQHandler                        0x0001dcf9   Thumb Code     0  arm_startup_nrf51.o(.text)
    TIMER2_IRQHandler                        0x0001dcf9   Thumb Code     0  arm_startup_nrf51.o(.text)
    WDT_IRQHandler                           0x0001dcf9   Thumb Code     0  arm_startup_nrf51.o(.text)
    SystemCoreClockUpdate                    0x0001dd0d   Thumb Code     8  system_nrf51.o(.text)
    SystemInit                               0x0001dd15   Thumb Code    64  system_nrf51.o(.text)
    ble_db_discovery_init                    0x0001e0d9   Thumb Code    18  ble_db_discovery.o(.text)
    ble_db_discovery_close                   0x0001e0eb   Thumb Code    16  ble_db_discovery.o(.text)
    ble_db_discovery_evt_register            0x0001e0fb   Thumb Code    66  ble_db_discovery.o(.text)
    ble_db_discovery_start                   0x0001e13d   Thumb Code    96  ble_db_discovery.o(.text)
    ble_db_discovery_on_ble_evt              0x0001e19d   Thumb Code   156  ble_db_discovery.o(.text)
    initiate_security_request                0x0001e4e1   Thumb Code    86  device_manager_central.o(.text)
    dm_handle_initialize                     0x0001e537   Thumb Code    24  device_manager_central.o(.text)
    dm_init                                  0x0001e6a5   Thumb Code   198  device_manager_central.o(.text)
    dm_register                              0x0001e76b   Thumb Code    80  device_manager_central.o(.text)
    dm_security_setup_req                    0x0001e7bb   Thumb Code   184  device_manager_central.o(.text)
    dm_security_status_req                   0x0001e873   Thumb Code   104  device_manager_central.o(.text)
    dm_whitelist_create                      0x0001e8db   Thumb Code   164  device_manager_central.o(.text)
    dm_device_add                            0x0001e97f   Thumb Code     6  device_manager_central.o(.text)
    dm_device_delete                         0x0001e985   Thumb Code    78  device_manager_central.o(.text)
    dm_device_delete_all                     0x0001e9d3   Thumb Code    78  device_manager_central.o(.text)
    dm_service_context_set                   0x0001ea21   Thumb Code   148  device_manager_central.o(.text)
    dm_service_context_get                   0x0001eab5   Thumb Code   182  device_manager_central.o(.text)
    dm_service_context_delete                0x0001eb6b   Thumb Code    80  device_manager_central.o(.text)
    dm_application_context_set               0x0001ebbb   Thumb Code     4  device_manager_central.o(.text)
    dm_application_context_get               0x0001ebbf   Thumb Code     4  device_manager_central.o(.text)
    dm_application_context_delete            0x0001ebc3   Thumb Code     4  device_manager_central.o(.text)
    dm_application_instance_set              0x0001ebc7   Thumb Code    56  device_manager_central.o(.text)
    dm_peer_addr_set                         0x0001ebff   Thumb Code   128  device_manager_central.o(.text)
    dm_peer_addr_get                         0x0001ec7f   Thumb Code   118  device_manager_central.o(.text)
    dm_distributed_keys_get                  0x0001ecf5   Thumb Code   162  device_manager_central.o(.text)
    dm_ble_evt_handler                       0x0001ed97   Thumb Code   874  device_manager_central.o(.text)
    ble_bas_c_init                           0x0001f263   Thumb Code    54  ble_bas_c.o(.text)
    ble_bas_c_on_ble_evt                     0x0001f299   Thumb Code    92  ble_bas_c.o(.text)
    ble_bas_c_bl_notif_enable                0x0001f2f5   Thumb Code    68  ble_bas_c.o(.text)
    ble_bas_c_bl_read                        0x0001f339   Thumb Code    42  ble_bas_c.o(.text)
    ble_hrs_c_init                           0x0001f409   Thumb Code    52  ble_hrs_c.o(.text)
    ble_hrs_c_on_ble_evt                     0x0001f43d   Thumb Code    84  ble_hrs_c.o(.text)
    ble_hrs_c_hrm_notif_enable               0x0001f491   Thumb Code    68  ble_hrs_c.o(.text)
    nrf_drv_common_irq_enable                0x0001f4e9   Thumb Code    78  nrf_drv_common.o(.text)
    nrf_drv_gpiote_init                      0x0001f58f   Thumb Code    72  nrf_drv_gpiote.o(.text)
    nrf_drv_gpiote_is_init                   0x0001f5d7   Thumb Code    12  nrf_drv_gpiote.o(.text)
    nrf_drv_gpiote_in_event_disable          0x0001f5e3   Thumb Code    70  nrf_drv_gpiote.o(.text)
    nrf_drv_gpiote_in_uninit                 0x0001f629   Thumb Code    70  nrf_drv_gpiote.o(.text)
    nrf_drv_gpiote_out_uninit                0x0001f66f   Thumb Code    42  nrf_drv_gpiote.o(.text)
    nrf_drv_gpiote_uninit                    0x0001f699   Thumb Code    48  nrf_drv_gpiote.o(.text)
    nrf_drv_gpiote_out_init                  0x0001f6c9   Thumb Code   130  nrf_drv_gpiote.o(.text)
    nrf_drv_gpiote_out_set                   0x0001f74b   Thumb Code    10  nrf_drv_gpiote.o(.text)
    nrf_drv_gpiote_out_clear                 0x0001f755   Thumb Code    10  nrf_drv_gpiote.o(.text)
    nrf_drv_gpiote_out_toggle                0x0001f75f   Thumb Code    24  nrf_drv_gpiote.o(.text)
    nrf_drv_gpiote_out_task_enable           0x0001f777   Thumb Code    38  nrf_drv_gpiote.o(.text)
    nrf_drv_gpiote_out_task_disable          0x0001f79d   Thumb Code    24  nrf_drv_gpiote.o(.text)
    nrf_drv_gpiote_out_task_addr_get         0x0001f7b5   Thumb Code    16  nrf_drv_gpiote.o(.text)
    nrf_drv_gpiote_out_task_force            0x0001f7c5   Thumb Code    40  nrf_drv_gpiote.o(.text)
    nrf_drv_gpiote_out_task_trigger          0x0001f7ed   Thumb Code    20  nrf_drv_gpiote.o(.text)
    nrf_drv_gpiote_in_init                   0x0001f801   Thumb Code   130  nrf_drv_gpiote.o(.text)
    nrf_drv_gpiote_in_event_enable           0x0001f883   Thumb Code   120  nrf_drv_gpiote.o(.text)
    nrf_drv_gpiote_in_is_set                 0x0001f8fb   Thumb Code    16  nrf_drv_gpiote.o(.text)
    nrf_drv_gpiote_in_event_addr_get         0x0001f90b   Thumb Code    20  nrf_drv_gpiote.o(.text)
    GPIOTE_IRQHandler                        0x0001f91f   Thumb Code   282  nrf_drv_gpiote.o(.text)
    pstorage_sys_event_handler               0x0001fd45   Thumb Code   288  pstorage.o(.text)
    pstorage_init                            0x0001fe65   Thumb Code   114  pstorage.o(.text)
    pstorage_register                        0x0001fed7   Thumb Code   224  pstorage.o(.text)
    pstorage_block_identifier_get            0x0001ffb7   Thumb Code    74  pstorage.o(.text)
    pstorage_store                           0x00020001   Thumb Code   134  pstorage.o(.text)
    pstorage_update                          0x00020087   Thumb Code   134  pstorage.o(.text)
    pstorage_load                            0x0002010d   Thumb Code   154  pstorage.o(.text)
    pstorage_clear                           0x000201a7   Thumb Code   114  pstorage.o(.text)
    pstorage_access_status_get               0x00020219   Thumb Code    32  pstorage.o(.text)
    action_tx_stop                           0x000202bd   Thumb Code    26  app_uart_fifo.o(.text)
    UART0_IRQHandler                         0x0002039b   Thumb Code   114  app_uart_fifo.o(.text)
    app_uart_init                            0x0002040d   Thumb Code   354  app_uart_fifo.o(.text)
    app_uart_get                             0x0002056f   Thumb Code    14  app_uart_fifo.o(.text)
    app_uart_put                             0x0002057d   Thumb Code    22  app_uart_fifo.o(.text)
    app_uart_flush                           0x00020593   Thumb Code    22  app_uart_fifo.o(.text)
    app_uart_get_connection_state            0x000205a9   Thumb Code    16  app_uart_fifo.o(.text)
    app_uart_close                           0x000205b9   Thumb Code    32  app_uart_fifo.o(.text)
    app_error_handler                        0x0002061d   Thumb Code    16  app_error.o(.text)
    fgetc                                    0x00020635   Thumb Code    18  retarget.o(.text)
    fputc                                    0x00020647   Thumb Code    14  retarget.o(.text)
    app_button_init                          0x000206f5   Thumb Code   102  app_button.o(.text)
    app_button_enable                        0x0002075b   Thumb Code    32  app_button.o(.text)
    app_button_disable                       0x0002077b   Thumb Code    34  app_button.o(.text)
    app_button_is_pushed                     0x0002079d   Thumb Code    38  app_button.o(.text)
    RTC1_IRQHandler                          0x00020a67   Thumb Code    22  app_timer.o(.text)
    SWI0_IRQHandler                          0x00020a7d   Thumb Code    78  app_timer.o(.text)
    app_timer_init                           0x00020acb   Thumb Code   166  app_timer.o(.text)
    app_timer_create                         0x00020b71   Thumb Code    72  app_timer.o(.text)
    app_timer_start                          0x00020c2d   Thumb Code   122  app_timer.o(.text)
    app_timer_stop                           0x00020ca7   Thumb Code    82  app_timer.o(.text)
    app_timer_stop_all                       0x00020cf9   Thumb Code    62  app_timer.o(.text)
    app_timer_cnt_get                        0x00020d37   Thumb Code    10  app_timer.o(.text)
    app_timer_cnt_diff_compute               0x00020d41   Thumb Code    12  app_timer.o(.text)
    app_fifo_init                            0x00020f41   Thumb Code    36  app_fifo.o(.text)
    app_fifo_put                             0x00020f65   Thumb Code    34  app_fifo.o(.text)
    app_fifo_get                             0x00020f87   Thumb Code    34  app_fifo.o(.text)
    app_fifo_flush                           0x00020fa9   Thumb Code     8  app_fifo.o(.text)
    softdevice_assertion_handler             0x00020fb1   Thumb Code    12  softdevice_handler.o(.text)
    intern_softdevice_events_execute         0x00020fbd   Thumb Code   124  softdevice_handler.o(.text)
    softdevice_handler_init                  0x00021039   Thumb Code    40  softdevice_handler.o(.text)
    softdevice_handler_sd_disable            0x00021061   Thumb Code    18  softdevice_handler.o(.text)
    softdevice_ble_evt_handler_set           0x00021073   Thumb Code    16  softdevice_handler.o(.text)
    softdevice_sys_evt_handler_set           0x00021083   Thumb Code    16  softdevice_handler.o(.text)
    SWI2_IRQHandler                          0x00021093   Thumb Code    32  softdevice_handler.o(.text)
    __aeabi_uidiv                            0x000210bd   Thumb Code     0  uidiv.o(.text)
    __aeabi_uidivmod                         0x000210bd   Thumb Code    44  uidiv.o(.text)
    __aeabi_memcpy                           0x000210e9   Thumb Code    36  memcpya.o(.text)
    __aeabi_memcpy4                          0x000210e9   Thumb Code     0  memcpya.o(.text)
    __aeabi_memcpy8                          0x000210e9   Thumb Code     0  memcpya.o(.text)
    __aeabi_memset                           0x0002110d   Thumb Code    14  memseta.o(.text)
    __aeabi_memset4                          0x0002110d   Thumb Code     0  memseta.o(.text)
    __aeabi_memset8                          0x0002110d   Thumb Code     0  memseta.o(.text)
    __aeabi_memclr                           0x0002111b   Thumb Code     4  memseta.o(.text)
    __aeabi_memclr4                          0x0002111b   Thumb Code     0  memseta.o(.text)
    __aeabi_memclr8                          0x0002111b   Thumb Code     0  memseta.o(.text)
    _memset$wrapper                          0x0002111f   Thumb Code    18  memseta.o(.text)
    memcmp                                   0x00021131   Thumb Code    26  memcmp.o(.text)
    __scatterload                            0x0002114d   Thumb Code    28  init.o(.text)
    __scatterload_rt2                        0x0002114d   Thumb Code     0  init.o(.text)
    __0printf$3                              0x00021171   Thumb Code    24  printf3.o(i.__0printf$3)
    __1printf$3                              0x00021171   Thumb Code     0  printf3.o(i.__0printf$3)
    __2printf                                0x00021171   Thumb Code     0  printf3.o(i.__0printf$3)
    __ARM_common_switch8                     0x00021191   Thumb Code    26  bsp.o(i.__ARM_common_switch8)
    __scatterload_copy                       0x000211ab   Thumb Code    14  handlers.o(i.__scatterload_copy)
    __scatterload_null                       0x000211b9   Thumb Code     2  handlers.o(i.__scatterload_null)
    __scatterload_zeroinit                   0x000211bb   Thumb Code    14  handlers.o(i.__scatterload_zeroinit)
    m_service_context_store                  0x000213d8   Data          16  device_manager_central.o(.constdata)
    m_service_context_load                   0x000213e8   Data          16  device_manager_central.o(.constdata)
    m_service_context_apply                  0x000213f8   Data          16  device_manager_central.o(.constdata)
    Region$$Table$$Base                      0x00021414   Number         0  anon$$obj.o(Region$$Table)
    Region$$Table$$Limit                     0x00021434   Number         0  anon$$obj.o(Region$$Table)
    SystemCoreClock                          0x20002834   Data           4  system_nrf51.o(.data)
    __stdout                                 0x20002884   Data           4  retarget.o(.data)
    __initial_sp                             0x200038d0   Data           0  arm_startup_nrf51.o(STACK)



==============================================================================

Memory Map of the image

  Image Entry point : 0x0001d0c1

  Load Region LR_IROM1 (Base: 0x0001d000, Size: 0x0000450c, Max: 0x00023000, ABSOLUTE)

    Execution Region ER_IROM1 (Base: 0x0001d000, Size: 0x00004434, Max: 0x00023000, ABSOLUTE)

    Base Addr    Size         Type   Attr      Idx    E Section Name        Object

    0x0001d000   0x000000c0   Data   RO          259    RESET               arm_startup_nrf51.o
    0x0001d0c0   0x00000000   Code   RO          769  * .ARM.Collect$$$$00000000  mc_p.l(entry.o)
    0x0001d0c0   0x00000004   Code   RO         1045    .ARM.Collect$$$$00000001  mc_p.l(entry2.o)
    0x0001d0c4   0x00000004   Code   RO         1048    .ARM.Collect$$$$00000004  mc_p.l(entry5.o)
    0x0001d0c8   0x00000000   Code   RO         1050    .ARM.Collect$$$$00000008  mc_p.l(entry7b.o)
    0x0001d0c8   0x00000000   Code   RO         1052    .ARM.Collect$$$$0000000A  mc_p.l(entry8b.o)
    0x0001d0c8   0x00000008   Code   RO         1053    .ARM.Collect$$$$0000000B  mc_p.l(entry9a.o)
    0x0001d0d0   0x00000000   Code   RO         1055    .ARM.Collect$$$$0000000D  mc_p.l(entry10a.o)
    0x0001d0d0   0x00000000   Code   RO         1057    .ARM.Collect$$$$0000000F  mc_p.l(entry11a.o)
    0x0001d0d0   0x00000004   Code   RO         1046    .ARM.Collect$$$$00002712  mc_p.l(entry2.o)
    0x0001d0d4   0x0000001e   Code   RO          702    .emb_text           app_timer.o
    0x0001d0f2   0x00000002   PAD
    0x0001d0f4   0x00000678   Code   RO            3    .text               central_test.o
    0x0001d76c   0x00000450   Code   RO          203    .text               bsp.o
    0x0001dbbc   0x00000118   Code   RO          237    .text               bsp_btn_ble.o
    0x0001dcd4   0x00000038   Code   RO          260    .text               arm_startup_nrf51.o
    0x0001dd0c   0x000000a8   Code   RO          266    .text               system_nrf51.o
    0x0001ddb4   0x00000528   Code   RO          290    .text               ble_db_discovery.o
    0x0001e2dc   0x00000ef4   Code   RO          338    .text               device_manager_central.o
    0x0001f1d0   0x000001a8   Code   RO          388    .text               ble_bas_c.o
    0x0001f378   0x00000170   Code   RO          403    .text               ble_hrs_c.o
    0x0001f4e8   0x00000060   Code   RO          423    .text               nrf_drv_common.o
    0x0001f548   0x0000057c   Code   RO          452    .text               nrf_drv_gpiote.o
    0x0001fac4   0x000007f8   Code   RO          489    .text               pstorage.o
    0x000202bc   0x00000360   Code   RO          548    .text               app_uart_fifo.o
    0x0002061c   0x00000018   Code   RO          591    .text               app_error.o
    0x00020634   0x00000020   Code   RO          639    .text               retarget.o
    0x00020654   0x00000180   Code   RO          667    .text               app_button.o
    0x000207d4   0x0000076c   Code   RO          703    .text               app_timer.o
    0x00020f40   0x00000070   Code   RO          732    .text               app_fifo.o
    0x00020fb0   0x0000010c   Code   RO          749    .text               softdevice_handler.o
    0x000210bc   0x0000002c   Code   RO          772    .text               mc_p.l(uidiv.o)
    0x000210e8   0x00000024   Code   RO          774    .text               mc_p.l(memcpya.o)
    0x0002110c   0x00000024   Code   RO          776    .text               mc_p.l(memseta.o)
    0x00021130   0x0000001a   Code   RO          780    .text               mc_p.l(memcmp.o)
    0x0002114a   0x00000002   PAD
    0x0002114c   0x00000024   Code   RO         1072    .text               mc_p.l(init.o)
    0x00021170   0x00000020   Code   RO          873    i.__0printf$3       mc_p.l(printf3.o)
    0x00021190   0x0000001a   Code   RO          222    i.__ARM_common_switch8  bsp.o
    0x000211aa   0x0000000e   Code   RO         1086    i.__scatterload_copy  mc_p.l(handlers.o)
    0x000211b8   0x00000002   Code   RO         1087    i.__scatterload_null  mc_p.l(handlers.o)
    0x000211ba   0x0000000e   Code   RO         1088    i.__scatterload_zeroinit  mc_p.l(handlers.o)
    0x000211c8   0x000001cc   Code   RO          880    i._printf_core      mc_p.l(printf3.o)
    0x00021394   0x00000014   Data   RO            5    .constdata          central_test.o
    0x000213a8   0x00000030   Data   RO          205    .constdata          bsp.o
    0x000213d8   0x00000030   Data   RO          340    .constdata          device_manager_central.o
    0x00021408   0x00000008   Data   RO          550    .constdata          app_uart_fifo.o
    0x00021410   0x00000004   Data   RO          668    .constdata          app_button.o
    0x00021414   0x00000020   Data   RO         1084    Region$$Table       anon$$obj.o


    Execution Region RW_IRAM1 (Base: 0x20002800, Size: 0x000010d0, Max: 0x00005800, ABSOLUTE)

    Base Addr    Size         Type   Attr      Idx    E Section Name        Object

    0x20002800   0x0000000c   Data   RW            6    .data               central_test.o
    0x2000280c   0x00000020   Data   RW          206    .data               bsp.o
    0x2000282c   0x00000008   Data   RW          238    .data               bsp_btn_ble.o
    0x20002834   0x00000004   Data   RW          267    .data               system_nrf51.o
    0x20002838   0x00000010   Data   RW          292    .data               ble_db_discovery.o
    0x20002848   0x00000010   Data   RW          342    .data               device_manager_central.o
    0x20002858   0x0000000c   Data   RW          390    .data               ble_bas_c.o
    0x20002864   0x0000000c   Data   RW          405    .data               ble_hrs_c.o
    0x20002870   0x0000000c   Data   RW          491    .data               pstorage.o
    0x2000287c   0x00000008   Data   RW          551    .data               app_uart_fifo.o
    0x20002884   0x00000004   Data   RW          640    .data               retarget.o
    0x20002888   0x00000018   Data   RW          669    .data               app_button.o
    0x200028a0   0x00000024   Data   RW          704    .data               app_timer.o
    0x200028c4   0x00000014   Data   RW          750    .data               softdevice_handler.o
    0x200028d8   0x000003d4   Zero   RW            4    .bss                central_test.o
    0x20002cac   0x0000000c   Zero   RW          204    .bss                bsp.o
    0x20002cb8   0x00000080   Zero   RW          291    .bss                ble_db_discovery.o
    0x20002d38   0x00000103   Zero   RW          339    .bss                device_manager_central.o
    0x20002e3b   0x00000001   PAD
    0x20002e3c   0x000000a0   Zero   RW          389    .bss                ble_bas_c.o
    0x20002edc   0x000000a0   Zero   RW          404    .bss                ble_hrs_c.o
    0x20002f7c   0x00000054   Zero   RW          453    .bss                nrf_drv_gpiote.o
    0x20002fd0   0x000000dc   Zero   RW          490    .bss                pstorage.o
    0x200030ac   0x00000020   Zero   RW          549    .bss                app_uart_fifo.o
    0x200030cc   0x00000004   PAD
    0x200030d0   0x00000800   Zero   RW          257    STACK               arm_startup_nrf51.o


==============================================================================

Image component sizes


      Code (inc. data)   RO Data    RW Data    ZI Data      Debug   Object Name

       384         18          4         24          0       7664   app_button.o
        24          8          0          0          0       6848   app_error.o
       112          0          0          0          0       2389   app_fifo.o
      1930         72          0         36          0      19841   app_timer.o
       864         56          8          8         32      15156   app_uart_fifo.o
        56         18        192          0       2048        648   arm_startup_nrf51.o
       424         22          0         12        160       4090   ble_bas_c.o
      1320         18          0         16        128       8884   ble_db_discovery.o
       368         20          0         12        160       5377   ble_hrs_c.o
      1130         74         48         32         12       6408   bsp.o
       280          6          0          8          0       3301   bsp_btn_ble.o
      1656        182         20         12        980      86647   central_test.o
      3828         94         48         16        259      19525   device_manager_central.o
        96         18          0          0          0       7152   nrf_drv_common.o
      1404         58          0          0         84      17436   nrf_drv_gpiote.o
      2040         30          0         12        220      13090   pstorage.o
        32          0          0          4          0       2784   retarget.o
       268         10          0         20          0       3684   softdevice_handler.o
       168         30          0          4          0       1733   system_nrf51.o

    ----------------------------------------------------------------------
     16386        734        352        216       4088     232657   Object Totals
         0          0         32          0          0          0   (incl. Generated)
         2          0          0          0          5          0   (incl. Padding)

    ----------------------------------------------------------------------

      Code (inc. data)   RO Data    RW Data    ZI Data      Debug   Library Member Name

         0          0          0          0          0          0   entry.o
         0          0          0          0          0          0   entry10a.o
         0          0          0          0          0          0   entry11a.o
         8          4          0          0          0          0   entry2.o
         4          0          0          0          0          0   entry5.o
         0          0          0          0          0          0   entry7b.o
         0          0          0          0          0          0   entry8b.o
         8          4          0          0          0          0   entry9a.o
        30          0          0          0          0          0   handlers.o
        36          8          0          0          0         68   init.o
        26          0          0          0          0         72   memcmp.o
        36          0          0          0          0         60   memcpya.o
        36          0          0          0          0        100   memseta.o
       492         12          0          0          0        168   printf3.o
        44          0          0          0          0         72   uidiv.o

    ----------------------------------------------------------------------
       722         28          0          0          0        540   Library Totals
         2          0          0          0          0          0   (incl. Padding)

    ----------------------------------------------------------------------

      Code (inc. data)   RO Data    RW Data    ZI Data      Debug   Library Name

       720         28          0          0          0        540   mc_p.l

    ----------------------------------------------------------------------
       722         28          0          0          0        540   Library Totals

    ----------------------------------------------------------------------

==============================================================================


      Code (inc. data)   RO Data    RW Data    ZI Data      Debug   

     17108        762        352        216       4088     231493   Grand Totals
     17108        762        352        216       4088     231493   ELF Image Totals
     17108        762        352        216          0          0   ROM Totals

==============================================================================

    Total RO  Size (Code + RO Data)                17460 (  17.05kB)
    Total RW  Size (RW Data + ZI Data)              4304 (   4.20kB)
    Total ROM Size (Code + RO Data + RW Data)      17676 (  17.26kB)

==============================================================================

