<html>
<body>
<pre>
<h1>µVision Build Log</h1>
<h2>Project:</h2>
C:\Users\zhujiang\Desktop\Nordic\nrf51822_prj\repeater\mdk\REPEATER.uvproj
Project File Date:  06/08/2015

<h2>Output:</h2>
Build target 'repeater'
compiling repeater_main.c...
linking...
Program Size: Code=1032 RO-data=224 RW-data=28 ZI-data=4196  
".\REPEATER.axf" - 0 Error(s), 0 Warning(s).

<h2>Software Packages used:</h2>

Package Vendor: ARM
                http://www.keil.com/pack/ARM.CMSIS.4.1.0.pack
                ARM::CMSIS:CORE:3.30.0
                CMSIS (Cortex Microcontroller Software Interface Standard)
   * Component: CORE Version: 3.30.0

Package Vendor: NordicSemiconductor
                http://developer.nordicsemi.com/nRF51_SDK/pieces/nRF_DeviceFamilyPack/NordicSemiconductor.nRF_DeviceFamilyPack.7.2.1.pack
                NordicSemiconductor::Device:Startup:7.2.1
                Nordic Semiconductor nRF ARM devices Device Family Pack.
   * Component: Startup Version: 7.2.1

Package Vendor: NordicSemiconductor
                http://developer.nordicsemi.com/nRF51_SDK/pieces/nRF_Drivers/NordicSemiconductor.nRF_Drivers.3.0.0.pack
                NordicSemiconductor::nRF_Drivers:nrf_error:default:3.0.0
                Drivers for Nordic Semiconductor nRF family.
   * Component: nrf_error Variant: default Version: 3.0.0

Package Vendor: NordicSemiconductor
                http://developer.nordicsemi.com/nRF51_SDK/pieces/nRF_Libraries/NordicSemiconductor.nRF_Libraries.3.0.0.pack
                NordicSemiconductor::nRF_Libraries:app_error:3.0.0
                Software modules for Nordic Semiconductor nRF family.
   * Component: app_error Version: 3.0.0

Package Vendor: NordicSemiconductor
                http://developer.nordicsemi.com/nRF51_SDK/pieces/nRF_SoftDevice_Common/NordicSemiconductor.nRF_SoftDevice_Common.1.1.3.pack
                NordicSemiconductor::nRF_SoftDevice:Internal:sd_common:default:1.1.3
                Common components for Nordic Semiconductor nRF family SoftDevices.
   * Component: sd_common Variant: default Version: 1.1.3
   * Component: softdevice_present Version: 1.1.3

Package Vendor: NordicSemiconductor
                http://developer.nordicsemi.com/nRF51_SDK/pieces/nRF_SoftDevice_S120/NordicSemiconductor.nRF_SoftDevice_S120.2.0.1.pack
                NordicSemiconductor::nRF_SoftDevice:s120:default:2.0.1
                Components for Bluetooth Low Energy (Bluetooth Smart) S120 SoftDevice for Nordic Semiconductor nRF family.
   * Component: s120 Variant: default Version: 2.0.1

<h2>Collection of Component include folders:</h2>
  C:\Users\zhujiang\Desktop\Nordic\nrf51822_prj\repeater\mdk\RTE
  C:\Users\zhujiang\Desktop\Nordic\nrf51822_prj\repeater\mdk\RTE\nRF_Libraries\nRF51422_xxAA
  C:\Keil_v5\ARM\PACK\ARM\CMSIS\4.1.0\CMSIS\Include
  C:\Keil_v5\ARM\PACK\NordicSemiconductor\nRF_DeviceFamilyPack\7.2.1\Device\Include
  C:\Keil_v5\ARM\PACK\NordicSemiconductor\nRF_Libraries\3.0.0\util
  C:\Keil_v5\ARM\PACK\NordicSemiconductor\nRF_SoftDevice_Common\1.1.3\softdevice_handler
  C:\Keil_v5\ARM\PACK\NordicSemiconductor\nRF_SoftDevice_S120\2.0.1\headers

<h2>Collection of Component Files used:</h2>

   * Component: ARM::CMSIS:CORE:3.30.0
      Source file:   CMSIS\UserCodeTemplates\ARM\ITM_Retarget.c

   * Component: NordicSemiconductor::Device:Startup:7.2.1
      Source file:   Device\Source\arm\arm_startup_nrf51.s
      Source file:   Device\Source\system_nrf51.c
      Include file:  Device\Include\system_nrf51.h

   * Component: NordicSemiconductor::nRF_Drivers:nrf_error:default:3.0.0

   * Component: NordicSemiconductor::nRF_Libraries:app_error:3.0.0
      Source file:   util\app_error.c
      Include file:  util\app_error.h

   * Component: NordicSemiconductor::nRF_SoftDevice:Internal:sd_common:default:1.1.3
      Source file:   softdevice_handler\softdevice_handler.c

   * Component: NordicSemiconductor::nRF_SoftDevice:Internal:softdevice_present:1.1.3

   * Component: NordicSemiconductor::nRF_SoftDevice:s120:default:2.0.1
      Include file:  headers\ble.h
      Include file:  headers\ble_gatt.h
      Include file:  headers\ble_hci.h
      Include file:  headers\ble_types.h
      Include file:  headers\nrf_error_soc.h
      Include file:  headers\nrf_soc.h
      Include file:  headers\ble_err.h
      Include file:  headers\ble_gattc.h
      Include file:  headers\ble_l2cap.h
      Include file:  headers\nrf_error.h
      Include file:  headers\nrf_mbr.h
      Include file:  headers\nrf_svc.h
      Include file:  headers\ble_gap.h
      Include file:  headers\ble_gatts.h
      Include file:  headers\ble_ranges.h
      Include file:  headers\nrf_error_sdm.h
      Include file:  headers\nrf_sdm.h
      Include file:  headers\softdevice_assert.h
      Include file:  headers\nrf_sd_def.h
</pre>
</body>
</html>
le_gatts.h
      Include file:  headers\ble_ranges.h
      Include file:  headers\nrf_error_sdm.h
      Include file:  headers\nrf_sdm.h
      Include file:  headers\softdevice_assert.h
      Include file:  headers\nrf_sd_def.h
